
===== daily_refresh 2026-07-30T20:04:21 =====

----- step: collect (C:\Users\jgallagher\wnba-betting-model\collect_refresh.py) -----

== Phase A: 2021 postseason ==
  pbp: 0 to fetch (17 already done)
  misc: 0 to fetch (17 already done)
  advanced: 0 to fetch (17 already done)

== Phase A2: 2021-2023 regular-season TEAM gamelogs ==
  2021: exists (192 games) — skip
  2022: exists (216 games) — skip
  2023: exists (240 games) — skip

== Phase B: 2023 misc-stats repair ==
  misc: 0 to fetch (260 already done)

== Phase C: 2025 full season ==
  pbp: 0 to fetch (202 already done)
  misc: 0 to fetch (310 already done)
  advanced: 0 to fetch (202 already done)

== Phase D: 2026 season to date ==
  pbp: 0 to fetch (209 already done)
  misc: 0 to fetch (209 already done)
  advanced: 0 to fetch (209 already done)

== Phase E: validation ==
{
  "2021_postseason_games": 17,
  "team_gamelog_2021_rs_games": 192,
  "team_gamelog_2022_rs_games": 216,
  "team_gamelog_2023_rs_games": 240,
  "2023_misc_games": 260,
  "2025_games_total": 310,
  "2025_games_new": 202,
  "2026_games_to_date": 209,
  "2023_misc_files": 260,
  "2023_misc_sample_nonzero_paint": "50/50",
  "pbp_files_total_new": 493,
  "pbp_schema_new_files": "v3 (camelCase; differs from data/playbyplay v2 files)",
  "permanent_failures": []
}

Done. Outputs in data/refresh_2026/. Commit and push:  git checkout -b data-refresh-2026 && git add data/refresh_2026 && git commit -m 'Data refresh: 2021 PS, 2023 misc repair, 2025 completion, 2026 to date' && git push -u origin data-refresh-2026
----- step collect: exit 0 in 26s -----

----- step: masters (C:\Users\jgallagher\wnba-betting-model\build_masters.py) -----
[1/8] player gamelogs ...
      28,212 rows, 1,489 games
[2/8] team gamelogs ...
      2,978 rows, 1,489 games
[3/8] per-game misc (snapshot of a live directory) ...
      33,563 rows, 1,489 games, 5,351 DNP rows
[4/8] per-game advanced ...
      33,563 rows, 1,489 games
[5/8] game identity index (team gl > player gl > shotcharts) ...
      1,489 games indexed
[6/8] master_player ...
      33,563 rows
[7/8] master_team ...
      2,978 rows
[8/8] validations + outputs ...

============================================================================
MASTER REBUILD SUMMARY
============================================================================
master_player rows: 2021-Pla:371  2021-Reg:4204  2022-Pla:514  2022-Reg:4747  2023-Pla:418  2023-Reg:5331  2024-Pla:517  2024-Reg:5360  2025-Pla:568  2025-Reg:6503  2026-Reg:5030
master_team rows:   2021-Pla:34  2021-Reg:384  2022-Pla:46  2022-Reg:432  2023-Pla:40  2023-Reg:480  2024-Pla:44  2024-Reg:480  2025-Pla:48  2025-Reg:572  2026-Reg:418
[1] box identity: 0 violations (2,978 checked)
[2] channel identity: 0 violations (2,978 checked)
[3] player-vs-team recon: 0 independent mismatches (2,978 real checks)
[4a] drive team diff: 0 unexplained / 2,132 compared rows; categories {}
[4b] drive paint diff: 0 mismatches / 1,636 non-2023 team-games; 2023 repaired: 480 team-games (mean |repair| 33.17)
[5] coverage: 0 season-kind shortfalls
DNP rows preserved: 5,351
runtime: 43.7s   outputs: data/masters/
============================================================================
STATUS: PASS
============================================================================
----- step masters: exit 0 in 45s -----

----- step: channel_base (C:\Users\jgallagher\wnba-betting-model\experiments\channel_reval\build_channel_base_v2.py) -----
rows: 2978 | games: 1489
box identity violations: 0 | negative np2: 0 (both must be 0)
player-summed paint vs master_team.points_paint mismatches: 0
opp mirror disagreements: 0
player_sum-derived team rows carried (2021-23 reg. seasons): 0 -- channel inputs identical to real team rows (see module docstring)
      ch_ft  ch_3pt  ch_paint  ch_np2
year                                 
2021   13.9    21.9      34.6    10.4
2022   14.2    23.1      35.3     9.6
2023   14.6    23.2      35.9     8.9
2024   14.0    23.2      35.9     8.5
2025   14.3    24.4      35.8     7.2
2026   16.7    25.6      38.9     5.9
^ sanity: paint ~34-36 and np2 ~7-10 every season; a season with paint ~0 means broken misc data
wrote C:\Users\jgallagher\wnba-betting-model\experiments\channel_reval\channel_base_v2.csv
----- step channel_base: exit 0 in 2s -----

----- step: certify (C:\Users\jgallagher\wnba-betting-model\daily_certify.py) -----
daily_certify - 2026-07-30T20:05:36-04:00
========================================================================

[PASS] duplicate game/player rows
    checked 27 gamelog files; duplicate rows: 0

[PASS] coverage by season (pbp/misc/advanced)
    season | games | pbp | misc | advanced
    -------|-------|-----|------|---------
    2021   |   209 | 209 |  209 |      209
    2022   |   239 | 239 |  239 |      239
    2023   |   260 | 260 |  260 |      260
    2024   |   262 | 262 |  262 |      262
    2025   |   310 | 310 |  310 |      310
    2026   |   209 | 209 |  209 |      209

[PASS] odds capture freshness
    newest snapshot: live_20260731T000006Z.json (2026-07-31T00:00:06+00:00)
    schedule expectation: hourly 10:00-23:00 local; expected-latest 2026-07-30T20:05-04:00
    lag vs expectation: 6 min

[PASS] injury capture freshness
    newest capture: raw/wnba_official_20260731T000006Z.pdf (2026-07-31T00:00:06+00:00)
    age: 6 min | game day today: True (threshold 3h; hard fail 26h)

[PASS] schema fingerprint drift
    37 dataset schemas match stored fingerprints

[PASS] possession reconciliation (recent-game sample)
    re-derived the 8 most recent games from raw pbp; 8 exact, 0 non-exact, 0 errored
    ok   1022600202 (2026): exact 97-101, 162 possessions
    ok   1022600203 (2026): exact 92-84, 156 possessions
    ok   1022600204 (2026): exact 100-93, 167 possessions
    ok   1022600205 (2026): exact 95-105, 159 possessions
    ok   1022600206 (2026): exact 98-83, 157 possessions
    ok   1022600207 (2026): exact 109-113, 171 possessions
    ok   1022600208 (2026): exact 81-82, 164 possessions
    ok   1022600209 (2026): exact 91-89, 152 possessions

[PASS] pbp score reconciliation (sampled+incremental)
    sample: 48 of 1489 games (newest 8 + rotating block 40) | eras {'v2': 26, 'v3': 22} | 48 exact, 0 non-exact, 0 errored

[PASS] odds stale-book detection
    scanned 10 live snapshots (live_20260730T150132Z.json .. live_20260731T000006Z.json); threshold 90 min on pregame events
    betmgm           sightings  45 | stale   0 | max lag      2 min
    betonlineag      sightings  60 | stale   0 | max lag      1 min
    betrivers        sightings  60 | stale   0 | max lag      1 min
    betus            sightings  50 | stale   0 | max lag      1 min
    bovada           sightings  54 | stale   0 | max lag      5 min
    draftkings       sightings  60 | stale   0 | max lag      1 min
    fanatics         sightings  60 | stale   0 | max lag      1 min
    fanduel          sightings  60 | stale   0 | max lag      0 min
    lowvig           sightings  60 | stale   0 | max lag      1 min
    mybookieag       sightings  30 | stale   0 | max lag      2 min
    williamhill_us   sightings  60 | stale   0 | max lag      7 min

[PASS] postponement / tip-time change detection
    scanned 10 live snapshots, 6 events; 0 commence_time change(s), 0 pregame vanish(es)

========================================================================
  PASS  duplicate game/player rows
  PASS  coverage by season (pbp/misc/advanced)
  PASS  odds capture freshness
  PASS  injury capture freshness
  PASS  schema fingerprint drift
  PASS  possession reconciliation (recent-game sample)
  PASS  pbp score reconciliation (sampled+incremental)
  PASS  odds stale-book detection
  PASS  postponement / tip-time change detection

SUMMARY: PASS  (0 fail, 0 warn, 9 pass/skip)
----- step certify: exit 0 in 11s -----
CHAIN GREEN
