2026-08-06T18:47:24+00:00 STOP-GUARD tripped: remaining=100.0 < 8000; exiting cleanly (resumable)
2026-08-06T19:06:59+00:00 STOP-GUARD tripped: remaining=100.0 < 8000; exiting cleanly (resumable)
2026-08-07T14:50:49+00:00 dense window puller start/resume: 0/23 events done
2026-08-07T14:50:50+00:00 NO MATCH for 1022400081::1629481; skipping (recorded as done to avoid retry loop)
2026-08-07T14:50:50+00:00 NO MATCH for 1022500038::1629483; skipping (recorded as done to avoid retry loop)
2026-08-07T14:50:51+00:00 NO MATCH for 1022500008::203825; skipping (recorded as done to avoid retry loop)
2026-08-07T14:50:51+00:00 NO MATCH for 1022600145::1642785; skipping (recorded as done to avoid retry loop)
2026-08-07T14:50:51+00:00 NO MATCH for 1022300045::204319; skipping (recorded as done to avoid retry loop)
2026-08-07T14:50:52+00:00 NO MATCH for 1022400087::1641652; skipping (recorded as done to avoid retry loop)
2026-08-07T14:50:52+00:00 NO MATCH for 1022400238::1629483; skipping (recorded as done to avoid retry loop)
2026-08-07T14:50:52+00:00 NO MATCH for 1042300304::203833; skipping (recorded as done to avoid retry loop)
2026-08-07T14:50:53+00:00 NO MATCH for 1022500032::1642286; skipping (recorded as done to avoid retry loop)
2026-08-07T14:50:53+00:00 NO MATCH for 1022400209::1628932; skipping (recorded as done to avoid retry loop)
2026-08-07T14:50:53+00:00 NO MATCH for 1022500120::1629481; skipping (recorded as done to avoid retry loop)
2026-08-07T14:50:54+00:00 NO MATCH for 1022400137::1627668; skipping (recorded as done to avoid retry loop)
2026-08-07T14:50:54+00:00 NO MATCH for 1022500038::203826; skipping (recorded as done to avoid retry loop)
2026-08-07T14:50:54+00:00 NO MATCH for 1022400198::204333; skipping (recorded as done to avoid retry loop)
2026-08-07T14:50:55+00:00 NO MATCH for 1022600061::1628276; skipping (recorded as done to avoid retry loop)
2026-08-07T14:50:55+00:00 NO MATCH for 1022400029::203827; skipping (recorded as done to avoid retry loop)
2026-08-07T14:50:55+00:00 NO MATCH for 1022600138::203826; skipping (recorded as done to avoid retry loop)
2026-08-07T14:50:56+00:00 NO MATCH for 1022400135::204333; skipping (recorded as done to avoid retry loop)
2026-08-07T14:50:56+00:00 NO MATCH for 1022400122::1629483; skipping (recorded as done to avoid retry loop)
2026-08-07T14:50:57+00:00 NO MATCH for 1022600132::1628276; skipping (recorded as done to avoid retry loop)
2026-08-07T14:50:57+00:00 NO MATCH for 1022500141::1642291; skipping (recorded as done to avoid retry loop)
2026-08-07T14:50:57+00:00 NO MATCH for 1022400088::204335; skipping (recorded as done to avoid retry loop)
2026-08-07T14:50:58+00:00 NO MATCH for 1022400210::1642291; skipping (recorded as done to avoid retry loop)
2026-08-07T14:50:58+00:00 dense window puller COMPLETE
2026-08-07T14:53:58+00:00 dense window puller start/resume: 0/23 events done
2026-08-07T14:54:48+00:00 event 1022400081::1629481 done (1/23); credits_spent_est=1470
2026-08-07T14:55:39+00:00 event 1022500038::1629483 done (2/23); credits_spent_est=2940
2026-08-07T14:56:30+00:00 event 1022500008::203825 done (3/23); credits_spent_est=4410
2026-08-07T14:57:26+00:00 event 1022600145::1642785 done (4/23); credits_spent_est=5880
2026-08-07T14:58:15+00:00 event 1022300045::204319 done (5/23); credits_spent_est=7350
2026-08-07T14:59:05+00:00 event 1022400087::1641652 done (6/23); credits_spent_est=8820
2026-08-07T14:59:55+00:00 event 1022400238::1629483 done (7/23); credits_spent_est=10290
2026-08-07T15:00:51+00:00 event 1042300304::203833 done (8/23); credits_spent_est=11760
2026-08-07T15:01:43+00:00 event 1022500032::1642286 done (9/23); credits_spent_est=13230
2026-08-07T15:02:34+00:00 event 1022400209::1628932 done (10/23); credits_spent_est=14700
2026-08-07T15:03:26+00:00 event 1022500120::1629481 done (11/23); credits_spent_est=16170
2026-08-07T15:04:16+00:00 event 1022400137::1627668 done (12/23); credits_spent_est=17640
2026-08-07T15:05:07+00:00 event 1022500038::203826 done (13/23); credits_spent_est=19110
2026-08-07T15:05:59+00:00 event 1022400198::204333 done (14/23); credits_spent_est=20580
2026-08-07T15:05:59+00:00 NO MATCH for 1022600061::1628276 (Los Angeles Sparks vs Connecticut Sun on 2026-05-30); skipping (recorded as done to avoid retry loop)
2026-08-07T15:06:49+00:00 event 1022400029::203827 done (16/23); credits_spent_est=22050
2026-08-07T15:07:43+00:00 event 1022600138::203826 done (17/23); credits_spent_est=23520
2026-08-07T15:08:34+00:00 event 1022400135::204333 done (18/23); credits_spent_est=24990
2026-08-07T15:08:35+00:00 NO MATCH for 1022400122::1629483 (Minnesota Lynx vs Washington Mystics on 2024-07-06); skipping (recorded as done to avoid retry loop)
2026-08-07T15:09:31+00:00 event 1022600132::1628276 done (20/23); credits_spent_est=26460
2026-08-07T15:10:23+00:00 event 1022500141::1642291 done (21/23); credits_spent_est=27930
2026-08-07T15:11:13+00:00 event 1022400088::204335 done (22/23); credits_spent_est=29400
2026-08-07T15:12:03+00:00 event 1022400210::1642291 done (23/23); credits_spent_est=30870
2026-08-07T15:12:03+00:00 dense window puller COMPLETE
