2026-08-06T18:03:29+00:00 backfill start/resume: 0 snapshots done, 0 game days known
2026-08-06T18:04:17+00:00 phase1 progress: 50 snapshots, 25 game days, remaining=17885.0
2026-08-06T18:05:08+00:00 phase1 progress: 100 snapshots, 50 game days, remaining=16385.0
2026-08-06T18:05:58+00:00 phase1 progress: 150 snapshots, 75 game days, remaining=14885.0
2026-08-06T18:06:49+00:00 phase1 progress: 200 snapshots, 100 game days, remaining=13385.0
2026-08-06T18:07:39+00:00 phase1 progress: 250 snapshots, 125 game days, remaining=11885.0
2026-08-06T18:08:29+00:00 phase1 progress: 300 snapshots, 150 game days, remaining=10385.0
2026-08-06T18:09:20+00:00 phase1 progress: 350 snapshots, 175 game days, remaining=8885.0
2026-08-06T18:10:09+00:00 phase1 progress: 400 snapshots, 200 game days, remaining=7385.0
2026-08-06T18:11:01+00:00 phase1 progress: 450 snapshots, 225 game days, remaining=5885.0
2026-08-06T18:11:52+00:00 phase1 progress: 500 snapshots, 250 game days, remaining=4385.0
2026-08-06T18:12:05+00:00 STOP-GUARD tripped: remaining=3995.0 < 4000; exiting cleanly (resumable)
2026-08-06T18:24:55+00:00 backfill start/resume: 500 snapshots done, 250 game days known
2026-08-06T18:25:45+00:00 phase1 progress: 550 snapshots, 275 game days, remaining=98500.0
2026-08-06T18:26:37+00:00 phase1 progress: 600 snapshots, 300 game days, remaining=97000.0
2026-08-06T18:27:29+00:00 phase1 progress: 650 snapshots, 325 game days, remaining=95500.0
2026-08-06T18:28:21+00:00 phase1 progress: 700 snapshots, 350 game days, remaining=94000.0
2026-08-06T18:29:11+00:00 phase1 progress: 750 snapshots, 375 game days, remaining=92500.0
2026-08-06T18:30:03+00:00 phase1 progress: 800 snapshots, 400 game days, remaining=91000.0
2026-08-06T18:30:57+00:00 phase1 progress: 850 snapshots, 425 game days, remaining=89500.0
2026-08-06T18:31:46+00:00 phase1 progress: 900 snapshots, 450 game days, remaining=88000.0
2026-08-06T18:32:37+00:00 phase1 progress: 950 snapshots, 475 game days, remaining=86500.0
2026-08-06T18:33:29+00:00 phase1 progress: 1000 snapshots, 500 game days, remaining=85000.0
2026-08-06T18:34:21+00:00 phase1 progress: 1050 snapshots, 525 game days, remaining=83500.0
2026-08-06T18:35:13+00:00 phase1 progress: 1100 snapshots, 550 game days, remaining=82000.0
2026-08-06T18:36:06+00:00 phase1 progress: 1150 snapshots, 575 game days, remaining=80500.0
2026-08-06T18:36:57+00:00 phase1 progress: 1200 snapshots, 600 game days, remaining=79000.0
2026-08-06T18:37:48+00:00 phase1 progress: 1250 snapshots, 625 game days, remaining=77500.0
2026-08-06T18:38:42+00:00 phase1 progress: 1300 snapshots, 650 game days, remaining=76000.0
2026-08-06T18:39:38+00:00 phase1 progress: 1350 snapshots, 675 game days, remaining=74500.0
2026-08-06T18:40:35+00:00 phase1 progress: 1400 snapshots, 700 game days, remaining=73000.0
2026-08-06T18:40:38+00:00 phase 1 COMPLETE: 701 game days with data
2026-08-06T19:08:48+00:00 phase2 progress: 20/701 game days, remaining=1000000000.0
2026-08-06T19:20:40+00:00 backfill start/resume: 1402 snapshots done, 701 game days known
2026-08-06T19:20:40+00:00 phase 1 COMPLETE: 701 game days with data
2026-08-06T19:21:12+00:00 phase2 progress: 40/701 game days, remaining=72858.0
2026-08-06T19:21:46+00:00 phase2 progress: 60/701 game days, remaining=72838.0
2026-08-06T19:22:21+00:00 phase2 progress: 80/701 game days, remaining=72818.0
2026-08-06T19:22:58+00:00 phase2 progress: 100/701 game days, remaining=72798.0
2026-08-06T19:23:26+00:00 phase2 progress: 120/701 game days, remaining=72778.0
2026-08-06T19:24:00+00:00 phase2 progress: 140/701 game days, remaining=72648.0
2026-08-06T19:24:41+00:00 phase2 progress: 160/701 game days, remaining=72408.0
2026-08-06T19:25:19+00:00 phase2 progress: 180/701 game days, remaining=72178.0
2026-08-06T19:25:55+00:00 phase2 progress: 200/701 game days, remaining=71988.0
2026-08-06T19:26:30+00:00 phase2 progress: 220/701 game days, remaining=71778.0
2026-08-06T19:27:08+00:00 phase2 progress: 240/701 game days, remaining=71498.0
2026-08-06T19:27:53+00:00 phase2 progress: 260/701 game days, remaining=71148.0
2026-08-06T19:28:20+00:00 phase2 progress: 280/701 game days, remaining=70938.0
2026-08-06T19:29:04+00:00 phase2 progress: 300/701 game days, remaining=70628.0
2026-08-06T19:29:52+00:00 phase2 progress: 320/701 game days, remaining=70268.0
2026-08-06T19:30:42+00:00 phase2 progress: 340/701 game days, remaining=69928.0
2026-08-06T19:31:16+00:00 phase2 progress: 360/701 game days, remaining=69808.0
2026-08-06T19:31:52+00:00 phase2 progress: 380/701 game days, remaining=69708.0
2026-08-06T19:32:39+00:00 phase2 progress: 400/701 game days, remaining=69348.0
2026-08-06T19:33:27+00:00 phase2 progress: 420/701 game days, remaining=68978.0
2026-08-06T19:34:06+00:00 phase2 progress: 440/701 game days, remaining=68638.0
2026-08-06T19:34:38+00:00 phase2 progress: 460/701 game days, remaining=68448.0
2026-08-06T19:35:27+00:00 phase2 progress: 480/701 game days, remaining=68048.0
2026-08-06T19:36:16+00:00 phase2 progress: 500/701 game days, remaining=67648.0
2026-08-06T19:37:03+00:00 phase2 progress: 520/701 game days, remaining=67248.0
2026-08-06T19:37:50+00:00 phase2 progress: 540/701 game days, remaining=66878.0
2026-08-06T19:38:40+00:00 phase2 progress: 560/701 game days, remaining=66478.0
2026-08-06T19:39:30+00:00 phase2 progress: 580/701 game days, remaining=66068.0
2026-08-06T19:40:12+00:00 phase2 progress: 600/701 game days, remaining=65718.0
2026-08-06T19:40:50+00:00 phase2 progress: 620/701 game days, remaining=65508.0
2026-08-06T19:41:42+00:00 phase2 progress: 640/701 game days, remaining=65088.0
2026-08-06T19:42:35+00:00 phase2 progress: 660/701 game days, remaining=64668.0
2026-08-06T19:43:28+00:00 phase2 progress: 680/701 game days, remaining=64248.0
2026-08-06T19:44:22+00:00 phase2 progress: 700/701 game days, remaining=63888.0
2026-08-06T19:44:24+00:00 phase 2 COMPLETE - backfill finished
