==== Sun 08/09/2026  0:00:04.13 ==== 
[gate] 2026-08-09T04:00:05.374085+00:00  fire=False  -- no unserved obligation inside its 20-minute lead window (4 upcoming game(s) examined); 4 slate game(s) have no official game_id and were served under a provisional id: WAS v PHX (2026-08-09) -> PROV-2026-08-09-PHX@WAS, LAS v GSV (2026-08-09) -> PROV-2026-08-09-GSV@LAS, NYL v LVA (2026-08-09) -> PROV-2026-08-09-LVA@NYL, MIN v DAL (2026-08-09) -> PROV-2026-08-09-DAL@MIN
       WAS v PHX      T-8h    unserved cutoff 2026-08-09T11:00:00 (+420 min) 
       LAS v GSV      T-24h   unserved cutoff 2026-08-08T23:00:00 (-300 min) 
       NYL v LVA      T-8h    unserved cutoff 2026-08-09T08:40:00 (+280 min) 
       MIN v DAL      T-8h    unserved cutoff 2026-08-09T11:30:00 (+450 min) 
[gate] skipping the base job
[base] skipped - no unserved obligation in its lead window 
[base] exit=0 
================================================================================================
PROSPECTIVE PAIR RUNNER  2026-08-09T04:00:06.931170+00:00  model=ridge_score_level_w2c1_v1 hash=5d295bb8b99cd34e
================================================================================================
base records in official chain: 64
  late_prevented #0 ATL v SEA @ T-8h                cutoff 2026-07-31T15:35:00+00:00 already passed at 2026-08-0
  late_prevented #1 WAS v DAL @ T-8h                cutoff 2026-07-31T15:35:00+00:00 already passed at 2026-08-0
  late_prevented #2 PDX v IND @ T-8h                cutoff 2026-07-31T18:06:00+00:00 already passed at 2026-08-0
  late_prevented #3 ATL v SEA @ T-30m               cutoff 2026-07-31T23:05:00+00:00 already passed at 2026-08-0
  late_prevented #4 WAS v DAL @ T-30m               cutoff 2026-07-31T23:05:00+00:00 already passed at 2026-08-0
  late_prevented #5 PDX v IND @ T-90m               cutoff 2026-08-01T00:36:00+00:00 already passed at 2026-08-0
  late_prevented #6 CHI v LVA @ T-90m               cutoff 2026-08-01T15:35:00+00:00 already passed at 2026-08-0
  late_prevented #7 PHX v NYL @ T-90m               cutoff 2026-08-01T17:34:00+00:00 already passed at 2026-08-0
  skip           #8 CHI v LVA @ unknown-tip         base record is an explicit no-forecast; nothing to pair
  skip           #9 PHX v NYL @ unknown-tip         base record is an explicit no-forecast; nothing to pair
  late_prevented #10 NYL v SEA @ T-8h               cutoff 2026-08-03T15:04:00+00:00 already passed at 2026-08-0
  late_prevented #11 ATL v LVA @ T-8h               cutoff 2026-08-03T15:14:00+00:00 already passed at 2026-08-0
  late_prevented #12 CHI v PHX @ T-8h               cutoff 2026-08-03T17:08:00+00:00 already passed at 2026-08-0
  already_logged #13 NYL v SEA @ T-90m              idempotent: pair exists
  already_logged #14 ATL v LVA @ T-90m              idempotent: pair exists
  already_logged #15 CHI v PHX @ T-90m              idempotent: pair exists
  already_logged #16 NYL v SEA @ T-90m              idempotent: pair exists
  already_logged #17 ATL v LVA @ T-90m              idempotent: pair exists
  already_logged #18 CHI v PHX @ T-90m              idempotent: pair exists
  late_prevented #19 NYL v SEA @ T-30m              cutoff 2026-08-03T22:34:00+00:00 already passed at 2026-08-0
  late_prevented #20 ATL v LVA @ T-30m              cutoff 2026-08-03T22:44:00+00:00 already passed at 2026-08-0
  already_logged #21 CHI v PHX @ T-90m              idempotent: pair exists
  already_logged #22 GSV v TOR @ T-8h               idempotent: pair exists
  already_logged #23 GSV v TOR @ T-90m              idempotent: pair exists
  already_logged #24 GSV v TOR @ T-30m              idempotent: pair exists
  already_logged #25 ATL v PHX @ T-8h               idempotent: pair exists
  already_logged #26 NYL v SEA @ T-8h               idempotent: pair exists
  already_logged #27 WAS v DAL @ T-8h               idempotent: pair exists
  already_logged #28 CHI v LAS @ T-8h               idempotent: pair exists
  already_logged #29 ATL v PHX @ T-90m              idempotent: pair exists
  already_logged #30 NYL v SEA @ T-90m              idempotent: pair exists
  already_logged #31 WAS v DAL @ T-90m              idempotent: pair exists
  already_logged #32 CHI v LAS @ T-90m              idempotent: pair exists
  late_prevented #33 ATL v PHX @ T-30m              cutoff 2026-08-05T22:33:00+00:00 already passed at 2026-08-0
  late_prevented #34 NYL v SEA @ T-30m              cutoff 2026-08-05T22:38:00+00:00 already passed at 2026-08-0
  already_logged #35 WAS v DAL @ T-30m              idempotent: pair exists
  already_logged #36 CHI v LAS @ T-90m              idempotent: pair exists
  already_logged #37 IND v LVA @ T-8h               idempotent: pair exists
  already_logged #38 MIN v LAS @ T-8h               idempotent: pair exists
  already_logged #39 PDX v TOR @ T-8h               idempotent: pair exists
  already_logged #40 IND v LVA @ T-90m              idempotent: pair exists
  already_logged #41 MIN v LAS @ T-90m              idempotent: pair exists
  already_logged #42 PDX v TOR @ T-90m              idempotent: pair exists
  late_prevented #43 IND v LVA @ T-30m              cutoff 2026-08-06T22:36:00+00:00 already passed at 2026-08-0
  already_logged #44 PDX v TOR @ T-30m              idempotent: pair exists
  already_logged #45 CON v PHX @ T-8h               idempotent: pair exists
  already_logged #46 WAS v ATL @ T-8h               idempotent: pair exists
  already_logged #47 DAL v GSV @ T-8h               idempotent: pair exists
  already_logged #48 CON v PHX @ T-90m              idempotent: pair exists
  already_logged #49 WAS v ATL @ T-90m              idempotent: pair exists
  already_logged #50 DAL v GSV @ T-90m              idempotent: pair exists
  already_logged #51 CON v PHX @ T-30m              idempotent: pair exists
  already_logged #52 WAS v ATL @ T-30m              idempotent: pair exists
  already_logged #53 DAL v GSV @ T-30m              idempotent: pair exists
  already_logged #54 MIN v LVA @ T-8h               idempotent: pair exists
  already_logged #55 CHI v IND @ T-8h               idempotent: pair exists
  already_logged #56 PDX v SEA @ T-8h               idempotent: pair exists
  already_logged #57 MIN v LVA @ T-90m              idempotent: pair exists
  late_prevented #58 CHI v IND @ T-8h               cutoff 2026-08-08T11:35:00+00:00 already passed at 2026-08-0
  already_logged #59 PDX v SEA @ T-8h               idempotent: pair exists
  already_logged #60 PDX v SEA @ T-90m              idempotent: pair exists
  skip           #61 CHI v IND @ unknown-tip        base record is an explicit no-forecast; nothing to pair
  skip           #62 MIN v LVA @ unknown-tip        base record is an explicit no-forecast; nothing to pair
  already_logged #63 PDX v SEA @ T-30m              idempotent: pair exists

  already_logged=43, late_prevented=17, skip=4
  arm chain: ok=True n=38 tip=bd1b29312ba51888
  receipt appended to prospective_pair_runs.jsonl
[arm] exit=0 
====================================================================================================
FORECAST COVERAGE AUDIT   generated 2026-08-09T04:00:08.542171+00:00
====================================================================================================

CUMULATIVE by classification
  forecast_logged              48
  missing_job_did_not_run      43
  before_period_start          15
  not_yet_due                  12
  missing_data_unavailable     9
  late_record                  5

  obligations 132 | due 105 | served 48 | coverage 45.7%
  operational misses 43 | unexplained 0
  PROMOTION-GRADE: NO   (needs >= 95% served, <= 0 operational misses, all explained)

DAILY
  date         oblig  served     due     excl    opmiss arm_recs
  2026-07-30      12       0       0       12         0        0
  2026-07-31      12       6       9        3         0        0
  2026-08-01       8       2       8        0         6        0
  2026-08-02      16       0      16        0        16        0
  2026-08-03      12       6      12        0         3        3
  2026-08-04       4       3       4        0         1        3
  2026-08-05      16       9      16        0         4        9
  2026-08-06      12       7      12        0         3        7
  2026-08-07      12       9      12        0         3        9
  2026-08-08      12       6      12        0         3        4
  2026-08-09      16       0       4       12         4        0

EVERY MISSING OR IRREGULAR OBLIGATION (each must carry an explanation)
  2026-07-31 ATL v SEA T-90m   missing_data_unavailable   job served 1 other game(s) on 2026-07-31 at T-90m
  2026-07-31 WAS v DAL T-90m   missing_data_unavailable   job served 1 other game(s) on 2026-07-31 at T-90m
  2026-07-31 PDX v IND T-30m   missing_data_unavailable   job served 2 other game(s) on 2026-07-31 at T-30m
  2026-08-01 CHI v LVA T-24h   missing_job_did_not_run    no base record for ANY game on 2026-08-01 at T-24h
  2026-08-01 CHI v LVA T-8h    missing_job_did_not_run    no base record for ANY game on 2026-08-01 at T-8h
  2026-08-01 CHI v LVA T-30m   missing_job_did_not_run    no base record for ANY game on 2026-08-01 at T-30m
  2026-08-01 PHX v NYL T-24h   missing_job_did_not_run    no base record for ANY game on 2026-08-01 at T-24h
  2026-08-01 PHX v NYL T-8h    missing_job_did_not_run    no base record for ANY game on 2026-08-01 at T-8h
  2026-08-01 PHX v NYL T-30m   missing_job_did_not_run    no base record for ANY game on 2026-08-01 at T-30m
  2026-08-02 DAL v CON T-24h   missing_job_did_not_run    no base record for ANY game on 2026-08-02 at T-24h
  2026-08-02 DAL v CON T-8h    missing_job_did_not_run    no base record for ANY game on 2026-08-02 at T-8h
  2026-08-02 DAL v CON T-90m   missing_job_did_not_run    no base record for ANY game on 2026-08-02 at T-90m
  2026-08-02 DAL v CON T-30m   missing_job_did_not_run    no base record for ANY game on 2026-08-02 at T-30m
  2026-08-02 GSV v TOR T-24h   missing_job_did_not_run    no base record for ANY game on 2026-08-02 at T-24h
  2026-08-02 GSV v TOR T-8h    missing_job_did_not_run    no base record for ANY game on 2026-08-02 at T-8h
  2026-08-02 GSV v TOR T-90m   missing_job_did_not_run    no base record for ANY game on 2026-08-02 at T-90m
  2026-08-02 GSV v TOR T-30m   missing_job_did_not_run    no base record for ANY game on 2026-08-02 at T-30m
  2026-08-02 MIN v IND T-24h   missing_job_did_not_run    no base record for ANY game on 2026-08-02 at T-24h
  2026-08-02 MIN v IND T-8h    missing_job_did_not_run    no base record for ANY game on 2026-08-02 at T-8h
  2026-08-02 MIN v IND T-90m   missing_job_did_not_run    no base record for ANY game on 2026-08-02 at T-90m
  2026-08-02 MIN v IND T-30m   missing_job_did_not_run    no base record for ANY game on 2026-08-02 at T-30m
  2026-08-02 PDX v LAS T-24h   missing_job_did_not_run    no base record for ANY game on 2026-08-02 at T-24h
  2026-08-02 PDX v LAS T-8h    missing_job_did_not_run    no base record for ANY game on 2026-08-02 at T-8h
  2026-08-02 PDX v LAS T-90m   missing_job_did_not_run    no base record for ANY game on 2026-08-02 at T-90m
  2026-08-02 PDX v LAS T-30m   missing_job_did_not_run    no base record for ANY game on 2026-08-02 at T-30m
  2026-08-03 NYL v SEA T-24h   missing_job_did_not_run    no base record for ANY game on 2026-08-03 at T-24h
  2026-08-03 NYL v SEA T-30m   late_record                created 2026-08-03T22:45:08.958486+00:00 after cutoff
  2026-08-03 ATL v LVA T-24h   missing_job_did_not_run    no base record for ANY game on 2026-08-03 at T-24h
  2026-08-03 ATL v LVA T-30m   late_record                created 2026-08-03T22:45:08.976775+00:00 after cutoff
  2026-08-03 CHI v PHX T-24h   missing_job_did_not_run    no base record for ANY game on 2026-08-03 at T-24h
  2026-08-03 CHI v PHX T-30m   missing_data_unavailable   job served 2 other game(s) on 2026-08-03 at T-30m
  2026-08-04 GSV v TOR T-24h   missing_job_did_not_run    no base record for ANY game on 2026-08-04 at T-24h
  2026-08-05 WAS v DAL T-24h   missing_job_did_not_run    no base record for ANY game on 2026-08-05 at T-24h
  2026-08-05 NYL v SEA T-24h   missing_job_did_not_run    no base record for ANY game on 2026-08-05 at T-24h
  2026-08-05 NYL v SEA T-30m   late_record                created 2026-08-05T22:45:07.299457+00:00 after cutoff
  2026-08-05 ATL v PHX T-24h   missing_job_did_not_run    no base record for ANY game on 2026-08-05 at T-24h
  2026-08-05 ATL v PHX T-30m   late_record                created 2026-08-05T22:45:07.274521+00:00 after cutoff
  2026-08-05 CHI v LAS T-24h   missing_job_did_not_run    no base record for ANY game on 2026-08-05 at T-24h
  2026-08-05 CHI v LAS T-30m   missing_data_unavailable   job served 3 other game(s) on 2026-08-05 at T-30m
  2026-08-06 IND v LVA T-24h   missing_job_did_not_run    no base record for ANY game on 2026-08-06 at T-24h
  2026-08-06 IND v LVA T-30m   late_record                created 2026-08-06T22:45:09.382682+00:00 after cutoff
  2026-08-06 PDX v TOR T-24h   missing_job_did_not_run    no base record for ANY game on 2026-08-06 at T-24h
  2026-08-06 MIN v LAS T-24h   missing_job_did_not_run    no base record for ANY game on 2026-08-06 at T-24h
  2026-08-06 MIN v LAS T-30m   missing_data_unavailable   job served 2 other game(s) on 2026-08-06 at T-30m
  2026-08-07 WAS v ATL T-24h   missing_job_did_not_run    no base record for ANY game on 2026-08-07 at T-24h
  2026-08-07 CON v PHX T-24h   missing_job_did_not_run    no base record for ANY game on 2026-08-07 at T-24h
  2026-08-07 DAL v GSV T-24h   missing_job_did_not_run    no base record for ANY game on 2026-08-07 at T-24h
  2026-08-08 CHI v IND T-24h   missing_job_did_not_run    no base record for ANY game on 2026-08-08 at T-24h
  2026-08-08 CHI v IND T-90m   missing_data_unavailable   job served 2 other game(s) on 2026-08-08 at T-90m
  2026-08-08 CHI v IND T-30m   missing_data_unavailable   job served 1 other game(s) on 2026-08-08 at T-30m
  2026-08-08 MIN v LVA T-24h   missing_job_did_not_run    no base record for ANY game on 2026-08-08 at T-24h
  2026-08-08 MIN v LVA T-30m   missing_data_unavailable   job served 1 other game(s) on 2026-08-08 at T-30m
  2026-08-08 PDX v SEA T-24h   missing_job_did_not_run    no base record for ANY game on 2026-08-08 at T-24h
  2026-08-09 WAS v PHX T-24h   missing_job_did_not_run    no base record for ANY game on 2026-08-09 at T-24h
  2026-08-09 LAS v GSV T-24h   missing_job_did_not_run    no base record for ANY game on 2026-08-09 at T-24h
  2026-08-09 NYL v LVA T-24h   missing_job_did_not_run    no base record for ANY game on 2026-08-09 at T-24h
  2026-08-09 MIN v DAL T-24h   missing_job_did_not_run    no base record for ANY game on 2026-08-09 at T-24h

wrote forecasts/coverage_audit.csv and forecasts/coverage_receipt.json
[audit] exit=0 
==== Sun 08/09/2026  0:15:03.33 ==== 
[gate] 2026-08-09T04:15:04.424771+00:00  fire=False  -- no unserved obligation inside its 20-minute lead window (4 upcoming game(s) examined); 4 slate game(s) have no official game_id and were served under a provisional id: WAS v PHX (2026-08-09) -> PROV-2026-08-09-PHX@WAS, LAS v GSV (2026-08-09) -> PROV-2026-08-09-GSV@LAS, NYL v LVA (2026-08-09) -> PROV-2026-08-09-LVA@NYL, MIN v DAL (2026-08-09) -> PROV-2026-08-09-DAL@MIN
       WAS v PHX      T-8h    unserved cutoff 2026-08-09T11:00:00 (+405 min) 
       LAS v GSV      T-24h   unserved cutoff 2026-08-08T23:00:00 (-315 min) 
       NYL v LVA      T-8h    unserved cutoff 2026-08-09T08:40:00 (+265 min) 
       MIN v DAL      T-8h    unserved cutoff 2026-08-09T11:30:00 (+435 min) 
[gate] skipping the base job
[base] skipped - no unserved obligation in its lead window 
[base] exit=0 
================================================================================================
PROSPECTIVE PAIR RUNNER  2026-08-09T04:15:05.823905+00:00  model=ridge_score_level_w2c1_v1 hash=5d295bb8b99cd34e
================================================================================================
base records in official chain: 64
  late_prevented #0 ATL v SEA @ T-8h                cutoff 2026-07-31T15:35:00+00:00 already passed at 2026-08-0
  late_prevented #1 WAS v DAL @ T-8h                cutoff 2026-07-31T15:35:00+00:00 already passed at 2026-08-0
  late_prevented #2 PDX v IND @ T-8h                cutoff 2026-07-31T18:06:00+00:00 already passed at 2026-08-0
  late_prevented #3 ATL v SEA @ T-30m               cutoff 2026-07-31T23:05:00+00:00 already passed at 2026-08-0
  late_prevented #4 WAS v DAL @ T-30m               cutoff 2026-07-31T23:05:00+00:00 already passed at 2026-08-0
  late_prevented #5 PDX v IND @ T-90m               cutoff 2026-08-01T00:36:00+00:00 already passed at 2026-08-0
  late_prevented #6 CHI v LVA @ T-90m               cutoff 2026-08-01T15:35:00+00:00 already passed at 2026-08-0
  late_prevented #7 PHX v NYL @ T-90m               cutoff 2026-08-01T17:34:00+00:00 already passed at 2026-08-0
  skip           #8 CHI v LVA @ unknown-tip         base record is an explicit no-forecast; nothing to pair
  skip           #9 PHX v NYL @ unknown-tip         base record is an explicit no-forecast; nothing to pair
  late_prevented #10 NYL v SEA @ T-8h               cutoff 2026-08-03T15:04:00+00:00 already passed at 2026-08-0
  late_prevented #11 ATL v LVA @ T-8h               cutoff 2026-08-03T15:14:00+00:00 already passed at 2026-08-0
  late_prevented #12 CHI v PHX @ T-8h               cutoff 2026-08-03T17:08:00+00:00 already passed at 2026-08-0
  already_logged #13 NYL v SEA @ T-90m              idempotent: pair exists
  already_logged #14 ATL v LVA @ T-90m              idempotent: pair exists
  already_logged #15 CHI v PHX @ T-90m              idempotent: pair exists
  already_logged #16 NYL v SEA @ T-90m              idempotent: pair exists
  already_logged #17 ATL v LVA @ T-90m              idempotent: pair exists
  already_logged #18 CHI v PHX @ T-90m              idempotent: pair exists
  late_prevented #19 NYL v SEA @ T-30m              cutoff 2026-08-03T22:34:00+00:00 already passed at 2026-08-0
  late_prevented #20 ATL v LVA @ T-30m              cutoff 2026-08-03T22:44:00+00:00 already passed at 2026-08-0
  already_logged #21 CHI v PHX @ T-90m              idempotent: pair exists
  already_logged #22 GSV v TOR @ T-8h               idempotent: pair exists
  already_logged #23 GSV v TOR @ T-90m              idempotent: pair exists
  already_logged #24 GSV v TOR @ T-30m              idempotent: pair exists
  already_logged #25 ATL v PHX @ T-8h               idempotent: pair exists
  already_logged #26 NYL v SEA @ T-8h               idempotent: pair exists
  already_logged #27 WAS v DAL @ T-8h               idempotent: pair exists
  already_logged #28 CHI v LAS @ T-8h               idempotent: pair exists
  already_logged #29 ATL v PHX @ T-90m              idempotent: pair exists
  already_logged #30 NYL v SEA @ T-90m              idempotent: pair exists
  already_logged #31 WAS v DAL @ T-90m              idempotent: pair exists
  already_logged #32 CHI v LAS @ T-90m              idempotent: pair exists
  late_prevented #33 ATL v PHX @ T-30m              cutoff 2026-08-05T22:33:00+00:00 already passed at 2026-08-0
  late_prevented #34 NYL v SEA @ T-30m              cutoff 2026-08-05T22:38:00+00:00 already passed at 2026-08-0
  already_logged #35 WAS v DAL @ T-30m              idempotent: pair exists
  already_logged #36 CHI v LAS @ T-90m              idempotent: pair exists
  already_logged #37 IND v LVA @ T-8h               idempotent: pair exists
  already_logged #38 MIN v LAS @ T-8h               idempotent: pair exists
  already_logged #39 PDX v TOR @ T-8h               idempotent: pair exists
  already_logged #40 IND v LVA @ T-90m              idempotent: pair exists
  already_logged #41 MIN v LAS @ T-90m              idempotent: pair exists
  already_logged #42 PDX v TOR @ T-90m              idempotent: pair exists
  late_prevented #43 IND v LVA @ T-30m              cutoff 2026-08-06T22:36:00+00:00 already passed at 2026-08-0
  already_logged #44 PDX v TOR @ T-30m              idempotent: pair exists
  already_logged #45 CON v PHX @ T-8h               idempotent: pair exists
  already_logged #46 WAS v ATL @ T-8h               idempotent: pair exists
  already_logged #47 DAL v GSV @ T-8h               idempotent: pair exists
  already_logged #48 CON v PHX @ T-90m              idempotent: pair exists
  already_logged #49 WAS v ATL @ T-90m              idempotent: pair exists
  already_logged #50 DAL v GSV @ T-90m              idempotent: pair exists
  already_logged #51 CON v PHX @ T-30m              idempotent: pair exists
  already_logged #52 WAS v ATL @ T-30m              idempotent: pair exists
  already_logged #53 DAL v GSV @ T-30m              idempotent: pair exists
  already_logged #54 MIN v LVA @ T-8h               idempotent: pair exists
  already_logged #55 CHI v IND @ T-8h               idempotent: pair exists
  already_logged #56 PDX v SEA @ T-8h               idempotent: pair exists
  already_logged #57 MIN v LVA @ T-90m              idempotent: pair exists
  late_prevented #58 CHI v IND @ T-8h               cutoff 2026-08-08T11:35:00+00:00 already passed at 2026-08-0
  already_logged #59 PDX v SEA @ T-8h               idempotent: pair exists
  already_logged #60 PDX v SEA @ T-90m              idempotent: pair exists
  skip           #61 CHI v IND @ unknown-tip        base record is an explicit no-forecast; nothing to pair
  skip           #62 MIN v LVA @ unknown-tip        base record is an explicit no-forecast; nothing to pair
  already_logged #63 PDX v SEA @ T-30m              idempotent: pair exists

  already_logged=43, late_prevented=17, skip=4
  arm chain: ok=True n=38 tip=bd1b29312ba51888
  receipt appended to prospective_pair_runs.jsonl
[arm] exit=0 
====================================================================================================
FORECAST COVERAGE AUDIT   generated 2026-08-09T04:15:07.373994+00:00
====================================================================================================

CUMULATIVE by classification
  forecast_logged              48
  missing_job_did_not_run      43
  before_period_start          15
  not_yet_due                  12
  missing_data_unavailable     9
  late_record                  5

  obligations 132 | due 105 | served 48 | coverage 45.7%
  operational misses 43 | unexplained 0
  PROMOTION-GRADE: NO   (needs >= 95% served, <= 0 operational misses, all explained)

DAILY
  date         oblig  served     due     excl    opmiss arm_recs
  2026-07-30      12       0       0       12         0        0
  2026-07-31      12       6       9        3         0        0
  2026-08-01       8       2       8        0         6        0
  2026-08-02      16       0      16        0        16        0
  2026-08-03      12       6      12        0         3        3
  2026-08-04       4       3       4        0         1        3
  2026-08-05      16       9      16        0         4        9
  2026-08-06      12       7      12        0         3        7
  2026-08-07      12       9      12        0         3        9
  2026-08-08      12       6      12        0         3        4
  2026-08-09      16       0       4       12         4        0

EVERY MISSING OR IRREGULAR OBLIGATION (each must carry an explanation)
  2026-07-31 ATL v SEA T-90m   missing_data_unavailable   job served 1 other game(s) on 2026-07-31 at T-90m
  2026-07-31 WAS v DAL T-90m   missing_data_unavailable   job served 1 other game(s) on 2026-07-31 at T-90m
  2026-07-31 PDX v IND T-30m   missing_data_unavailable   job served 2 other game(s) on 2026-07-31 at T-30m
  2026-08-01 CHI v LVA T-24h   missing_job_did_not_run    no base record for ANY game on 2026-08-01 at T-24h
  2026-08-01 CHI v LVA T-8h    missing_job_did_not_run    no base record for ANY game on 2026-08-01 at T-8h
  2026-08-01 CHI v LVA T-30m   missing_job_did_not_run    no base record for ANY game on 2026-08-01 at T-30m
  2026-08-01 PHX v NYL T-24h   missing_job_did_not_run    no base record for ANY game on 2026-08-01 at T-24h
  2026-08-01 PHX v NYL T-8h    missing_job_did_not_run    no base record for ANY game on 2026-08-01 at T-8h
  2026-08-01 PHX v NYL T-30m   missing_job_did_not_run    no base record for ANY game on 2026-08-01 at T-30m
  2026-08-02 DAL v CON T-24h   missing_job_did_not_run    no base record for ANY game on 2026-08-02 at T-24h
  2026-08-02 DAL v CON T-8h    missing_job_did_not_run    no base record for ANY game on 2026-08-02 at T-8h
  2026-08-02 DAL v CON T-90m   missing_job_did_not_run    no base record for ANY game on 2026-08-02 at T-90m
  2026-08-02 DAL v CON T-30m   missing_job_did_not_run    no base record for ANY game on 2026-08-02 at T-30m
  2026-08-02 GSV v TOR T-24h   missing_job_did_not_run    no base record for ANY game on 2026-08-02 at T-24h
  2026-08-02 GSV v TOR T-8h    missing_job_did_not_run    no base record for ANY game on 2026-08-02 at T-8h
  2026-08-02 GSV v TOR T-90m   missing_job_did_not_run    no base record for ANY game on 2026-08-02 at T-90m
  2026-08-02 GSV v TOR T-30m   missing_job_did_not_run    no base record for ANY game on 2026-08-02 at T-30m
  2026-08-02 MIN v IND T-24h   missing_job_did_not_run    no base record for ANY game on 2026-08-02 at T-24h
  2026-08-02 MIN v IND T-8h    missing_job_did_not_run    no base record for ANY game on 2026-08-02 at T-8h
  2026-08-02 MIN v IND T-90m   missing_job_did_not_run    no base record for ANY game on 2026-08-02 at T-90m
  2026-08-02 MIN v IND T-30m   missing_job_did_not_run    no base record for ANY game on 2026-08-02 at T-30m
  2026-08-02 PDX v LAS T-24h   missing_job_did_not_run    no base record for ANY game on 2026-08-02 at T-24h
  2026-08-02 PDX v LAS T-8h    missing_job_did_not_run    no base record for ANY game on 2026-08-02 at T-8h
  2026-08-02 PDX v LAS T-90m   missing_job_did_not_run    no base record for ANY game on 2026-08-02 at T-90m
  2026-08-02 PDX v LAS T-30m   missing_job_did_not_run    no base record for ANY game on 2026-08-02 at T-30m
  2026-08-03 NYL v SEA T-24h   missing_job_did_not_run    no base record for ANY game on 2026-08-03 at T-24h
  2026-08-03 NYL v SEA T-30m   late_record                created 2026-08-03T22:45:08.958486+00:00 after cutoff
  2026-08-03 ATL v LVA T-24h   missing_job_did_not_run    no base record for ANY game on 2026-08-03 at T-24h
  2026-08-03 ATL v LVA T-30m   late_record                created 2026-08-03T22:45:08.976775+00:00 after cutoff
  2026-08-03 CHI v PHX T-24h   missing_job_did_not_run    no base record for ANY game on 2026-08-03 at T-24h
  2026-08-03 CHI v PHX T-30m   missing_data_unavailable   job served 2 other game(s) on 2026-08-03 at T-30m
  2026-08-04 GSV v TOR T-24h   missing_job_did_not_run    no base record for ANY game on 2026-08-04 at T-24h
  2026-08-05 WAS v DAL T-24h   missing_job_did_not_run    no base record for ANY game on 2026-08-05 at T-24h
  2026-08-05 NYL v SEA T-24h   missing_job_did_not_run    no base record for ANY game on 2026-08-05 at T-24h
  2026-08-05 NYL v SEA T-30m   late_record                created 2026-08-05T22:45:07.299457+00:00 after cutoff
  2026-08-05 ATL v PHX T-24h   missing_job_did_not_run    no base record for ANY game on 2026-08-05 at T-24h
  2026-08-05 ATL v PHX T-30m   late_record                created 2026-08-05T22:45:07.274521+00:00 after cutoff
  2026-08-05 CHI v LAS T-24h   missing_job_did_not_run    no base record for ANY game on 2026-08-05 at T-24h
  2026-08-05 CHI v LAS T-30m   missing_data_unavailable   job served 3 other game(s) on 2026-08-05 at T-30m
  2026-08-06 IND v LVA T-24h   missing_job_did_not_run    no base record for ANY game on 2026-08-06 at T-24h
  2026-08-06 IND v LVA T-30m   late_record                created 2026-08-06T22:45:09.382682+00:00 after cutoff
  2026-08-06 PDX v TOR T-24h   missing_job_did_not_run    no base record for ANY game on 2026-08-06 at T-24h
  2026-08-06 MIN v LAS T-24h   missing_job_did_not_run    no base record for ANY game on 2026-08-06 at T-24h
  2026-08-06 MIN v LAS T-30m   missing_data_unavailable   job served 2 other game(s) on 2026-08-06 at T-30m
  2026-08-07 WAS v ATL T-24h   missing_job_did_not_run    no base record for ANY game on 2026-08-07 at T-24h
  2026-08-07 CON v PHX T-24h   missing_job_did_not_run    no base record for ANY game on 2026-08-07 at T-24h
  2026-08-07 DAL v GSV T-24h   missing_job_did_not_run    no base record for ANY game on 2026-08-07 at T-24h
  2026-08-08 CHI v IND T-24h   missing_job_did_not_run    no base record for ANY game on 2026-08-08 at T-24h
  2026-08-08 CHI v IND T-90m   missing_data_unavailable   job served 2 other game(s) on 2026-08-08 at T-90m
  2026-08-08 CHI v IND T-30m   missing_data_unavailable   job served 1 other game(s) on 2026-08-08 at T-30m
  2026-08-08 MIN v LVA T-24h   missing_job_did_not_run    no base record for ANY game on 2026-08-08 at T-24h
  2026-08-08 MIN v LVA T-30m   missing_data_unavailable   job served 1 other game(s) on 2026-08-08 at T-30m
  2026-08-08 PDX v SEA T-24h   missing_job_did_not_run    no base record for ANY game on 2026-08-08 at T-24h
  2026-08-09 WAS v PHX T-24h   missing_job_did_not_run    no base record for ANY game on 2026-08-09 at T-24h
  2026-08-09 LAS v GSV T-24h   missing_job_did_not_run    no base record for ANY game on 2026-08-09 at T-24h
  2026-08-09 NYL v LVA T-24h   missing_job_did_not_run    no base record for ANY game on 2026-08-09 at T-24h
  2026-08-09 MIN v DAL T-24h   missing_job_did_not_run    no base record for ANY game on 2026-08-09 at T-24h

wrote forecasts/coverage_audit.csv and forecasts/coverage_receipt.json
[audit] exit=0 
==== Sun 08/09/2026  0:30:04.01 ==== 
[gate] 2026-08-09T04:30:05.222618+00:00  fire=False  -- no unserved obligation inside its 20-minute lead window (4 upcoming game(s) examined); 4 slate game(s) have no official game_id and were served under a provisional id: WAS v PHX (2026-08-09) -> PROV-2026-08-09-PHX@WAS, LAS v GSV (2026-08-09) -> PROV-2026-08-09-GSV@LAS, NYL v LVA (2026-08-09) -> PROV-2026-08-09-LVA@NYL, MIN v DAL (2026-08-09) -> PROV-2026-08-09-DAL@MIN
       WAS v PHX      T-8h    unserved cutoff 2026-08-09T11:00:00 (+390 min) 
       LAS v GSV      T-24h   unserved cutoff 2026-08-08T23:00:00 (-330 min) 
       NYL v LVA      T-8h    unserved cutoff 2026-08-09T08:40:00 (+250 min) 
       MIN v DAL      T-8h    unserved cutoff 2026-08-09T11:30:00 (+420 min) 
[gate] skipping the base job
[base] skipped - no unserved obligation in its lead window 
[base] exit=0 
================================================================================================
PROSPECTIVE PAIR RUNNER  2026-08-09T04:30:07.391934+00:00  model=ridge_score_level_w2c1_v1 hash=5d295bb8b99cd34e
================================================================================================
base records in official chain: 64
  late_prevented #0 ATL v SEA @ T-8h                cutoff 2026-07-31T15:35:00+00:00 already passed at 2026-08-0
  late_prevented #1 WAS v DAL @ T-8h                cutoff 2026-07-31T15:35:00+00:00 already passed at 2026-08-0
  late_prevented #2 PDX v IND @ T-8h                cutoff 2026-07-31T18:06:00+00:00 already passed at 2026-08-0
  late_prevented #3 ATL v SEA @ T-30m               cutoff 2026-07-31T23:05:00+00:00 already passed at 2026-08-0
  late_prevented #4 WAS v DAL @ T-30m               cutoff 2026-07-31T23:05:00+00:00 already passed at 2026-08-0
  late_prevented #5 PDX v IND @ T-90m               cutoff 2026-08-01T00:36:00+00:00 already passed at 2026-08-0
  late_prevented #6 CHI v LVA @ T-90m               cutoff 2026-08-01T15:35:00+00:00 already passed at 2026-08-0
  late_prevented #7 PHX v NYL @ T-90m               cutoff 2026-08-01T17:34:00+00:00 already passed at 2026-08-0
  skip           #8 CHI v LVA @ unknown-tip         base record is an explicit no-forecast; nothing to pair
  skip           #9 PHX v NYL @ unknown-tip         base record is an explicit no-forecast; nothing to pair
  late_prevented #10 NYL v SEA @ T-8h               cutoff 2026-08-03T15:04:00+00:00 already passed at 2026-08-0
  late_prevented #11 ATL v LVA @ T-8h               cutoff 2026-08-03T15:14:00+00:00 already passed at 2026-08-0
  late_prevented #12 CHI v PHX @ T-8h               cutoff 2026-08-03T17:08:00+00:00 already passed at 2026-08-0
  already_logged #13 NYL v SEA @ T-90m              idempotent: pair exists
  already_logged #14 ATL v LVA @ T-90m              idempotent: pair exists
  already_logged #15 CHI v PHX @ T-90m              idempotent: pair exists
  already_logged #16 NYL v SEA @ T-90m              idempotent: pair exists
  already_logged #17 ATL v LVA @ T-90m              idempotent: pair exists
  already_logged #18 CHI v PHX @ T-90m              idempotent: pair exists
  late_prevented #19 NYL v SEA @ T-30m              cutoff 2026-08-03T22:34:00+00:00 already passed at 2026-08-0
  late_prevented #20 ATL v LVA @ T-30m              cutoff 2026-08-03T22:44:00+00:00 already passed at 2026-08-0
  already_logged #21 CHI v PHX @ T-90m              idempotent: pair exists
  already_logged #22 GSV v TOR @ T-8h               idempotent: pair exists
  already_logged #23 GSV v TOR @ T-90m              idempotent: pair exists
  already_logged #24 GSV v TOR @ T-30m              idempotent: pair exists
  already_logged #25 ATL v PHX @ T-8h               idempotent: pair exists
  already_logged #26 NYL v SEA @ T-8h               idempotent: pair exists
  already_logged #27 WAS v DAL @ T-8h               idempotent: pair exists
  already_logged #28 CHI v LAS @ T-8h               idempotent: pair exists
  already_logged #29 ATL v PHX @ T-90m              idempotent: pair exists
  already_logged #30 NYL v SEA @ T-90m              idempotent: pair exists
  already_logged #31 WAS v DAL @ T-90m              idempotent: pair exists
  already_logged #32 CHI v LAS @ T-90m              idempotent: pair exists
  late_prevented #33 ATL v PHX @ T-30m              cutoff 2026-08-05T22:33:00+00:00 already passed at 2026-08-0
  late_prevented #34 NYL v SEA @ T-30m              cutoff 2026-08-05T22:38:00+00:00 already passed at 2026-08-0
  already_logged #35 WAS v DAL @ T-30m              idempotent: pair exists
  already_logged #36 CHI v LAS @ T-90m              idempotent: pair exists
  already_logged #37 IND v LVA @ T-8h               idempotent: pair exists
  already_logged #38 MIN v LAS @ T-8h               idempotent: pair exists
  already_logged #39 PDX v TOR @ T-8h               idempotent: pair exists
  already_logged #40 IND v LVA @ T-90m              idempotent: pair exists
  already_logged #41 MIN v LAS @ T-90m              idempotent: pair exists
  already_logged #42 PDX v TOR @ T-90m              idempotent: pair exists
  late_prevented #43 IND v LVA @ T-30m              cutoff 2026-08-06T22:36:00+00:00 already passed at 2026-08-0
  already_logged #44 PDX v TOR @ T-30m              idempotent: pair exists
  already_logged #45 CON v PHX @ T-8h               idempotent: pair exists
  already_logged #46 WAS v ATL @ T-8h               idempotent: pair exists
  already_logged #47 DAL v GSV @ T-8h               idempotent: pair exists
  already_logged #48 CON v PHX @ T-90m              idempotent: pair exists
  already_logged #49 WAS v ATL @ T-90m              idempotent: pair exists
  already_logged #50 DAL v GSV @ T-90m              idempotent: pair exists
  already_logged #51 CON v PHX @ T-30m              idempotent: pair exists
  already_logged #52 WAS v ATL @ T-30m              idempotent: pair exists
  already_logged #53 DAL v GSV @ T-30m              idempotent: pair exists
  already_logged #54 MIN v LVA @ T-8h               idempotent: pair exists
  already_logged #55 CHI v IND @ T-8h               idempotent: pair exists
  already_logged #56 PDX v SEA @ T-8h               idempotent: pair exists
  already_logged #57 MIN v LVA @ T-90m              idempotent: pair exists
  late_prevented #58 CHI v IND @ T-8h               cutoff 2026-08-08T11:35:00+00:00 already passed at 2026-08-0
  already_logged #59 PDX v SEA @ T-8h               idempotent: pair exists
  already_logged #60 PDX v SEA @ T-90m              idempotent: pair exists
  skip           #61 CHI v IND @ unknown-tip        base record is an explicit no-forecast; nothing to pair
  skip           #62 MIN v LVA @ unknown-tip        base record is an explicit no-forecast; nothing to pair
  already_logged #63 PDX v SEA @ T-30m              idempotent: pair exists

  already_logged=43, late_prevented=17, skip=4
  arm chain: ok=True n=38 tip=bd1b29312ba51888
  receipt appended to prospective_pair_runs.jsonl
[arm] exit=0 
====================================================================================================
FORECAST COVERAGE AUDIT   generated 2026-08-09T04:30:10.165476+00:00
====================================================================================================

CUMULATIVE by classification
  forecast_logged              48
  missing_job_did_not_run      43
  before_period_start          15
  not_yet_due                  12
  missing_data_unavailable     9
  late_record                  5

  obligations 132 | due 105 | served 48 | coverage 45.7%
  operational misses 43 | unexplained 0
  PROMOTION-GRADE: NO   (needs >= 95% served, <= 0 operational misses, all explained)

DAILY
  date         oblig  served     due     excl    opmiss arm_recs
  2026-07-30      12       0       0       12         0        0
  2026-07-31      12       6       9        3         0        0
  2026-08-01       8       2       8        0         6        0
  2026-08-02      16       0      16        0        16        0
  2026-08-03      12       6      12        0         3        3
  2026-08-04       4       3       4        0         1        3
  2026-08-05      16       9      16        0         4        9
  2026-08-06      12       7      12        0         3        7
  2026-08-07      12       9      12        0         3        9
  2026-08-08      12       6      12        0         3        4
  2026-08-09      16       0       4       12         4        0

EVERY MISSING OR IRREGULAR OBLIGATION (each must carry an explanation)
  2026-07-31 ATL v SEA T-90m   missing_data_unavailable   job served 1 other game(s) on 2026-07-31 at T-90m
  2026-07-31 WAS v DAL T-90m   missing_data_unavailable   job served 1 other game(s) on 2026-07-31 at T-90m
  2026-07-31 PDX v IND T-30m   missing_data_unavailable   job served 2 other game(s) on 2026-07-31 at T-30m
  2026-08-01 CHI v LVA T-24h   missing_job_did_not_run    no base record for ANY game on 2026-08-01 at T-24h
  2026-08-01 CHI v LVA T-8h    missing_job_did_not_run    no base record for ANY game on 2026-08-01 at T-8h
  2026-08-01 CHI v LVA T-30m   missing_job_did_not_run    no base record for ANY game on 2026-08-01 at T-30m
  2026-08-01 PHX v NYL T-24h   missing_job_did_not_run    no base record for ANY game on 2026-08-01 at T-24h
  2026-08-01 PHX v NYL T-8h    missing_job_did_not_run    no base record for ANY game on 2026-08-01 at T-8h
  2026-08-01 PHX v NYL T-30m   missing_job_did_not_run    no base record for ANY game on 2026-08-01 at T-30m
  2026-08-02 DAL v CON T-24h   missing_job_did_not_run    no base record for ANY game on 2026-08-02 at T-24h
  2026-08-02 DAL v CON T-8h    missing_job_did_not_run    no base record for ANY game on 2026-08-02 at T-8h
  2026-08-02 DAL v CON T-90m   missing_job_did_not_run    no base record for ANY game on 2026-08-02 at T-90m
  2026-08-02 DAL v CON T-30m   missing_job_did_not_run    no base record for ANY game on 2026-08-02 at T-30m
  2026-08-02 GSV v TOR T-24h   missing_job_did_not_run    no base record for ANY game on 2026-08-02 at T-24h
  2026-08-02 GSV v TOR T-8h    missing_job_did_not_run    no base record for ANY game on 2026-08-02 at T-8h
  2026-08-02 GSV v TOR T-90m   missing_job_did_not_run    no base record for ANY game on 2026-08-02 at T-90m
  2026-08-02 GSV v TOR T-30m   missing_job_did_not_run    no base record for ANY game on 2026-08-02 at T-30m
  2026-08-02 MIN v IND T-24h   missing_job_did_not_run    no base record for ANY game on 2026-08-02 at T-24h
  2026-08-02 MIN v IND T-8h    missing_job_did_not_run    no base record for ANY game on 2026-08-02 at T-8h
  2026-08-02 MIN v IND T-90m   missing_job_did_not_run    no base record for ANY game on 2026-08-02 at T-90m
  2026-08-02 MIN v IND T-30m   missing_job_did_not_run    no base record for ANY game on 2026-08-02 at T-30m
  2026-08-02 PDX v LAS T-24h   missing_job_did_not_run    no base record for ANY game on 2026-08-02 at T-24h
  2026-08-02 PDX v LAS T-8h    missing_job_did_not_run    no base record for ANY game on 2026-08-02 at T-8h
  2026-08-02 PDX v LAS T-90m   missing_job_did_not_run    no base record for ANY game on 2026-08-02 at T-90m
  2026-08-02 PDX v LAS T-30m   missing_job_did_not_run    no base record for ANY game on 2026-08-02 at T-30m
  2026-08-03 NYL v SEA T-24h   missing_job_did_not_run    no base record for ANY game on 2026-08-03 at T-24h
  2026-08-03 NYL v SEA T-30m   late_record                created 2026-08-03T22:45:08.958486+00:00 after cutoff
  2026-08-03 ATL v LVA T-24h   missing_job_did_not_run    no base record for ANY game on 2026-08-03 at T-24h
  2026-08-03 ATL v LVA T-30m   late_record                created 2026-08-03T22:45:08.976775+00:00 after cutoff
  2026-08-03 CHI v PHX T-24h   missing_job_did_not_run    no base record for ANY game on 2026-08-03 at T-24h
  2026-08-03 CHI v PHX T-30m   missing_data_unavailable   job served 2 other game(s) on 2026-08-03 at T-30m
  2026-08-04 GSV v TOR T-24h   missing_job_did_not_run    no base record for ANY game on 2026-08-04 at T-24h
  2026-08-05 WAS v DAL T-24h   missing_job_did_not_run    no base record for ANY game on 2026-08-05 at T-24h
  2026-08-05 NYL v SEA T-24h   missing_job_did_not_run    no base record for ANY game on 2026-08-05 at T-24h
  2026-08-05 NYL v SEA T-30m   late_record                created 2026-08-05T22:45:07.299457+00:00 after cutoff
  2026-08-05 ATL v PHX T-24h   missing_job_did_not_run    no base record for ANY game on 2026-08-05 at T-24h
  2026-08-05 ATL v PHX T-30m   late_record                created 2026-08-05T22:45:07.274521+00:00 after cutoff
  2026-08-05 CHI v LAS T-24h   missing_job_did_not_run    no base record for ANY game on 2026-08-05 at T-24h
  2026-08-05 CHI v LAS T-30m   missing_data_unavailable   job served 3 other game(s) on 2026-08-05 at T-30m
  2026-08-06 IND v LVA T-24h   missing_job_did_not_run    no base record for ANY game on 2026-08-06 at T-24h
  2026-08-06 IND v LVA T-30m   late_record                created 2026-08-06T22:45:09.382682+00:00 after cutoff
  2026-08-06 PDX v TOR T-24h   missing_job_did_not_run    no base record for ANY game on 2026-08-06 at T-24h
  2026-08-06 MIN v LAS T-24h   missing_job_did_not_run    no base record for ANY game on 2026-08-06 at T-24h
  2026-08-06 MIN v LAS T-30m   missing_data_unavailable   job served 2 other game(s) on 2026-08-06 at T-30m
  2026-08-07 WAS v ATL T-24h   missing_job_did_not_run    no base record for ANY game on 2026-08-07 at T-24h
  2026-08-07 CON v PHX T-24h   missing_job_did_not_run    no base record for ANY game on 2026-08-07 at T-24h
  2026-08-07 DAL v GSV T-24h   missing_job_did_not_run    no base record for ANY game on 2026-08-07 at T-24h
  2026-08-08 CHI v IND T-24h   missing_job_did_not_run    no base record for ANY game on 2026-08-08 at T-24h
  2026-08-08 CHI v IND T-90m   missing_data_unavailable   job served 2 other game(s) on 2026-08-08 at T-90m
  2026-08-08 CHI v IND T-30m   missing_data_unavailable   job served 1 other game(s) on 2026-08-08 at T-30m
  2026-08-08 MIN v LVA T-24h   missing_job_did_not_run    no base record for ANY game on 2026-08-08 at T-24h
  2026-08-08 MIN v LVA T-30m   missing_data_unavailable   job served 1 other game(s) on 2026-08-08 at T-30m
  2026-08-08 PDX v SEA T-24h   missing_job_did_not_run    no base record for ANY game on 2026-08-08 at T-24h
  2026-08-09 WAS v PHX T-24h   missing_job_did_not_run    no base record for ANY game on 2026-08-09 at T-24h
  2026-08-09 LAS v GSV T-24h   missing_job_did_not_run    no base record for ANY game on 2026-08-09 at T-24h
  2026-08-09 NYL v LVA T-24h   missing_job_did_not_run    no base record for ANY game on 2026-08-09 at T-24h
  2026-08-09 MIN v DAL T-24h   missing_job_did_not_run    no base record for ANY game on 2026-08-09 at T-24h

wrote forecasts/coverage_audit.csv and forecasts/coverage_receipt.json
[audit] exit=0 
==== Sun 08/09/2026  0:45:02.91 ==== 
[gate] 2026-08-09T04:45:03.572306+00:00  fire=False  -- no unserved obligation inside its 20-minute lead window (4 upcoming game(s) examined); 4 slate game(s) have no official game_id and were served under a provisional id: WAS v PHX (2026-08-09) -> PROV-2026-08-09-PHX@WAS, LAS v GSV (2026-08-09) -> PROV-2026-08-09-GSV@LAS, NYL v LVA (2026-08-09) -> PROV-2026-08-09-LVA@NYL, MIN v DAL (2026-08-09) -> PROV-2026-08-09-DAL@MIN
       WAS v PHX      T-8h    unserved cutoff 2026-08-09T11:00:00 (+375 min) 
       LAS v GSV      T-24h   unserved cutoff 2026-08-08T23:00:00 (-345 min) 
       NYL v LVA      T-8h    unserved cutoff 2026-08-09T08:40:00 (+235 min) 
       MIN v DAL      T-8h    unserved cutoff 2026-08-09T11:30:00 (+405 min) 
[gate] skipping the base job
[base] skipped - no unserved obligation in its lead window 
[base] exit=0 
================================================================================================
PROSPECTIVE PAIR RUNNER  2026-08-09T04:45:04.712324+00:00  model=ridge_score_level_w2c1_v1 hash=5d295bb8b99cd34e
================================================================================================
base records in official chain: 64
  late_prevented #0 ATL v SEA @ T-8h                cutoff 2026-07-31T15:35:00+00:00 already passed at 2026-08-0
  late_prevented #1 WAS v DAL @ T-8h                cutoff 2026-07-31T15:35:00+00:00 already passed at 2026-08-0
  late_prevented #2 PDX v IND @ T-8h                cutoff 2026-07-31T18:06:00+00:00 already passed at 2026-08-0
  late_prevented #3 ATL v SEA @ T-30m               cutoff 2026-07-31T23:05:00+00:00 already passed at 2026-08-0
  late_prevented #4 WAS v DAL @ T-30m               cutoff 2026-07-31T23:05:00+00:00 already passed at 2026-08-0
  late_prevented #5 PDX v IND @ T-90m               cutoff 2026-08-01T00:36:00+00:00 already passed at 2026-08-0
  late_prevented #6 CHI v LVA @ T-90m               cutoff 2026-08-01T15:35:00+00:00 already passed at 2026-08-0
  late_prevented #7 PHX v NYL @ T-90m               cutoff 2026-08-01T17:34:00+00:00 already passed at 2026-08-0
  skip           #8 CHI v LVA @ unknown-tip         base record is an explicit no-forecast; nothing to pair
  skip           #9 PHX v NYL @ unknown-tip         base record is an explicit no-forecast; nothing to pair
  late_prevented #10 NYL v SEA @ T-8h               cutoff 2026-08-03T15:04:00+00:00 already passed at 2026-08-0
  late_prevented #11 ATL v LVA @ T-8h               cutoff 2026-08-03T15:14:00+00:00 already passed at 2026-08-0
  late_prevented #12 CHI v PHX @ T-8h               cutoff 2026-08-03T17:08:00+00:00 already passed at 2026-08-0
  already_logged #13 NYL v SEA @ T-90m              idempotent: pair exists
  already_logged #14 ATL v LVA @ T-90m              idempotent: pair exists
  already_logged #15 CHI v PHX @ T-90m              idempotent: pair exists
  already_logged #16 NYL v SEA @ T-90m              idempotent: pair exists
  already_logged #17 ATL v LVA @ T-90m              idempotent: pair exists
  already_logged #18 CHI v PHX @ T-90m              idempotent: pair exists
  late_prevented #19 NYL v SEA @ T-30m              cutoff 2026-08-03T22:34:00+00:00 already passed at 2026-08-0
  late_prevented #20 ATL v LVA @ T-30m              cutoff 2026-08-03T22:44:00+00:00 already passed at 2026-08-0
  already_logged #21 CHI v PHX @ T-90m              idempotent: pair exists
  already_logged #22 GSV v TOR @ T-8h               idempotent: pair exists
  already_logged #23 GSV v TOR @ T-90m              idempotent: pair exists
  already_logged #24 GSV v TOR @ T-30m              idempotent: pair exists
  already_logged #25 ATL v PHX @ T-8h               idempotent: pair exists
  already_logged #26 NYL v SEA @ T-8h               idempotent: pair exists
  already_logged #27 WAS v DAL @ T-8h               idempotent: pair exists
  already_logged #28 CHI v LAS @ T-8h               idempotent: pair exists
  already_logged #29 ATL v PHX @ T-90m              idempotent: pair exists
  already_logged #30 NYL v SEA @ T-90m              idempotent: pair exists
  already_logged #31 WAS v DAL @ T-90m              idempotent: pair exists
  already_logged #32 CHI v LAS @ T-90m              idempotent: pair exists
  late_prevented #33 ATL v PHX @ T-30m              cutoff 2026-08-05T22:33:00+00:00 already passed at 2026-08-0
  late_prevented #34 NYL v SEA @ T-30m              cutoff 2026-08-05T22:38:00+00:00 already passed at 2026-08-0
  already_logged #35 WAS v DAL @ T-30m              idempotent: pair exists
  already_logged #36 CHI v LAS @ T-90m              idempotent: pair exists
  already_logged #37 IND v LVA @ T-8h               idempotent: pair exists
  already_logged #38 MIN v LAS @ T-8h               idempotent: pair exists
  already_logged #39 PDX v TOR @ T-8h               idempotent: pair exists
  already_logged #40 IND v LVA @ T-90m              idempotent: pair exists
  already_logged #41 MIN v LAS @ T-90m              idempotent: pair exists
  already_logged #42 PDX v TOR @ T-90m              idempotent: pair exists
  late_prevented #43 IND v LVA @ T-30m              cutoff 2026-08-06T22:36:00+00:00 already passed at 2026-08-0
  already_logged #44 PDX v TOR @ T-30m              idempotent: pair exists
  already_logged #45 CON v PHX @ T-8h               idempotent: pair exists
  already_logged #46 WAS v ATL @ T-8h               idempotent: pair exists
  already_logged #47 DAL v GSV @ T-8h               idempotent: pair exists
  already_logged #48 CON v PHX @ T-90m              idempotent: pair exists
  already_logged #49 WAS v ATL @ T-90m              idempotent: pair exists
  already_logged #50 DAL v GSV @ T-90m              idempotent: pair exists
  already_logged #51 CON v PHX @ T-30m              idempotent: pair exists
  already_logged #52 WAS v ATL @ T-30m              idempotent: pair exists
  already_logged #53 DAL v GSV @ T-30m              idempotent: pair exists
  already_logged #54 MIN v LVA @ T-8h               idempotent: pair exists
  already_logged #55 CHI v IND @ T-8h               idempotent: pair exists
  already_logged #56 PDX v SEA @ T-8h               idempotent: pair exists
  already_logged #57 MIN v LVA @ T-90m              idempotent: pair exists
  late_prevented #58 CHI v IND @ T-8h               cutoff 2026-08-08T11:35:00+00:00 already passed at 2026-08-0
  already_logged #59 PDX v SEA @ T-8h               idempotent: pair exists
  already_logged #60 PDX v SEA @ T-90m              idempotent: pair exists
  skip           #61 CHI v IND @ unknown-tip        base record is an explicit no-forecast; nothing to pair
  skip           #62 MIN v LVA @ unknown-tip        base record is an explicit no-forecast; nothing to pair
  already_logged #63 PDX v SEA @ T-30m              idempotent: pair exists

  already_logged=43, late_prevented=17, skip=4
  arm chain: ok=True n=38 tip=bd1b29312ba51888
  receipt appended to prospective_pair_runs.jsonl
[arm] exit=0 
====================================================================================================
FORECAST COVERAGE AUDIT   generated 2026-08-09T04:45:05.752935+00:00
====================================================================================================

CUMULATIVE by classification
  forecast_logged              48
  missing_job_did_not_run      43
  before_period_start          15
  not_yet_due                  12
  missing_data_unavailable     9
  late_record                  5

  obligations 132 | due 105 | served 48 | coverage 45.7%
  operational misses 43 | unexplained 0
  PROMOTION-GRADE: NO   (needs >= 95% served, <= 0 operational misses, all explained)

DAILY
  date         oblig  served     due     excl    opmiss arm_recs
  2026-07-30      12       0       0       12         0        0
  2026-07-31      12       6       9        3         0        0
  2026-08-01       8       2       8        0         6        0
  2026-08-02      16       0      16        0        16        0
  2026-08-03      12       6      12        0         3        3
  2026-08-04       4       3       4        0         1        3
  2026-08-05      16       9      16        0         4        9
  2026-08-06      12       7      12        0         3        7
  2026-08-07      12       9      12        0         3        9
  2026-08-08      12       6      12        0         3        4
  2026-08-09      16       0       4       12         4        0

EVERY MISSING OR IRREGULAR OBLIGATION (each must carry an explanation)
  2026-07-31 ATL v SEA T-90m   missing_data_unavailable   job served 1 other game(s) on 2026-07-31 at T-90m
  2026-07-31 WAS v DAL T-90m   missing_data_unavailable   job served 1 other game(s) on 2026-07-31 at T-90m
  2026-07-31 PDX v IND T-30m   missing_data_unavailable   job served 2 other game(s) on 2026-07-31 at T-30m
  2026-08-01 CHI v LVA T-24h   missing_job_did_not_run    no base record for ANY game on 2026-08-01 at T-24h
  2026-08-01 CHI v LVA T-8h    missing_job_did_not_run    no base record for ANY game on 2026-08-01 at T-8h
  2026-08-01 CHI v LVA T-30m   missing_job_did_not_run    no base record for ANY game on 2026-08-01 at T-30m
  2026-08-01 PHX v NYL T-24h   missing_job_did_not_run    no base record for ANY game on 2026-08-01 at T-24h
  2026-08-01 PHX v NYL T-8h    missing_job_did_not_run    no base record for ANY game on 2026-08-01 at T-8h
  2026-08-01 PHX v NYL T-30m   missing_job_did_not_run    no base record for ANY game on 2026-08-01 at T-30m
  2026-08-02 DAL v CON T-24h   missing_job_did_not_run    no base record for ANY game on 2026-08-02 at T-24h
  2026-08-02 DAL v CON T-8h    missing_job_did_not_run    no base record for ANY game on 2026-08-02 at T-8h
  2026-08-02 DAL v CON T-90m   missing_job_did_not_run    no base record for ANY game on 2026-08-02 at T-90m
  2026-08-02 DAL v CON T-30m   missing_job_did_not_run    no base record for ANY game on 2026-08-02 at T-30m
  2026-08-02 GSV v TOR T-24h   missing_job_did_not_run    no base record for ANY game on 2026-08-02 at T-24h
  2026-08-02 GSV v TOR T-8h    missing_job_did_not_run    no base record for ANY game on 2026-08-02 at T-8h
  2026-08-02 GSV v TOR T-90m   missing_job_did_not_run    no base record for ANY game on 2026-08-02 at T-90m
  2026-08-02 GSV v TOR T-30m   missing_job_did_not_run    no base record for ANY game on 2026-08-02 at T-30m
  2026-08-02 MIN v IND T-24h   missing_job_did_not_run    no base record for ANY game on 2026-08-02 at T-24h
  2026-08-02 MIN v IND T-8h    missing_job_did_not_run    no base record for ANY game on 2026-08-02 at T-8h
  2026-08-02 MIN v IND T-90m   missing_job_did_not_run    no base record for ANY game on 2026-08-02 at T-90m
  2026-08-02 MIN v IND T-30m   missing_job_did_not_run    no base record for ANY game on 2026-08-02 at T-30m
  2026-08-02 PDX v LAS T-24h   missing_job_did_not_run    no base record for ANY game on 2026-08-02 at T-24h
  2026-08-02 PDX v LAS T-8h    missing_job_did_not_run    no base record for ANY game on 2026-08-02 at T-8h
  2026-08-02 PDX v LAS T-90m   missing_job_did_not_run    no base record for ANY game on 2026-08-02 at T-90m
  2026-08-02 PDX v LAS T-30m   missing_job_did_not_run    no base record for ANY game on 2026-08-02 at T-30m
  2026-08-03 NYL v SEA T-24h   missing_job_did_not_run    no base record for ANY game on 2026-08-03 at T-24h
  2026-08-03 NYL v SEA T-30m   late_record                created 2026-08-03T22:45:08.958486+00:00 after cutoff
  2026-08-03 ATL v LVA T-24h   missing_job_did_not_run    no base record for ANY game on 2026-08-03 at T-24h
  2026-08-03 ATL v LVA T-30m   late_record                created 2026-08-03T22:45:08.976775+00:00 after cutoff
  2026-08-03 CHI v PHX T-24h   missing_job_did_not_run    no base record for ANY game on 2026-08-03 at T-24h
  2026-08-03 CHI v PHX T-30m   missing_data_unavailable   job served 2 other game(s) on 2026-08-03 at T-30m
  2026-08-04 GSV v TOR T-24h   missing_job_did_not_run    no base record for ANY game on 2026-08-04 at T-24h
  2026-08-05 WAS v DAL T-24h   missing_job_did_not_run    no base record for ANY game on 2026-08-05 at T-24h
  2026-08-05 NYL v SEA T-24h   missing_job_did_not_run    no base record for ANY game on 2026-08-05 at T-24h
  2026-08-05 NYL v SEA T-30m   late_record                created 2026-08-05T22:45:07.299457+00:00 after cutoff
  2026-08-05 ATL v PHX T-24h   missing_job_did_not_run    no base record for ANY game on 2026-08-05 at T-24h
  2026-08-05 ATL v PHX T-30m   late_record                created 2026-08-05T22:45:07.274521+00:00 after cutoff
  2026-08-05 CHI v LAS T-24h   missing_job_did_not_run    no base record for ANY game on 2026-08-05 at T-24h
  2026-08-05 CHI v LAS T-30m   missing_data_unavailable   job served 3 other game(s) on 2026-08-05 at T-30m
  2026-08-06 IND v LVA T-24h   missing_job_did_not_run    no base record for ANY game on 2026-08-06 at T-24h
  2026-08-06 IND v LVA T-30m   late_record                created 2026-08-06T22:45:09.382682+00:00 after cutoff
  2026-08-06 PDX v TOR T-24h   missing_job_did_not_run    no base record for ANY game on 2026-08-06 at T-24h
  2026-08-06 MIN v LAS T-24h   missing_job_did_not_run    no base record for ANY game on 2026-08-06 at T-24h
  2026-08-06 MIN v LAS T-30m   missing_data_unavailable   job served 2 other game(s) on 2026-08-06 at T-30m
  2026-08-07 WAS v ATL T-24h   missing_job_did_not_run    no base record for ANY game on 2026-08-07 at T-24h
  2026-08-07 CON v PHX T-24h   missing_job_did_not_run    no base record for ANY game on 2026-08-07 at T-24h
  2026-08-07 DAL v GSV T-24h   missing_job_did_not_run    no base record for ANY game on 2026-08-07 at T-24h
  2026-08-08 CHI v IND T-24h   missing_job_did_not_run    no base record for ANY game on 2026-08-08 at T-24h
  2026-08-08 CHI v IND T-90m   missing_data_unavailable   job served 2 other game(s) on 2026-08-08 at T-90m
  2026-08-08 CHI v IND T-30m   missing_data_unavailable   job served 1 other game(s) on 2026-08-08 at T-30m
  2026-08-08 MIN v LVA T-24h   missing_job_did_not_run    no base record for ANY game on 2026-08-08 at T-24h
  2026-08-08 MIN v LVA T-30m   missing_data_unavailable   job served 1 other game(s) on 2026-08-08 at T-30m
  2026-08-08 PDX v SEA T-24h   missing_job_did_not_run    no base record for ANY game on 2026-08-08 at T-24h
  2026-08-09 WAS v PHX T-24h   missing_job_did_not_run    no base record for ANY game on 2026-08-09 at T-24h
  2026-08-09 LAS v GSV T-24h   missing_job_did_not_run    no base record for ANY game on 2026-08-09 at T-24h
  2026-08-09 NYL v LVA T-24h   missing_job_did_not_run    no base record for ANY game on 2026-08-09 at T-24h
  2026-08-09 MIN v DAL T-24h   missing_job_did_not_run    no base record for ANY game on 2026-08-09 at T-24h

wrote forecasts/coverage_audit.csv and forecasts/coverage_receipt.json
[audit] exit=0 
