1424 pbp games discovered; master coverage 1424
  ... 200/1424 games, 31s
  ... 400/1424 games, 55s
  ... 600/1424 games, 79s
  ... 800/1424 games, 106s
  ... 1000/1424 games, 127s
  ... 1200/1424 games, 152s
  ... 1400/1424 games, 177s
  ... 1424/1424 games, 179s

================ POSSESSION RECONCILIATION ================
games processed: 1424  |  skipped: 0 []
EXACT per-team score match: 1424/1424 = 100.00%   (gate target >= 99.5%)

exact rate by season:
  2021: 100.00%  (209 games)
  2022: 100.00%  (216 games)
  2023: 100.00%  (240 games)
  2024: 100.00%  (240 games)
  2025: 100.00%  (310 games)
  2026: 100.00%  (209 games)

global anomaly counters: {'dup_scoring_row_dropped': 6, 'indicator_no_team': 2, 'inferred_flip': 200, 'lineup_underfull': 128, 'made_ft_nonfinal_flip': 2, 'miss_flip_no_rebound': 8, 'period_opens_with_rebound': 1, 'rebound_after_tech_ft_skipped': 187, 'tech_ft_folded': 380, 'tech_ft_synthetic': 571}

possessions per team per 40 min (technical_ft rows excluded):
  mean 79.16  sd 3.87  p5 73.0  p50 79.0  p95 85.2  min 66.0  max 94.0
  within [70, 90]: 99.1%   (known WNBA range ~75-85; alarm only outside 70-90)

advanced-boxscore cross-check (200 team-games from 100 sampled games; advanced possessions = sum(player)/5):
  corr 0.9656   mean |diff| 1.92   mean bias -1.91 (mine - advanced)

lineup join: 99.97% of possessions with full 5v5 lineups (227,385 possessions total)
end_reason distribution:
end_reason
defensive_rebound        80581
made_shot                78711
turnover                 39725
made_ft_final            21821
period_end                5766
technical_ft               571
inferred_flip              200
miss_flip_no_rebound         8
made_ft_nonfinal_flip        2

wrote C:\Users\jgallagher\wnba-betting-model\data\possessions\possessions.parquet (227,385 rows) and C:\Users\jgallagher\wnba-betting-model\data\possessions\reconciliation.csv
runtime 181s
