nohup: ignoring input
🚀 Fast WNBA Historical Odds Collection (2021-2024)
📅 Wed Jul  2 05:06:41 PM UTC 2025
⏱️  Estimated completion: 1-2 hours (much faster!)

🎯 OPTIMIZED Strategy:
   ✅ Kill long delays - use 8-10s between requests
   ✅ Reduce breaks to 2-3 minutes (not 30-45!)
   ✅ Try multiple sources if one fails
   ✅ Complete in 1-2 hours instead of 6+

🚀 Starting optimized collection...
📊 Fast collecting 2024 WNBA data...
⚡ Using 8s delays (optimized for speed)
🎯 Strategy 1: OddsPortal primary
2025-07-02 17:06:41,374 - INFO - 🚀 Starting WNBA odds scraping...
2025-07-02 17:06:41,374 - INFO - 📅 Years: [2024]
2025-07-02 17:06:41,374 - INFO - 🔍 Source: oddsportal
2025-07-02 17:06:41,374 - INFO - 🎯 Scraping OddsPortal historical WNBA data...
2025-07-02 17:06:41,374 - INFO - 📅 Processing 2024 season...
2025-07-02 17:06:41,791 - WARNING - Rate limited, waiting 10s
2025-07-02 17:06:52,105 - WARNING - Rate limited, waiting 20s
2025-07-02 17:07:12,421 - WARNING - Rate limited, waiting 30s
