nohup: ignoring input
🏀 Starting WNBA Historical Odds Collection (2021-2024)
📅 Wed Jul  2 04:38:30 PM UTC 2025
⏱️  Estimated completion: 6-8 hours

🎯 Collection Strategy:
   - Start with 2023 (most recent complete season)
   - Then 2022, 2021 (working backwards)
   - 2024 is already running in background
   - Use increasing delays for older years

⏳ Waiting 2 minutes for any existing collection to stabilize...
📊 Collecting 2023 WNBA data...
⏳ Using 12s delays to respect rate limits
2025-07-02 16:40:30,614 - INFO - 🚀 Starting WNBA odds scraping...
2025-07-02 16:40:30,614 - INFO - 📅 Years: [2023]
2025-07-02 16:40:30,614 - INFO - 🔍 Source: oddsportal
2025-07-02 16:40:30,614 - INFO - 🎯 Scraping OddsPortal historical WNBA data...
2025-07-02 16:40:30,614 - INFO - 📅 Processing 2023 season...
2025-07-02 16:40:43,696 - INFO - ✅ Found data at: https://www.oddsportal.com/basketball/usa/wnba-2023/results/
2025-07-02 16:40:44,023 - WARNING - Rate limited, waiting 10s
2025-07-02 16:40:54,337 - WARNING - Rate limited, waiting 20s
2025-07-02 16:41:14,745 - WARNING - Rate limited, waiting 30s
2025-07-02 16:41:45,060 - WARNING - Rate limited, waiting 10s
2025-07-02 16:41:55,373 - WARNING - Rate limited, waiting 20s
2025-07-02 16:42:15,688 - WARNING - Rate limited, waiting 30s
2025-07-02 16:42:46,003 - WARNING - Rate limited, waiting 10s
2025-07-02 16:42:56,317 - WARNING - Rate limited, waiting 20s
2025-07-02 16:44:11,219 - WARNING - Rate limited, waiting 10s
2025-07-02 16:44:21,532 - WARNING - Rate limited, waiting 20s
2025-07-02 16:45:21,912 - WARNING - Rate limited, waiting 10s
2025-07-02 16:45:45,764 - INFO - 📊 OddsPortal collected 0 records
2025-07-02 16:45:45,764 - WARNING - ❌ No data collected
✅ 2023 collection completed successfully
⚠️  No data files found for 2023

☕ Taking a 30-minute break to be respectful to servers...
⏰ Resume time: 17:15:45
