{
  "cycle_id": "89e0e32b-7363-432e-975b-6633bc213f9b",
  "started_ts": "2026-08-16T04:00:02.286521+00:00",
  "league_id": 1384,
  "endpoints_attempted": [
    "/markets/active",
    "/orders",
    "/orders",
    "/trades",
    "/trades"
  ],
  "endpoint_failures": [],
  "rows_written": {
    "markets": 0,
    "best_line": 25,
    "orderbook": 22,
    "trades": 4,
    "roster_events": 0
  },
  "rows_deduped": {
    "markets": 21,
    "best_line": 17,
    "orderbook": 80,
    "trades": 0,
    "roster_events": 0
  },
  "raw_counts": {
    "markets": 21,
    "orderbook": 102,
    "best_line": 42,
    "trades": 4
  },
  "finished_ts": "2026-08-16T04:00:06.537369+00:00"
}
{
  "cycle_id": "ca4e2955-1e19-4647-8453-fdeecec4334c",
  "started_ts": "2026-08-16T04:05:02.136674+00:00",
  "league_id": 1384,
  "endpoints_attempted": [
    "/markets/active",
    "/orders",
    "/orders",
    "/trades",
    "/trades"
  ],
  "endpoint_failures": [],
  "rows_written": {
    "markets": 0,
    "best_line": 24,
    "orderbook": 42,
    "trades": 4,
    "roster_events": 0
  },
  "rows_deduped": {
    "markets": 21,
    "best_line": 18,
    "orderbook": 60,
    "trades": 0,
    "roster_events": 0
  },
  "raw_counts": {
    "markets": 21,
    "orderbook": 102,
    "best_line": 42,
    "trades": 4
  },
  "finished_ts": "2026-08-16T04:05:06.407527+00:00"
}
{
  "cycle_id": "5324bd8e-f9b3-43e9-8338-36788f9983c3",
  "started_ts": "2026-08-16T04:10:02.142615+00:00",
  "league_id": 1384,
  "endpoints_attempted": [
    "/markets/active",
    "/orders",
    "/orders",
    "/trades",
    "/trades"
  ],
  "endpoint_failures": [],
  "rows_written": {
    "markets": 0,
    "best_line": 16,
    "orderbook": 10,
    "trades": 10,
    "roster_events": 0
  },
  "rows_deduped": {
    "markets": 21,
    "best_line": 26,
    "orderbook": 94,
    "trades": 0,
    "roster_events": 0
  },
  "raw_counts": {
    "markets": 21,
    "orderbook": 104,
    "best_line": 42,
    "trades": 10
  },
  "finished_ts": "2026-08-16T04:10:06.392887+00:00"
}
{
  "cycle_id": "e20f262c-44ef-4150-b113-42c05447a7db",
  "started_ts": "2026-08-16T04:15:19.920592+00:00",
  "league_id": 1384,
  "endpoints_attempted": [
    "/markets/active",
    "/orders",
    "/orders",
    "/trades",
    "/trades"
  ],
  "endpoint_failures": [],
  "rows_written": {
    "markets": 0,
    "best_line": 26,
    "orderbook": 18,
    "trades": 10,
    "roster_events": 0
  },
  "rows_deduped": {
    "markets": 21,
    "best_line": 16,
    "orderbook": 86,
    "trades": 0,
    "roster_events": 0
  },
  "raw_counts": {
    "markets": 21,
    "orderbook": 104,
    "best_line": 42,
    "trades": 10
  },
  "finished_ts": "2026-08-16T04:15:28.914058+00:00"
}
{
  "cycle_id": "271e95b9-df04-43dc-acd1-a449500c5ac2",
  "started_ts": "2026-08-16T04:20:02.389490+00:00",
  "league_id": 1384,
  "endpoints_attempted": [
    "/markets/active",
    "/orders",
    "/orders",
    "/trades",
    "/trades"
  ],
  "endpoint_failures": [],
  "rows_written": {
    "markets": 0,
    "best_line": 0,
    "orderbook": 0,
    "trades": 10,
    "roster_events": 0
  },
  "rows_deduped": {
    "markets": 21,
    "best_line": 42,
    "orderbook": 104,
    "trades": 0,
    "roster_events": 0
  },
  "raw_counts": {
    "markets": 21,
    "orderbook": 104,
    "best_line": 42,
    "trades": 10
  },
  "finished_ts": "2026-08-16T04:20:06.663656+00:00"
}
{
  "cycle_id": "7ec1fef0-50f1-4094-bb4f-11193abeae8b",
  "started_ts": "2026-08-16T04:25:02.399281+00:00",
  "league_id": 1384,
  "endpoints_attempted": [
    "/markets/active",
    "/orders",
    "/orders",
    "/trades",
    "/trades"
  ],
  "endpoint_failures": [],
  "rows_written": {
    "markets": 0,
    "best_line": 12,
    "orderbook": 8,
    "trades": 12,
    "roster_events": 0
  },
  "rows_deduped": {
    "markets": 21,
    "best_line": 30,
    "orderbook": 96,
    "trades": 0,
    "roster_events": 0
  },
  "raw_counts": {
    "markets": 21,
    "orderbook": 104,
    "best_line": 42,
    "trades": 12
  },
  "finished_ts": "2026-08-16T04:25:06.677267+00:00"
}
{
  "cycle_id": "d5b8ea8b-61d8-4ad8-a3a6-0ba7a3778a3b",
  "started_ts": "2026-08-16T04:30:02.256874+00:00",
  "league_id": 1384,
  "endpoints_attempted": [
    "/markets/active",
    "/orders",
    "/orders",
    "/trades",
    "/trades"
  ],
  "endpoint_failures": [],
  "rows_written": {
    "markets": 0,
    "best_line": 20,
    "orderbook": 15,
    "trades": 12,
    "roster_events": 0
  },
  "rows_deduped": {
    "markets": 21,
    "best_line": 22,
    "orderbook": 89,
    "trades": 0,
    "roster_events": 0
  },
  "raw_counts": {
    "markets": 21,
    "orderbook": 104,
    "best_line": 42,
    "trades": 12
  },
  "finished_ts": "2026-08-16T04:30:06.531038+00:00"
}
{
  "cycle_id": "8dc5661e-70af-4427-927c-ac3325da25f9",
  "started_ts": "2026-08-16T04:35:02.392307+00:00",
  "league_id": 1384,
  "endpoints_attempted": [
    "/markets/active",
    "/orders",
    "/orders",
    "/trades",
    "/trades"
  ],
  "endpoint_failures": [],
  "rows_written": {
    "markets": 0,
    "best_line": 20,
    "orderbook": 15,
    "trades": 12,
    "roster_events": 0
  },
  "rows_deduped": {
    "markets": 21,
    "best_line": 22,
    "orderbook": 89,
    "trades": 0,
    "roster_events": 0
  },
  "raw_counts": {
    "markets": 21,
    "orderbook": 104,
    "best_line": 42,
    "trades": 12
  },
  "finished_ts": "2026-08-16T04:35:06.649819+00:00"
}
{
  "cycle_id": "af8a8990-bfc7-4b26-9553-e7aae75f8256",
  "started_ts": "2026-08-16T04:40:02.155731+00:00",
  "league_id": 1384,
  "endpoints_attempted": [
    "/markets/active",
    "/orders",
    "/orders",
    "/trades",
    "/trades"
  ],
  "endpoint_failures": [],
  "rows_written": {
    "markets": 0,
    "best_line": 21,
    "orderbook": 12,
    "trades": 12,
    "roster_events": 0
  },
  "rows_deduped": {
    "markets": 21,
    "best_line": 21,
    "orderbook": 92,
    "trades": 0,
    "roster_events": 0
  },
  "raw_counts": {
    "markets": 21,
    "orderbook": 104,
    "best_line": 42,
    "trades": 12
  },
  "finished_ts": "2026-08-16T04:40:06.428224+00:00"
}
{
  "cycle_id": "817ed636-710e-4369-beae-bc513c8acfae",
  "started_ts": "2026-08-16T04:45:02.547412+00:00",
  "league_id": 1384,
  "endpoints_attempted": [
    "/markets/active",
    "/orders",
    "/orders",
    "/trades",
    "/trades"
  ],
  "endpoint_failures": [],
  "rows_written": {
    "markets": 0,
    "best_line": 33,
    "orderbook": 37,
    "trades": 12,
    "roster_events": 0
  },
  "rows_deduped": {
    "markets": 21,
    "best_line": 9,
    "orderbook": 69,
    "trades": 0,
    "roster_events": 0
  },
  "raw_counts": {
    "markets": 21,
    "orderbook": 106,
    "best_line": 42,
    "trades": 12
  },
  "finished_ts": "2026-08-16T04:45:06.838284+00:00"
}
{
  "cycle_id": "71e8d75a-ee2c-4e98-91ce-cbbdb1f498dc",
  "started_ts": "2026-08-16T04:50:02.362248+00:00",
  "league_id": 1384,
  "endpoints_attempted": [
    "/markets/active",
    "/orders",
    "/orders",
    "/trades",
    "/trades"
  ],
  "endpoint_failures": [],
  "rows_written": {
    "markets": 0,
    "best_line": 27,
    "orderbook": 19,
    "trades": 12,
    "roster_events": 0
  },
  "rows_deduped": {
    "markets": 21,
    "best_line": 15,
    "orderbook": 87,
    "trades": 0,
    "roster_events": 0
  },
  "raw_counts": {
    "markets": 21,
    "orderbook": 106,
    "best_line": 42,
    "trades": 12
  },
  "finished_ts": "2026-08-16T04:50:06.637872+00:00"
}
{
  "cycle_id": "0b65443a-acb0-4cd9-b50f-6add59462ee6",
  "started_ts": "2026-08-16T04:55:02.144352+00:00",
  "league_id": 1384,
  "endpoints_attempted": [
    "/markets/active",
    "/orders",
    "/orders",
    "/trades",
    "/trades"
  ],
  "endpoint_failures": [],
  "rows_written": {
    "markets": 2,
    "best_line": 25,
    "orderbook": 35,
    "trades": 12,
    "roster_events": 0
  },
  "rows_deduped": {
    "markets": 20,
    "best_line": 19,
    "orderbook": 77,
    "trades": 0,
    "roster_events": 0
  },
  "raw_counts": {
    "markets": 22,
    "orderbook": 112,
    "best_line": 44,
    "trades": 12
  },
  "finished_ts": "2026-08-16T04:55:06.400032+00:00"
}
{
  "cycle_id": "5d9fa04d-1500-48f0-b7dd-783af3d32dbd",
  "started_ts": "2026-08-16T18:00:40.084692+00:00",
  "league_id": 1384,
  "endpoints_attempted": [
    "/markets/active",
    "/orders",
    "/orders",
    "/trades",
    "/trades"
  ],
  "endpoint_failures": [],
  "rows_written": {
    "markets": 25,
    "best_line": 76,
    "orderbook": 200,
    "trades": 200,
    "roster_events": 0
  },
  "rows_deduped": {
    "markets": 14,
    "best_line": 2,
    "orderbook": 0,
    "trades": 0,
    "roster_events": 0
  },
  "raw_counts": {
    "markets": 39,
    "orderbook": 200,
    "best_line": 78,
    "trades": 200
  },
  "finished_ts": "2026-08-16T18:00:46.280644+00:00"
}
{
  "cycle_id": "21cb3ae2-7434-4750-aebc-1a0762a517b5",
  "started_ts": "2026-08-16T18:05:02.672653+00:00",
  "league_id": 1384,
  "endpoints_attempted": [
    "/markets/active",
    "/orders",
    "/orders",
    "/trades",
    "/trades"
  ],
  "endpoint_failures": [],
  "rows_written": {
    "markets": 4,
    "best_line": 51,
    "orderbook": 59,
    "trades": 200,
    "roster_events": 0
  },
  "rows_deduped": {
    "markets": 35,
    "best_line": 27,
    "orderbook": 141,
    "trades": 0,
    "roster_events": 0
  },
  "raw_counts": {
    "markets": 39,
    "orderbook": 200,
    "best_line": 78,
    "trades": 200
  },
  "finished_ts": "2026-08-16T18:05:06.965977+00:00"
}
{
  "cycle_id": "ed96dc94-20b2-4526-848b-f6d141a1a061",
  "started_ts": "2026-08-16T18:10:02.737751+00:00",
  "league_id": 1384,
  "endpoints_attempted": [
    "/markets/active",
    "/orders",
    "/orders",
    "/orders",
    "/trades",
    "/trades",
    "/trades"
  ],
  "endpoint_failures": [],
  "rows_written": {
    "markets": 5,
    "best_line": 53,
    "orderbook": 47,
    "trades": 200,
    "roster_events": 0
  },
  "rows_deduped": {
    "markets": 37,
    "best_line": 31,
    "orderbook": 153,
    "trades": 0,
    "roster_events": 0
  },
  "raw_counts": {
    "markets": 42,
    "orderbook": 200,
    "best_line": 84,
    "trades": 200
  },
  "finished_ts": "2026-08-16T18:10:09.096515+00:00"
}
{
  "cycle_id": "1903b1d0-fbe3-4be6-9db8-4abe04f09e74",
  "started_ts": "2026-08-16T18:15:02.684781+00:00",
  "league_id": 1384,
  "endpoints_attempted": [
    "/markets/active",
    "/orders",
    "/orders",
    "/orders",
    "/trades",
    "/trades",
    "/trades"
  ],
  "endpoint_failures": [],
  "rows_written": {
    "markets": 2,
    "best_line": 44,
    "orderbook": 48,
    "trades": 200,
    "roster_events": 0
  },
  "rows_deduped": {
    "markets": 40,
    "best_line": 40,
    "orderbook": 152,
    "trades": 0,
    "roster_events": 0
  },
  "raw_counts": {
    "markets": 42,
    "orderbook": 200,
    "best_line": 84,
    "trades": 200
  },
  "finished_ts": "2026-08-16T18:15:09.070106+00:00"
}
{
  "cycle_id": "e98e3416-d19f-4237-b1d9-6010aa687792",
  "started_ts": "2026-08-16T18:20:02.062672+00:00",
  "league_id": 1384,
  "endpoints_attempted": [
    "/markets/active",
    "/orders",
    "/orders",
    "/orders",
    "/trades",
    "/trades",
    "/trades"
  ],
  "endpoint_failures": [],
  "rows_written": {
    "markets": 0,
    "best_line": 46,
    "orderbook": 55,
    "trades": 200,
    "roster_events": 0
  },
  "rows_deduped": {
    "markets": 42,
    "best_line": 38,
    "orderbook": 145,
    "trades": 0,
    "roster_events": 0
  },
  "raw_counts": {
    "markets": 42,
    "orderbook": 200,
    "best_line": 84,
    "trades": 200
  },
  "finished_ts": "2026-08-16T18:20:08.447868+00:00"
}
{
  "cycle_id": "8e336635-2bb0-4e03-8c77-96a41b8c6485",
  "started_ts": "2026-08-16T18:25:02.610227+00:00",
  "league_id": 1384,
  "endpoints_attempted": [
    "/markets/active",
    "/orders",
    "/orders",
    "/orders",
    "/trades",
    "/trades",
    "/trades"
  ],
  "endpoint_failures": [],
  "rows_written": {
    "markets": 0,
    "best_line": 41,
    "orderbook": 27,
    "trades": 200,
    "roster_events": 0
  },
  "rows_deduped": {
    "markets": 42,
    "best_line": 43,
    "orderbook": 173,
    "trades": 0,
    "roster_events": 0
  },
  "raw_counts": {
    "markets": 42,
    "orderbook": 200,
    "best_line": 84,
    "trades": 200
  },
  "finished_ts": "2026-08-16T18:25:08.986633+00:00"
}
{
  "cycle_id": "edc8c2a9-ea38-4d4f-86d3-d4bc6add1e19",
  "started_ts": "2026-08-16T18:30:03.250283+00:00",
  "league_id": 1384,
  "endpoints_attempted": [
    "/markets/active",
    "/orders",
    "/orders",
    "/orders",
    "/trades",
    "/trades",
    "/trades"
  ],
  "endpoint_failures": [],
  "rows_written": {
    "markets": 0,
    "best_line": 43,
    "orderbook": 49,
    "trades": 200,
    "roster_events": 0
  },
  "rows_deduped": {
    "markets": 42,
    "best_line": 41,
    "orderbook": 151,
    "trades": 0,
    "roster_events": 0
  },
  "raw_counts": {
    "markets": 42,
    "orderbook": 200,
    "best_line": 84,
    "trades": 200
  },
  "finished_ts": "2026-08-16T18:30:09.607592+00:00"
}
{
  "cycle_id": "162eec39-9fb1-4241-94b0-e22b734a924f",
  "started_ts": "2026-08-16T18:35:02.759918+00:00",
  "league_id": 1384,
  "endpoints_attempted": [
    "/markets/active",
    "/orders",
    "/orders",
    "/orders",
    "/trades",
    "/trades",
    "/trades"
  ],
  "endpoint_failures": [],
  "rows_written": {
    "markets": 0,
    "best_line": 47,
    "orderbook": 50,
    "trades": 200,
    "roster_events": 0
  },
  "rows_deduped": {
    "markets": 42,
    "best_line": 37,
    "orderbook": 150,
    "trades": 0,
    "roster_events": 0
  },
  "raw_counts": {
    "markets": 42,
    "orderbook": 200,
    "best_line": 84,
    "trades": 200
  },
  "finished_ts": "2026-08-16T18:35:09.143593+00:00"
}
{
  "cycle_id": "378f993f-6c35-450e-a32d-e1b1cbe2be57",
  "started_ts": "2026-08-16T18:40:02.714668+00:00",
  "league_id": 1384,
  "endpoints_attempted": [
    "/markets/active",
    "/orders",
    "/orders",
    "/orders",
    "/trades",
    "/trades",
    "/trades"
  ],
  "endpoint_failures": [],
  "rows_written": {
    "markets": 2,
    "best_line": 49,
    "orderbook": 58,
    "trades": 200,
    "roster_events": 0
  },
  "rows_deduped": {
    "markets": 41,
    "best_line": 37,
    "orderbook": 142,
    "trades": 0,
    "roster_events": 0
  },
  "raw_counts": {
    "markets": 43,
    "orderbook": 200,
    "best_line": 86,
    "trades": 200
  },
  "finished_ts": "2026-08-16T18:40:09.072068+00:00"
}
{
  "cycle_id": "f1b57fb5-6507-4dd9-a76e-bc8ee8da4a0d",
  "started_ts": "2026-08-16T18:45:03.147974+00:00",
  "league_id": 1384,
  "endpoints_attempted": [
    "/markets/active",
    "/orders",
    "/orders",
    "/orders",
    "/trades",
    "/trades",
    "/trades"
  ],
  "endpoint_failures": [],
  "rows_written": {
    "markets": 2,
    "best_line": 8,
    "orderbook": 4,
    "trades": 200,
    "roster_events": 0
  },
  "rows_deduped": {
    "markets": 41,
    "best_line": 78,
    "orderbook": 196,
    "trades": 0,
    "roster_events": 0
  },
  "raw_counts": {
    "markets": 43,
    "orderbook": 200,
    "best_line": 86,
    "trades": 200
  },
  "finished_ts": "2026-08-16T18:45:09.519957+00:00"
}
{
  "cycle_id": "67fd5e11-469f-4dbe-849c-10e674bfd79e",
  "started_ts": "2026-08-16T18:50:02.610060+00:00",
  "league_id": 1384,
  "endpoints_attempted": [
    "/markets/active",
    "/orders",
    "/orders",
    "/orders",
    "/trades",
    "/trades",
    "/trades"
  ],
  "endpoint_failures": [],
  "rows_written": {
    "markets": 0,
    "best_line": 22,
    "orderbook": 19,
    "trades": 200,
    "roster_events": 0
  },
  "rows_deduped": {
    "markets": 43,
    "best_line": 64,
    "orderbook": 181,
    "trades": 0,
    "roster_events": 0
  },
  "raw_counts": {
    "markets": 43,
    "orderbook": 200,
    "best_line": 86,
    "trades": 200
  },
  "finished_ts": "2026-08-16T18:50:08.971226+00:00"
}
{
  "cycle_id": "532aa705-53ef-473a-ba41-1d1e21174f8a",
  "started_ts": "2026-08-16T18:55:02.574250+00:00",
  "league_id": 1384,
  "endpoints_attempted": [
    "/markets/active",
    "/orders",
    "/orders",
    "/orders",
    "/trades",
    "/trades",
    "/trades"
  ],
  "endpoint_failures": [],
  "rows_written": {
    "markets": 0,
    "best_line": 29,
    "orderbook": 18,
    "trades": 200,
    "roster_events": 0
  },
  "rows_deduped": {
    "markets": 43,
    "best_line": 57,
    "orderbook": 182,
    "trades": 0,
    "roster_events": 0
  },
  "raw_counts": {
    "markets": 43,
    "orderbook": 200,
    "best_line": 86,
    "trades": 200
  },
  "finished_ts": "2026-08-16T18:55:08.931880+00:00"
}
{
  "cycle_id": "7b6136df-fef5-4626-b3b9-955a2196f535",
  "started_ts": "2026-08-16T19:00:03.760897+00:00",
  "league_id": 1384,
  "endpoints_attempted": [
    "/markets/active",
    "/orders",
    "/orders",
    "/orders",
    "/trades",
    "/trades",
    "/trades"
  ],
  "endpoint_failures": [],
  "rows_written": {
    "markets": 1,
    "best_line": 30,
    "orderbook": 26,
    "trades": 200,
    "roster_events": 0
  },
  "rows_deduped": {
    "markets": 43,
    "best_line": 58,
    "orderbook": 174,
    "trades": 0,
    "roster_events": 0
  },
  "raw_counts": {
    "markets": 44,
    "orderbook": 200,
    "best_line": 88,
    "trades": 200
  },
  "finished_ts": "2026-08-16T19:00:10.734880+00:00"
}
{
  "cycle_id": "b6b98b7a-7905-4e82-a4c4-4a0c1b13d83e",
  "started_ts": "2026-08-16T19:05:02.842212+00:00",
  "league_id": 1384,
  "endpoints_attempted": [
    "/markets/active",
    "/orders",
    "/orders",
    "/orders",
    "/trades",
    "/trades",
    "/trades"
  ],
  "endpoint_failures": [],
  "rows_written": {
    "markets": 2,
    "best_line": 55,
    "orderbook": 63,
    "trades": 200,
    "roster_events": 0
  },
  "rows_deduped": {
    "markets": 42,
    "best_line": 33,
    "orderbook": 137,
    "trades": 0,
    "roster_events": 0
  },
  "raw_counts": {
    "markets": 44,
    "orderbook": 200,
    "best_line": 88,
    "trades": 200
  },
  "finished_ts": "2026-08-16T19:05:09.220427+00:00"
}
{
  "cycle_id": "0a901d04-2e5e-43af-b143-234dd95575f3",
  "started_ts": "2026-08-16T19:10:02.609401+00:00",
  "league_id": 1384,
  "endpoints_attempted": [
    "/markets/active",
    "/orders",
    "/orders",
    "/orders",
    "/trades",
    "/trades",
    "/trades"
  ],
  "endpoint_failures": [],
  "rows_written": {
    "markets": 0,
    "best_line": 45,
    "orderbook": 60,
    "trades": 200,
    "roster_events": 0
  },
  "rows_deduped": {
    "markets": 44,
    "best_line": 43,
    "orderbook": 140,
    "trades": 0,
    "roster_events": 0
  },
  "raw_counts": {
    "markets": 44,
    "orderbook": 200,
    "best_line": 88,
    "trades": 200
  },
  "finished_ts": "2026-08-16T19:10:08.974562+00:00"
}
{
  "cycle_id": "995575fc-5270-4dd2-b569-dad41c1ec7c1",
  "started_ts": "2026-08-16T19:15:03.012170+00:00",
  "league_id": 1384,
  "endpoints_attempted": [
    "/markets/active",
    "/orders",
    "/orders",
    "/orders",
    "/trades",
    "/trades",
    "/trades"
  ],
  "endpoint_failures": [],
  "rows_written": {
    "markets": 4,
    "best_line": 32,
    "orderbook": 23,
    "trades": 200,
    "roster_events": 0
  },
  "rows_deduped": {
    "markets": 40,
    "best_line": 56,
    "orderbook": 177,
    "trades": 0,
    "roster_events": 0
  },
  "raw_counts": {
    "markets": 44,
    "orderbook": 200,
    "best_line": 88,
    "trades": 200
  },
  "finished_ts": "2026-08-16T19:15:09.462276+00:00"
}
{
  "cycle_id": "e7886467-4918-4153-8746-9e3c8a8cb92e",
  "started_ts": "2026-08-16T19:20:02.586406+00:00",
  "league_id": 1384,
  "endpoints_attempted": [
    "/markets/active",
    "/orders",
    "/orders",
    "/orders",
    "/trades",
    "/trades",
    "/trades"
  ],
  "endpoint_failures": [],
  "rows_written": {
    "markets": 1,
    "best_line": 43,
    "orderbook": 81,
    "trades": 200,
    "roster_events": 0
  },
  "rows_deduped": {
    "markets": 43,
    "best_line": 45,
    "orderbook": 119,
    "trades": 0,
    "roster_events": 0
  },
  "raw_counts": {
    "markets": 44,
    "orderbook": 200,
    "best_line": 88,
    "trades": 200
  },
  "finished_ts": "2026-08-16T19:20:08.974330+00:00"
}
{
  "cycle_id": "5309c30f-90be-4cfc-9c25-d7b49997070f",
  "started_ts": "2026-08-16T19:25:02.645736+00:00",
  "league_id": 1384,
  "endpoints_attempted": [
    "/markets/active",
    "/orders",
    "/orders",
    "/orders",
    "/trades",
    "/trades",
    "/trades"
  ],
  "endpoint_failures": [],
  "rows_written": {
    "markets": 0,
    "best_line": 16,
    "orderbook": 10,
    "trades": 200,
    "roster_events": 0
  },
  "rows_deduped": {
    "markets": 44,
    "best_line": 72,
    "orderbook": 190,
    "trades": 0,
    "roster_events": 0
  },
  "raw_counts": {
    "markets": 44,
    "orderbook": 200,
    "best_line": 88,
    "trades": 200
  },
  "finished_ts": "2026-08-16T19:25:09.013681+00:00"
}
{
  "cycle_id": "bc10f3be-ad0a-464b-828f-0182aab348a8",
  "started_ts": "2026-08-16T19:30:03.179783+00:00",
  "league_id": 1384,
  "endpoints_attempted": [
    "/markets/active",
    "/orders",
    "/orders",
    "/orders",
    "/trades",
    "/trades",
    "/trades"
  ],
  "endpoint_failures": [],
  "rows_written": {
    "markets": 0,
    "best_line": 42,
    "orderbook": 56,
    "trades": 200,
    "roster_events": 0
  },
  "rows_deduped": {
    "markets": 44,
    "best_line": 46,
    "orderbook": 144,
    "trades": 0,
    "roster_events": 0
  },
  "raw_counts": {
    "markets": 44,
    "orderbook": 200,
    "best_line": 88,
    "trades": 200
  },
  "finished_ts": "2026-08-16T19:30:09.539962+00:00"
}
{
  "cycle_id": "a5318934-719a-491c-86f1-492d7ddc644e",
  "started_ts": "2026-08-16T19:35:02.593612+00:00",
  "league_id": 1384,
  "endpoints_attempted": [
    "/markets/active",
    "/orders",
    "/orders",
    "/orders",
    "/trades",
    "/trades",
    "/trades"
  ],
  "endpoint_failures": [],
  "rows_written": {
    "markets": 0,
    "best_line": 48,
    "orderbook": 50,
    "trades": 200,
    "roster_events": 0
  },
  "rows_deduped": {
    "markets": 44,
    "best_line": 40,
    "orderbook": 150,
    "trades": 0,
    "roster_events": 0
  },
  "raw_counts": {
    "markets": 44,
    "orderbook": 200,
    "best_line": 88,
    "trades": 200
  },
  "finished_ts": "2026-08-16T19:35:08.950211+00:00"
}
{
  "cycle_id": "e9e7d57a-d52e-4c54-b3e7-4ec0ac766c49",
  "started_ts": "2026-08-16T19:40:02.637494+00:00",
  "league_id": 1384,
  "endpoints_attempted": [
    "/markets/active",
    "/orders",
    "/orders",
    "/orders",
    "/trades",
    "/trades",
    "/trades"
  ],
  "endpoint_failures": [],
  "rows_written": {
    "markets": 0,
    "best_line": 52,
    "orderbook": 65,
    "trades": 200,
    "roster_events": 0
  },
  "rows_deduped": {
    "markets": 44,
    "best_line": 36,
    "orderbook": 135,
    "trades": 0,
    "roster_events": 0
  },
  "raw_counts": {
    "markets": 44,
    "orderbook": 200,
    "best_line": 88,
    "trades": 200
  },
  "finished_ts": "2026-08-16T19:40:09.010411+00:00"
}
{
  "cycle_id": "ab1c2359-a46d-40b0-b5a2-fc1c21919921",
  "started_ts": "2026-08-16T19:45:03.175178+00:00",
  "league_id": 1384,
  "endpoints_attempted": [
    "/markets/active",
    "/orders",
    "/orders",
    "/orders",
    "/trades",
    "/trades",
    "/trades"
  ],
  "endpoint_failures": [],
  "rows_written": {
    "markets": 2,
    "best_line": 33,
    "orderbook": 21,
    "trades": 200,
    "roster_events": 0
  },
  "rows_deduped": {
    "markets": 42,
    "best_line": 55,
    "orderbook": 179,
    "trades": 0,
    "roster_events": 0
  },
  "raw_counts": {
    "markets": 44,
    "orderbook": 200,
    "best_line": 88,
    "trades": 200
  },
  "finished_ts": "2026-08-16T19:45:09.625757+00:00"
}
{
  "cycle_id": "fc365036-3c61-4581-a8eb-c658bc1b6a31",
  "started_ts": "2026-08-16T19:50:02.600013+00:00",
  "league_id": 1384,
  "endpoints_attempted": [
    "/markets/active",
    "/orders",
    "/orders",
    "/orders",
    "/trades",
    "/trades",
    "/trades"
  ],
  "endpoint_failures": [],
  "rows_written": {
    "markets": 2,
    "best_line": 42,
    "orderbook": 37,
    "trades": 200,
    "roster_events": 0
  },
  "rows_deduped": {
    "markets": 42,
    "best_line": 46,
    "orderbook": 163,
    "trades": 0,
    "roster_events": 0
  },
  "raw_counts": {
    "markets": 44,
    "orderbook": 200,
    "best_line": 88,
    "trades": 200
  },
  "finished_ts": "2026-08-16T19:50:08.974432+00:00"
}
{
  "cycle_id": "024eea4f-b3da-4cdc-81df-a50ae35c0c10",
  "started_ts": "2026-08-16T19:55:02.590857+00:00",
  "league_id": 1384,
  "endpoints_attempted": [
    "/markets/active",
    "/orders",
    "/orders",
    "/orders",
    "/trades",
    "/trades",
    "/trades"
  ],
  "endpoint_failures": [],
  "rows_written": {
    "markets": 0,
    "best_line": 43,
    "orderbook": 37,
    "trades": 200,
    "roster_events": 0
  },
  "rows_deduped": {
    "markets": 44,
    "best_line": 45,
    "orderbook": 163,
    "trades": 0,
    "roster_events": 0
  },
  "raw_counts": {
    "markets": 44,
    "orderbook": 200,
    "best_line": 88,
    "trades": 200
  },
  "finished_ts": "2026-08-16T19:55:09.190860+00:00"
}
{
  "cycle_id": "d7822141-4263-4dbb-8a31-6de4534133e7",
  "started_ts": "2026-08-16T20:00:04.095541+00:00",
  "league_id": 1384,
  "endpoints_attempted": [
    "/markets/active",
    "/orders",
    "/orders",
    "/orders",
    "/trades",
    "/trades",
    "/trades"
  ],
  "endpoint_failures": [],
  "rows_written": {
    "markets": 0,
    "best_line": 53,
    "orderbook": 98,
    "trades": 200,
    "roster_events": 0
  },
  "rows_deduped": {
    "markets": 44,
    "best_line": 35,
    "orderbook": 102,
    "trades": 0,
    "roster_events": 0
  },
  "raw_counts": {
    "markets": 44,
    "orderbook": 200,
    "best_line": 88,
    "trades": 200
  },
  "finished_ts": "2026-08-16T20:00:11.065482+00:00"
}
{
  "cycle_id": "fada40b1-85f7-4061-82cd-83b1c071addd",
  "started_ts": "2026-08-16T20:05:02.866993+00:00",
  "league_id": 1384,
  "endpoints_attempted": [
    "/markets/active",
    "/orders",
    "/orders",
    "/orders",
    "/trades",
    "/trades",
    "/trades"
  ],
  "endpoint_failures": [],
  "rows_written": {
    "markets": 7,
    "best_line": 42,
    "orderbook": 44,
    "trades": 200,
    "roster_events": 0
  },
  "rows_deduped": {
    "markets": 37,
    "best_line": 46,
    "orderbook": 156,
    "trades": 0,
    "roster_events": 0
  },
  "raw_counts": {
    "markets": 44,
    "orderbook": 200,
    "best_line": 88,
    "trades": 200
  },
  "finished_ts": "2026-08-16T20:05:09.254754+00:00"
}
{
  "cycle_id": "0b6631bd-1c0c-4df5-ab86-190aeee128ee",
  "started_ts": "2026-08-16T20:10:05.005387+00:00",
  "league_id": 1384,
  "endpoints_attempted": [
    "/markets/active",
    "/orders",
    "/orders",
    "/orders",
    "/trades",
    "/trades",
    "/trades"
  ],
  "endpoint_failures": [],
  "rows_written": {
    "markets": 0,
    "best_line": 41,
    "orderbook": 76,
    "trades": 200,
    "roster_events": 0
  },
  "rows_deduped": {
    "markets": 44,
    "best_line": 47,
    "orderbook": 124,
    "trades": 0,
    "roster_events": 0
  },
  "raw_counts": {
    "markets": 44,
    "orderbook": 200,
    "best_line": 88,
    "trades": 200
  },
  "finished_ts": "2026-08-16T20:10:11.471479+00:00"
}
{
  "cycle_id": "f2127106-f003-4d41-93dc-08cce5f4487c",
  "started_ts": "2026-08-16T20:15:03.235716+00:00",
  "league_id": 1384,
  "endpoints_attempted": [
    "/markets/active",
    "/orders",
    "/orders",
    "/orders",
    "/trades",
    "/trades",
    "/trades"
  ],
  "endpoint_failures": [],
  "rows_written": {
    "markets": 2,
    "best_line": 39,
    "orderbook": 36,
    "trades": 200,
    "roster_events": 0
  },
  "rows_deduped": {
    "markets": 43,
    "best_line": 51,
    "orderbook": 169,
    "trades": 0,
    "roster_events": 0
  },
  "raw_counts": {
    "markets": 45,
    "orderbook": 205,
    "best_line": 90,
    "trades": 200
  },
  "finished_ts": "2026-08-16T20:15:09.605914+00:00"
}
{
  "cycle_id": "26807999-3af7-43d0-b2eb-fccfa8c9b41c",
  "started_ts": "2026-08-16T20:20:02.839066+00:00",
  "league_id": 1384,
  "endpoints_attempted": [
    "/markets/active",
    "/orders",
    "/orders",
    "/orders",
    "/trades",
    "/trades",
    "/trades"
  ],
  "endpoint_failures": [],
  "rows_written": {
    "markets": 1,
    "best_line": 53,
    "orderbook": 75,
    "trades": 200,
    "roster_events": 0
  },
  "rows_deduped": {
    "markets": 44,
    "best_line": 37,
    "orderbook": 133,
    "trades": 0,
    "roster_events": 0
  },
  "raw_counts": {
    "markets": 45,
    "orderbook": 208,
    "best_line": 90,
    "trades": 200
  },
  "finished_ts": "2026-08-16T20:20:09.199647+00:00"
}
{
  "cycle_id": "6bef8165-3643-4c92-b76e-a99e3f64a507",
  "started_ts": "2026-08-16T20:25:02.710385+00:00",
  "league_id": 1384,
  "endpoints_attempted": [
    "/markets/active",
    "/orders",
    "/orders",
    "/orders",
    "/trades",
    "/trades",
    "/trades"
  ],
  "endpoint_failures": [],
  "rows_written": {
    "markets": 2,
    "best_line": 51,
    "orderbook": 86,
    "trades": 200,
    "roster_events": 0
  },
  "rows_deduped": {
    "markets": 43,
    "best_line": 39,
    "orderbook": 123,
    "trades": 0,
    "roster_events": 0
  },
  "raw_counts": {
    "markets": 45,
    "orderbook": 209,
    "best_line": 90,
    "trades": 200
  },
  "finished_ts": "2026-08-16T20:25:09.086345+00:00"
}
{
  "cycle_id": "ce307a1c-45a3-47dc-acbd-803d693e64fe",
  "started_ts": "2026-08-16T20:30:03.983754+00:00",
  "league_id": 1384,
  "endpoints_attempted": [
    "/markets/active",
    "/orders",
    "/orders",
    "/orders",
    "/trades",
    "/trades",
    "/trades"
  ],
  "endpoint_failures": [],
  "rows_written": {
    "markets": 2,
    "best_line": 54,
    "orderbook": 111,
    "trades": 200,
    "roster_events": 0
  },
  "rows_deduped": {
    "markets": 43,
    "best_line": 36,
    "orderbook": 98,
    "trades": 0,
    "roster_events": 0
  },
  "raw_counts": {
    "markets": 45,
    "orderbook": 209,
    "best_line": 90,
    "trades": 200
  },
  "finished_ts": "2026-08-16T20:30:10.501912+00:00"
}
{
  "cycle_id": "d05dd888-bcb0-429e-b44e-cf5dd0f3cd20",
  "started_ts": "2026-08-16T20:35:02.789691+00:00",
  "league_id": 1384,
  "endpoints_attempted": [
    "/markets/active",
    "/orders",
    "/orders",
    "/orders",
    "/trades",
    "/trades",
    "/trades"
  ],
  "endpoint_failures": [],
  "rows_written": {
    "markets": 2,
    "best_line": 60,
    "orderbook": 101,
    "trades": 200,
    "roster_events": 0
  },
  "rows_deduped": {
    "markets": 44,
    "best_line": 32,
    "orderbook": 109,
    "trades": 0,
    "roster_events": 0
  },
  "raw_counts": {
    "markets": 46,
    "orderbook": 210,
    "best_line": 92,
    "trades": 200
  },
  "finished_ts": "2026-08-16T20:35:09.174868+00:00"
}
{
  "cycle_id": "e76e610d-dcea-4b35-b519-d7ea26dbf025",
  "started_ts": "2026-08-16T20:40:03.112156+00:00",
  "league_id": 1384,
  "endpoints_attempted": [
    "/markets/active",
    "/orders",
    "/orders",
    "/orders",
    "/trades",
    "/trades",
    "/trades"
  ],
  "endpoint_failures": [],
  "rows_written": {
    "markets": 0,
    "best_line": 56,
    "orderbook": 123,
    "trades": 200,
    "roster_events": 0
  },
  "rows_deduped": {
    "markets": 46,
    "best_line": 36,
    "orderbook": 85,
    "trades": 0,
    "roster_events": 0
  },
  "raw_counts": {
    "markets": 46,
    "orderbook": 208,
    "best_line": 92,
    "trades": 200
  },
  "finished_ts": "2026-08-16T20:40:09.489598+00:00"
}
{
  "cycle_id": "124db574-52b1-4e39-8880-2e23df704a7e",
  "started_ts": "2026-08-16T20:45:03.432816+00:00",
  "league_id": 1384,
  "endpoints_attempted": [
    "/markets/active",
    "/orders",
    "/orders",
    "/orders",
    "/trades",
    "/trades",
    "/trades"
  ],
  "endpoint_failures": [],
  "rows_written": {
    "markets": 6,
    "best_line": 55,
    "orderbook": 111,
    "trades": 200,
    "roster_events": 0
  },
  "rows_deduped": {
    "markets": 40,
    "best_line": 37,
    "orderbook": 98,
    "trades": 0,
    "roster_events": 0
  },
  "raw_counts": {
    "markets": 46,
    "orderbook": 209,
    "best_line": 92,
    "trades": 200
  },
  "finished_ts": "2026-08-16T20:45:09.887132+00:00"
}
{
  "cycle_id": "73313f7d-3537-4be1-b980-38e60d986c68",
  "started_ts": "2026-08-16T20:50:03.485011+00:00",
  "league_id": 1384,
  "endpoints_attempted": [
    "/markets/active",
    "/orders",
    "/orders",
    "/orders",
    "/trades",
    "/trades",
    "/trades"
  ],
  "endpoint_failures": [],
  "rows_written": {
    "markets": 2,
    "best_line": 53,
    "orderbook": 111,
    "trades": 200,
    "roster_events": 0
  },
  "rows_deduped": {
    "markets": 44,
    "best_line": 39,
    "orderbook": 102,
    "trades": 0,
    "roster_events": 0
  },
  "raw_counts": {
    "markets": 46,
    "orderbook": 213,
    "best_line": 92,
    "trades": 200
  },
  "finished_ts": "2026-08-16T20:50:09.843774+00:00"
}
{
  "cycle_id": "6ea70faa-7432-4fb5-b28d-4856ae77dde0",
  "started_ts": "2026-08-16T20:55:02.713561+00:00",
  "league_id": 1384,
  "endpoints_attempted": [
    "/markets/active",
    "/orders",
    "/orders",
    "/orders",
    "/trades",
    "/trades",
    "/trades"
  ],
  "endpoint_failures": [],
  "rows_written": {
    "markets": 0,
    "best_line": 56,
    "orderbook": 111,
    "trades": 200,
    "roster_events": 0
  },
  "rows_deduped": {
    "markets": 46,
    "best_line": 36,
    "orderbook": 102,
    "trades": 0,
    "roster_events": 0
  },
  "raw_counts": {
    "markets": 46,
    "orderbook": 213,
    "best_line": 92,
    "trades": 200
  },
  "finished_ts": "2026-08-16T20:55:09.104149+00:00"
}
{
  "cycle_id": "ac6772f2-8a85-4b73-af57-e73553a241d3",
  "started_ts": "2026-08-16T21:00:04.447484+00:00",
  "league_id": 1384,
  "endpoints_attempted": [
    "/markets/active",
    "/orders",
    "/orders",
    "/orders",
    "/trades",
    "/trades",
    "/trades"
  ],
  "endpoint_failures": [],
  "rows_written": {
    "markets": 2,
    "best_line": 56,
    "orderbook": 87,
    "trades": 200,
    "roster_events": 0
  },
  "rows_deduped": {
    "markets": 44,
    "best_line": 36,
    "orderbook": 66,
    "trades": 0,
    "roster_events": 0
  },
  "raw_counts": {
    "markets": 46,
    "orderbook": 153,
    "best_line": 92,
    "trades": 200
  },
  "finished_ts": "2026-08-16T21:00:11.507833+00:00"
}
{
  "cycle_id": "ee8c261e-3ec4-4434-8ff5-bb553ef359e6",
  "started_ts": "2026-08-16T21:05:02.383002+00:00",
  "league_id": 1384,
  "endpoints_attempted": [
    "/markets/active",
    "/orders",
    "/orders",
    "/orders",
    "/trades",
    "/trades",
    "/trades"
  ],
  "endpoint_failures": [],
  "rows_written": {
    "markets": 15,
    "best_line": 77,
    "orderbook": 117,
    "trades": 202,
    "roster_events": 0
  },
  "rows_deduped": {
    "markets": 41,
    "best_line": 35,
    "orderbook": 57,
    "trades": 0,
    "roster_events": 0
  },
  "raw_counts": {
    "markets": 56,
    "orderbook": 174,
    "best_line": 112,
    "trades": 202
  },
  "finished_ts": "2026-08-16T21:05:08.764802+00:00"
}
{
  "cycle_id": "b9e5cf0c-d65c-4d02-8322-04f87fcf8988",
  "started_ts": "2026-08-16T21:10:02.554704+00:00",
  "league_id": 1384,
  "endpoints_attempted": [
    "/markets/active",
    "/orders",
    "/orders",
    "/orders",
    "/orders",
    "/trades",
    "/trades",
    "/trades",
    "/trades"
  ],
  "endpoint_failures": [],
  "rows_written": {
    "markets": 21,
    "best_line": 101,
    "orderbook": 160,
    "trades": 206,
    "roster_events": 0
  },
  "rows_deduped": {
    "markets": 51,
    "best_line": 43,
    "orderbook": 69,
    "trades": 0,
    "roster_events": 0
  },
  "raw_counts": {
    "markets": 72,
    "orderbook": 229,
    "best_line": 144,
    "trades": 206
  },
  "finished_ts": "2026-08-16T21:10:11.129383+00:00"
}
{
  "cycle_id": "ab8dc4fa-06ae-44fb-a5c1-6870ebf0efec",
  "started_ts": "2026-08-16T21:15:04.121148+00:00",
  "league_id": 1384,
  "endpoints_attempted": [
    "/markets/active",
    "/orders",
    "/orders",
    "/orders",
    "/orders",
    "/trades",
    "/trades",
    "/trades",
    "/trades"
  ],
  "endpoint_failures": [],
  "rows_written": {
    "markets": 11,
    "best_line": 103,
    "orderbook": 187,
    "trades": 208,
    "roster_events": 0
  },
  "rows_deduped": {
    "markets": 65,
    "best_line": 49,
    "orderbook": 91,
    "trades": 0,
    "roster_events": 0
  },
  "raw_counts": {
    "markets": 76,
    "orderbook": 278,
    "best_line": 152,
    "trades": 208
  },
  "finished_ts": "2026-08-16T21:15:12.953685+00:00"
}
{
  "cycle_id": "06873319-4f60-4309-902c-2970e65c165e",
  "started_ts": "2026-08-16T21:20:03.362523+00:00",
  "league_id": 1384,
  "endpoints_attempted": [
    "/markets/active",
    "/orders",
    "/orders",
    "/orders",
    "/orders",
    "/trades",
    "/trades",
    "/trades",
    "/trades"
  ],
  "endpoint_failures": [],
  "rows_written": {
    "markets": 8,
    "best_line": 114,
    "orderbook": 141,
    "trades": 210,
    "roster_events": 0
  },
  "rows_deduped": {
    "markets": 68,
    "best_line": 38,
    "orderbook": 48,
    "trades": 0,
    "roster_events": 0
  },
  "raw_counts": {
    "markets": 76,
    "orderbook": 189,
    "best_line": 152,
    "trades": 210
  },
  "finished_ts": "2026-08-16T21:20:11.838625+00:00"
}
{
  "cycle_id": "a2346045-3beb-421e-8c21-b35a74a815d5",
  "started_ts": "2026-08-16T21:25:03.142027+00:00",
  "league_id": 1384,
  "endpoints_attempted": [
    "/markets/active",
    "/orders",
    "/orders",
    "/orders",
    "/orders",
    "/orders",
    "/trades",
    "/trades",
    "/trades",
    "/trades",
    "/trades"
  ],
  "endpoint_failures": [],
  "rows_written": {
    "markets": 10,
    "best_line": 114,
    "orderbook": 214,
    "trades": 214,
    "roster_events": 0
  },
  "rows_deduped": {
    "markets": 71,
    "best_line": 48,
    "orderbook": 63,
    "trades": 0,
    "roster_events": 0
  },
  "raw_counts": {
    "markets": 81,
    "orderbook": 277,
    "best_line": 162,
    "trades": 214
  },
  "finished_ts": "2026-08-16T21:25:13.725492+00:00"
}
{
  "cycle_id": "331ceb6c-f6de-4c51-8f6e-7787836f147d",
  "started_ts": "2026-08-16T21:30:03.961491+00:00",
  "league_id": 1384,
  "endpoints_attempted": [
    "/markets/active",
    "/orders",
    "/orders",
    "/orders",
    "/orders",
    "/orders",
    "/trades",
    "/trades",
    "/trades",
    "/trades",
    "/trades"
  ],
  "endpoint_failures": [],
  "rows_written": {
    "markets": 8,
    "best_line": 105,
    "orderbook": 127,
    "trades": 214,
    "roster_events": 0
  },
  "rows_deduped": {
    "markets": 73,
    "best_line": 57,
    "orderbook": 81,
    "trades": 0,
    "roster_events": 0
  },
  "raw_counts": {
    "markets": 81,
    "orderbook": 208,
    "best_line": 162,
    "trades": 214
  },
  "finished_ts": "2026-08-16T21:30:14.610367+00:00"
}
{
  "cycle_id": "8d4040fa-481b-4c04-8bf0-283bb3984a4f",
  "started_ts": "2026-08-16T21:35:03.157743+00:00",
  "league_id": 1384,
  "endpoints_attempted": [
    "/markets/active",
    "/orders",
    "/orders",
    "/orders",
    "/orders",
    "/orders",
    "/trades",
    "/trades",
    "/trades",
    "/trades",
    "/trades"
  ],
  "endpoint_failures": [],
  "rows_written": {
    "markets": 10,
    "best_line": 120,
    "orderbook": 210,
    "trades": 216,
    "roster_events": 0
  },
  "rows_deduped": {
    "markets": 74,
    "best_line": 48,
    "orderbook": 75,
    "trades": 0,
    "roster_events": 0
  },
  "raw_counts": {
    "markets": 84,
    "orderbook": 285,
    "best_line": 168,
    "trades": 216
  },
  "finished_ts": "2026-08-16T21:35:13.724243+00:00"
}
{
  "cycle_id": "d7bfa1d9-5d0f-4ca4-9c8e-7c5cc9fd00ac",
  "started_ts": "2026-08-16T21:40:03.273708+00:00",
  "league_id": 1384,
  "endpoints_attempted": [
    "/markets/active",
    "/orders",
    "/orders",
    "/orders",
    "/orders",
    "/orders",
    "/trades",
    "/trades",
    "/trades",
    "/trades",
    "/trades"
  ],
  "endpoint_failures": [],
  "rows_written": {
    "markets": 11,
    "best_line": 127,
    "orderbook": 104,
    "trades": 218,
    "roster_events": 0
  },
  "rows_deduped": {
    "markets": 79,
    "best_line": 53,
    "orderbook": 57,
    "trades": 0,
    "roster_events": 0
  },
  "raw_counts": {
    "markets": 90,
    "orderbook": 161,
    "best_line": 180,
    "trades": 218
  },
  "finished_ts": "2026-08-16T21:40:13.845704+00:00"
}
{
  "cycle_id": "f69d07ba-b786-47af-a477-69b62b08439f",
  "started_ts": "2026-08-16T21:45:03.684382+00:00",
  "league_id": 1384,
  "endpoints_attempted": [
    "/markets/active",
    "/orders",
    "/orders",
    "/orders",
    "/orders",
    "/orders",
    "/trades",
    "/trades",
    "/trades",
    "/trades",
    "/trades"
  ],
  "endpoint_failures": [],
  "rows_written": {
    "markets": 11,
    "best_line": 106,
    "orderbook": 227,
    "trades": 218,
    "roster_events": 0
  },
  "rows_deduped": {
    "markets": 84,
    "best_line": 84,
    "orderbook": 40,
    "trades": 0,
    "roster_events": 0
  },
  "raw_counts": {
    "markets": 95,
    "orderbook": 267,
    "best_line": 190,
    "trades": 218
  },
  "finished_ts": "2026-08-16T21:45:14.317179+00:00"
}
{
  "cycle_id": "e936b281-40f1-4787-87d4-9a76555bd6bb",
  "started_ts": "2026-08-16T21:50:02.637547+00:00",
  "league_id": 1384,
  "endpoints_attempted": [
    "/markets/active",
    "/orders",
    "/orders",
    "/orders",
    "/orders",
    "/orders",
    "/trades",
    "/trades",
    "/trades",
    "/trades",
    "/trades"
  ],
  "endpoint_failures": [],
  "rows_written": {
    "markets": 11,
    "best_line": 122,
    "orderbook": 129,
    "trades": 218,
    "roster_events": 0
  },
  "rows_deduped": {
    "markets": 89,
    "best_line": 78,
    "orderbook": 76,
    "trades": 0,
    "roster_events": 0
  },
  "raw_counts": {
    "markets": 100,
    "orderbook": 205,
    "best_line": 200,
    "trades": 218
  },
  "finished_ts": "2026-08-16T21:50:13.221205+00:00"
}
{
  "cycle_id": "eb589b3d-39eb-487c-b5b3-e5a9b7e13bf0",
  "started_ts": "2026-08-16T21:55:02.149298+00:00",
  "league_id": 1384,
  "endpoints_attempted": [
    "/markets/active",
    "/orders",
    "/orders",
    "/orders",
    "/orders",
    "/orders",
    "/trades",
    "/trades",
    "/trades",
    "/trades",
    "/trades"
  ],
  "endpoint_failures": [],
  "rows_written": {
    "markets": 4,
    "best_line": 99,
    "orderbook": 165,
    "trades": 220,
    "roster_events": 0
  },
  "rows_deduped": {
    "markets": 96,
    "best_line": 101,
    "orderbook": 101,
    "trades": 0,
    "roster_events": 0
  },
  "raw_counts": {
    "markets": 100,
    "orderbook": 266,
    "best_line": 200,
    "trades": 220
  },
  "finished_ts": "2026-08-16T21:55:12.750582+00:00"
}
{
  "cycle_id": "084a80f6-55dc-45a7-b6e8-f6b817eba93d",
  "started_ts": "2026-08-16T22:00:02.852269+00:00",
  "league_id": 1384,
  "endpoints_attempted": [
    "/markets/active",
    "/orders",
    "/orders",
    "/orders",
    "/orders",
    "/orders",
    "/trades",
    "/trades",
    "/trades",
    "/trades",
    "/trades"
  ],
  "endpoint_failures": [],
  "rows_written": {
    "markets": 1,
    "best_line": 117,
    "orderbook": 190,
    "trades": 220,
    "roster_events": 0
  },
  "rows_deduped": {
    "markets": 99,
    "best_line": 83,
    "orderbook": 109,
    "trades": 0,
    "roster_events": 0
  },
  "raw_counts": {
    "markets": 100,
    "orderbook": 299,
    "best_line": 200,
    "trades": 220
  },
  "finished_ts": "2026-08-16T22:00:13.443258+00:00"
}
{
  "cycle_id": "df384f3d-bfdd-47eb-8d6c-1401d7765829",
  "started_ts": "2026-08-16T22:05:02.119680+00:00",
  "league_id": 1384,
  "endpoints_attempted": [
    "/markets/active",
    "/orders",
    "/orders",
    "/orders",
    "/orders",
    "/orders",
    "/trades",
    "/trades",
    "/trades",
    "/trades",
    "/trades"
  ],
  "endpoint_failures": [],
  "rows_written": {
    "markets": 2,
    "best_line": 112,
    "orderbook": 146,
    "trades": 220,
    "roster_events": 0
  },
  "rows_deduped": {
    "markets": 98,
    "best_line": 88,
    "orderbook": 112,
    "trades": 0,
    "roster_events": 0
  },
  "raw_counts": {
    "markets": 100,
    "orderbook": 258,
    "best_line": 200,
    "trades": 220
  },
  "finished_ts": "2026-08-16T22:05:12.704795+00:00"
}
{
  "cycle_id": "0436dc53-c002-4eed-82d1-d4bfa8726b97",
  "started_ts": "2026-08-16T22:10:02.111024+00:00",
  "league_id": 1384,
  "endpoints_attempted": [
    "/markets/active",
    "/orders",
    "/orders",
    "/orders",
    "/orders",
    "/orders",
    "/trades",
    "/trades",
    "/trades",
    "/trades",
    "/trades"
  ],
  "endpoint_failures": [],
  "rows_written": {
    "markets": 5,
    "best_line": 94,
    "orderbook": 97,
    "trades": 220,
    "roster_events": 0
  },
  "rows_deduped": {
    "markets": 95,
    "best_line": 106,
    "orderbook": 77,
    "trades": 0,
    "roster_events": 0
  },
  "raw_counts": {
    "markets": 100,
    "orderbook": 174,
    "best_line": 200,
    "trades": 220
  },
  "finished_ts": "2026-08-16T22:10:12.772617+00:00"
}
{
  "cycle_id": "3e594c0c-28f0-4878-97c2-b9f4759ef001",
  "started_ts": "2026-08-16T22:15:02.628742+00:00",
  "league_id": 1384,
  "endpoints_attempted": [
    "/markets/active",
    "/orders",
    "/orders",
    "/orders",
    "/orders",
    "/orders",
    "/trades",
    "/trades",
    "/trades",
    "/trades",
    "/trades"
  ],
  "endpoint_failures": [],
  "rows_written": {
    "markets": 5,
    "best_line": 104,
    "orderbook": 191,
    "trades": 226,
    "roster_events": 0
  },
  "rows_deduped": {
    "markets": 95,
    "best_line": 96,
    "orderbook": 57,
    "trades": 0,
    "roster_events": 0
  },
  "raw_counts": {
    "markets": 100,
    "orderbook": 248,
    "best_line": 200,
    "trades": 226
  },
  "finished_ts": "2026-08-16T22:15:13.214925+00:00"
}
{
  "cycle_id": "15f9b498-2d03-47e0-882c-c364f28ca938",
  "started_ts": "2026-08-16T22:20:02.166751+00:00",
  "league_id": 1384,
  "endpoints_attempted": [
    "/markets/active",
    "/orders",
    "/orders",
    "/orders",
    "/orders",
    "/orders",
    "/trades",
    "/trades",
    "/trades",
    "/trades",
    "/trades"
  ],
  "endpoint_failures": [],
  "rows_written": {
    "markets": 5,
    "best_line": 92,
    "orderbook": 76,
    "trades": 228,
    "roster_events": 0
  },
  "rows_deduped": {
    "markets": 95,
    "best_line": 108,
    "orderbook": 35,
    "trades": 0,
    "roster_events": 0
  },
  "raw_counts": {
    "markets": 100,
    "orderbook": 111,
    "best_line": 200,
    "trades": 228
  },
  "finished_ts": "2026-08-16T22:20:12.731708+00:00"
}
{
  "cycle_id": "e5ffbf80-65cb-4437-98c6-58c23f5207b2",
  "started_ts": "2026-08-16T22:25:02.170217+00:00",
  "league_id": 1384,
  "endpoints_attempted": [
    "/markets/active",
    "/orders",
    "/orders",
    "/orders",
    "/orders",
    "/orders",
    "/trades",
    "/trades",
    "/trades",
    "/trades",
    "/trades"
  ],
  "endpoint_failures": [],
  "rows_written": {
    "markets": 5,
    "best_line": 91,
    "orderbook": 148,
    "trades": 228,
    "roster_events": 0
  },
  "rows_deduped": {
    "markets": 95,
    "best_line": 109,
    "orderbook": 28,
    "trades": 0,
    "roster_events": 0
  },
  "raw_counts": {
    "markets": 100,
    "orderbook": 176,
    "best_line": 200,
    "trades": 228
  },
  "finished_ts": "2026-08-16T22:25:12.801090+00:00"
}
{
  "cycle_id": "b6a9755e-9258-4a81-9607-087a7eb77da8",
  "started_ts": "2026-08-16T22:30:02.264774+00:00",
  "league_id": 1384,
  "endpoints_attempted": [
    "/markets/active",
    "/orders",
    "/orders",
    "/orders",
    "/orders",
    "/orders",
    "/trades",
    "/trades",
    "/trades",
    "/trades",
    "/trades"
  ],
  "endpoint_failures": [],
  "rows_written": {
    "markets": 5,
    "best_line": 82,
    "orderbook": 63,
    "trades": 232,
    "roster_events": 0
  },
  "rows_deduped": {
    "markets": 95,
    "best_line": 118,
    "orderbook": 52,
    "trades": 0,
    "roster_events": 0
  },
  "raw_counts": {
    "markets": 100,
    "orderbook": 115,
    "best_line": 200,
    "trades": 232
  },
  "finished_ts": "2026-08-16T22:30:12.852176+00:00"
}
{
  "cycle_id": "65cab00e-21bf-4d92-9a4c-c0c96b3914af",
  "started_ts": "2026-08-16T22:35:02.116412+00:00",
  "league_id": 1384,
  "endpoints_attempted": [
    "/markets/active",
    "/orders",
    "/orders",
    "/orders",
    "/orders",
    "/orders",
    "/trades",
    "/trades",
    "/trades",
    "/trades",
    "/trades"
  ],
  "endpoint_failures": [],
  "rows_written": {
    "markets": 5,
    "best_line": 112,
    "orderbook": 218,
    "trades": 232,
    "roster_events": 0
  },
  "rows_deduped": {
    "markets": 95,
    "best_line": 88,
    "orderbook": 42,
    "trades": 0,
    "roster_events": 0
  },
  "raw_counts": {
    "markets": 100,
    "orderbook": 260,
    "best_line": 200,
    "trades": 232
  },
  "finished_ts": "2026-08-16T22:35:12.715612+00:00"
}
{
  "cycle_id": "cabbe0b6-5bd6-494a-b42b-103e487a413a",
  "started_ts": "2026-08-16T22:40:02.103344+00:00",
  "league_id": 1384,
  "endpoints_attempted": [
    "/markets/active",
    "/orders",
    "/orders",
    "/orders",
    "/orders",
    "/orders",
    "/trades",
    "/trades",
    "/trades",
    "/trades",
    "/trades"
  ],
  "endpoint_failures": [],
  "rows_written": {
    "markets": 5,
    "best_line": 119,
    "orderbook": 133,
    "trades": 238,
    "roster_events": 0
  },
  "rows_deduped": {
    "markets": 95,
    "best_line": 81,
    "orderbook": 35,
    "trades": 0,
    "roster_events": 0
  },
  "raw_counts": {
    "markets": 100,
    "orderbook": 168,
    "best_line": 200,
    "trades": 238
  },
  "finished_ts": "2026-08-16T22:40:12.694137+00:00"
}
{
  "cycle_id": "1cad37c7-d1b9-4736-9684-1dc7bd867e8f",
  "started_ts": "2026-08-16T22:45:02.260869+00:00",
  "league_id": 1384,
  "endpoints_attempted": [
    "/markets/active",
    "/orders",
    "/orders",
    "/orders",
    "/orders",
    "/orders",
    "/trades",
    "/trades",
    "/trades",
    "/trades",
    "/trades"
  ],
  "endpoint_failures": [],
  "rows_written": {
    "markets": 7,
    "best_line": 73,
    "orderbook": 88,
    "trades": 238,
    "roster_events": 0
  },
  "rows_deduped": {
    "markets": 93,
    "best_line": 127,
    "orderbook": 27,
    "trades": 0,
    "roster_events": 0
  },
  "raw_counts": {
    "markets": 100,
    "orderbook": 115,
    "best_line": 200,
    "trades": 238
  },
  "finished_ts": "2026-08-16T22:45:12.828205+00:00"
}
{
  "cycle_id": "7c92e401-3e36-4d7b-b232-4fad20b17cbc",
  "started_ts": "2026-08-16T22:50:02.110751+00:00",
  "league_id": 1384,
  "endpoints_attempted": [
    "/markets/active",
    "/orders",
    "/orders",
    "/orders",
    "/orders",
    "/orders",
    "/trades",
    "/trades",
    "/trades",
    "/trades",
    "/trades"
  ],
  "endpoint_failures": [],
  "rows_written": {
    "markets": 5,
    "best_line": 37,
    "orderbook": 55,
    "trades": 238,
    "roster_events": 0
  },
  "rows_deduped": {
    "markets": 95,
    "best_line": 163,
    "orderbook": 50,
    "trades": 0,
    "roster_events": 0
  },
  "raw_counts": {
    "markets": 100,
    "orderbook": 105,
    "best_line": 200,
    "trades": 238
  },
  "finished_ts": "2026-08-16T22:50:12.685819+00:00"
}
{
  "cycle_id": "5fdce51d-6d98-4525-b49e-1cf37f49c1e6",
  "started_ts": "2026-08-16T22:55:02.014513+00:00",
  "league_id": 1384,
  "endpoints_attempted": [
    "/markets/active",
    "/orders",
    "/orders",
    "/orders",
    "/orders",
    "/orders",
    "/trades",
    "/trades",
    "/trades",
    "/trades",
    "/trades"
  ],
  "endpoint_failures": [],
  "rows_written": {
    "markets": 5,
    "best_line": 42,
    "orderbook": 58,
    "trades": 238,
    "roster_events": 0
  },
  "rows_deduped": {
    "markets": 95,
    "best_line": 158,
    "orderbook": 49,
    "trades": 0,
    "roster_events": 0
  },
  "raw_counts": {
    "markets": 100,
    "orderbook": 107,
    "best_line": 200,
    "trades": 238
  },
  "finished_ts": "2026-08-16T22:55:12.587279+00:00"
}
{
  "cycle_id": "0723b94a-41eb-4dae-b285-9c4434665e62",
  "started_ts": "2026-08-16T23:00:02.363674+00:00",
  "league_id": 1384,
  "endpoints_attempted": [
    "/markets/active",
    "/orders",
    "/orders",
    "/orders",
    "/orders",
    "/orders",
    "/trades",
    "/trades",
    "/trades",
    "/trades",
    "/trades"
  ],
  "endpoint_failures": [],
  "rows_written": {
    "markets": 5,
    "best_line": 42,
    "orderbook": 38,
    "trades": 238,
    "roster_events": 0
  },
  "rows_deduped": {
    "markets": 95,
    "best_line": 158,
    "orderbook": 17,
    "trades": 0,
    "roster_events": 0
  },
  "raw_counts": {
    "markets": 100,
    "orderbook": 55,
    "best_line": 200,
    "trades": 238
  },
  "finished_ts": "2026-08-16T23:00:12.942743+00:00"
}
{
  "cycle_id": "eaf3a9b8-bb4c-4f63-8ce5-03bb1cf2cc83",
  "started_ts": "2026-08-16T23:05:02.104580+00:00",
  "league_id": 1384,
  "endpoints_attempted": [
    "/markets/active",
    "/orders",
    "/orders",
    "/orders",
    "/orders",
    "/orders",
    "/trades",
    "/trades",
    "/trades",
    "/trades",
    "/trades"
  ],
  "endpoint_failures": [],
  "rows_written": {
    "markets": 4,
    "best_line": 30,
    "orderbook": 15,
    "trades": 244,
    "roster_events": 0
  },
  "rows_deduped": {
    "markets": 96,
    "best_line": 170,
    "orderbook": 11,
    "trades": 0,
    "roster_events": 0
  },
  "raw_counts": {
    "markets": 100,
    "orderbook": 26,
    "best_line": 200,
    "trades": 244
  },
  "finished_ts": "2026-08-16T23:05:12.676567+00:00"
}
{
  "cycle_id": "c0271e18-a1f6-45bc-8bbd-be9357c5dc67",
  "started_ts": "2026-08-16T23:10:02.125193+00:00",
  "league_id": 1384,
  "endpoints_attempted": [
    "/markets/active",
    "/orders",
    "/orders",
    "/orders",
    "/orders",
    "/orders",
    "/trades",
    "/trades",
    "/trades",
    "/trades",
    "/trades"
  ],
  "endpoint_failures": [],
  "rows_written": {
    "markets": 4,
    "best_line": 21,
    "orderbook": 16,
    "trades": 244,
    "roster_events": 0
  },
  "rows_deduped": {
    "markets": 96,
    "best_line": 179,
    "orderbook": 11,
    "trades": 0,
    "roster_events": 0
  },
  "raw_counts": {
    "markets": 100,
    "orderbook": 27,
    "best_line": 200,
    "trades": 244
  },
  "finished_ts": "2026-08-16T23:10:12.707183+00:00"
}
{
  "cycle_id": "3794ba87-66ee-499e-93bd-11d8065f3b05",
  "started_ts": "2026-08-16T23:15:02.250998+00:00",
  "league_id": 1384,
  "endpoints_attempted": [
    "/markets/active",
    "/orders",
    "/orders",
    "/orders",
    "/orders",
    "/trades",
    "/trades",
    "/trades",
    "/trades"
  ],
  "endpoint_failures": [],
  "rows_written": {
    "markets": 21,
    "best_line": 56,
    "orderbook": 56,
    "trades": 166,
    "roster_events": 39
  },
  "rows_deduped": {
    "markets": 59,
    "best_line": 104,
    "orderbook": 10,
    "trades": 0,
    "roster_events": 0
  },
  "raw_counts": {
    "markets": 80,
    "orderbook": 66,
    "best_line": 160,
    "trades": 166
  },
  "finished_ts": "2026-08-16T23:15:10.797468+00:00"
}
{
  "cycle_id": "9d911192-aac6-4e42-ad50-fbd44ff11bf0",
  "started_ts": "2026-08-16T23:20:02.137127+00:00",
  "league_id": 1384,
  "endpoints_attempted": [
    "/markets/active",
    "/orders",
    "/orders",
    "/orders",
    "/orders",
    "/trades",
    "/trades",
    "/trades",
    "/trades"
  ],
  "endpoint_failures": [],
  "rows_written": {
    "markets": 6,
    "best_line": 37,
    "orderbook": 77,
    "trades": 166,
    "roster_events": 2
  },
  "rows_deduped": {
    "markets": 72,
    "best_line": 119,
    "orderbook": 14,
    "trades": 0,
    "roster_events": 0
  },
  "raw_counts": {
    "markets": 78,
    "orderbook": 91,
    "best_line": 156,
    "trades": 166
  },
  "finished_ts": "2026-08-16T23:20:10.610568+00:00"
}
{
  "cycle_id": "0c403da5-4efe-4ce3-bd36-af308340f9f2",
  "started_ts": "2026-08-16T23:25:02.142556+00:00",
  "league_id": 1384,
  "endpoints_attempted": [
    "/markets/active",
    "/orders",
    "/orders",
    "/orders",
    "/orders",
    "/trades",
    "/trades",
    "/trades",
    "/trades"
  ],
  "endpoint_failures": [],
  "rows_written": {
    "markets": 12,
    "best_line": 50,
    "orderbook": 17,
    "trades": 162,
    "roster_events": 9
  },
  "rows_deduped": {
    "markets": 62,
    "best_line": 98,
    "orderbook": 11,
    "trades": 0,
    "roster_events": 0
  },
  "raw_counts": {
    "markets": 74,
    "orderbook": 28,
    "best_line": 148,
    "trades": 162
  },
  "finished_ts": "2026-08-16T23:25:10.626398+00:00"
}
{
  "cycle_id": "0c75172d-09d8-49fa-add1-db7aa3df2411",
  "started_ts": "2026-08-16T23:30:02.204656+00:00",
  "league_id": 1384,
  "endpoints_attempted": [
    "/markets/active",
    "/orders",
    "/orders",
    "/orders",
    "/orders",
    "/trades",
    "/trades",
    "/trades",
    "/trades"
  ],
  "endpoint_failures": [],
  "rows_written": {
    "markets": 7,
    "best_line": 58,
    "orderbook": 152,
    "trades": 162,
    "roster_events": 2
  },
  "rows_deduped": {
    "markets": 68,
    "best_line": 92,
    "orderbook": 14,
    "trades": 0,
    "roster_events": 0
  },
  "raw_counts": {
    "markets": 75,
    "orderbook": 166,
    "best_line": 150,
    "trades": 162
  },
  "finished_ts": "2026-08-16T23:30:10.698071+00:00"
}
{
  "cycle_id": "bc1531b7-996e-4f10-be19-c340388725c7",
  "started_ts": "2026-08-16T23:35:02.204931+00:00",
  "league_id": 1384,
  "endpoints_attempted": [
    "/markets/active",
    "/orders",
    "/orders",
    "/orders",
    "/orders",
    "/trades",
    "/trades",
    "/trades",
    "/trades"
  ],
  "endpoint_failures": [],
  "rows_written": {
    "markets": 30,
    "best_line": 62,
    "orderbook": 19,
    "trades": 154,
    "roster_events": 6
  },
  "rows_deduped": {
    "markets": 39,
    "best_line": 76,
    "orderbook": 12,
    "trades": 0,
    "roster_events": 0
  },
  "raw_counts": {
    "markets": 69,
    "orderbook": 31,
    "best_line": 138,
    "trades": 154
  },
  "finished_ts": "2026-08-16T23:35:10.679987+00:00"
}
{
  "cycle_id": "9b9d910e-5b39-470f-9789-1c92b22c2616",
  "started_ts": "2026-08-16T23:40:02.156371+00:00",
  "league_id": 1384,
  "endpoints_attempted": [
    "/markets/active",
    "/orders",
    "/orders",
    "/orders",
    "/trades",
    "/trades",
    "/trades"
  ],
  "endpoint_failures": [],
  "rows_written": {
    "markets": 6,
    "best_line": 57,
    "orderbook": 90,
    "trades": 106,
    "roster_events": 28
  },
  "rows_deduped": {
    "markets": 38,
    "best_line": 31,
    "orderbook": 12,
    "trades": 0,
    "roster_events": 0
  },
  "raw_counts": {
    "markets": 44,
    "orderbook": 102,
    "best_line": 88,
    "trades": 106
  },
  "finished_ts": "2026-08-16T23:40:08.538763+00:00"
}
{
  "cycle_id": "7563d7d9-8d31-4744-b2b0-078dc19fe366",
  "started_ts": "2026-08-16T23:45:02.226692+00:00",
  "league_id": 1384,
  "endpoints_attempted": [
    "/markets/active",
    "/orders",
    "/orders",
    "/orders",
    "/trades",
    "/trades",
    "/trades"
  ],
  "endpoint_failures": [],
  "rows_written": {
    "markets": 16,
    "best_line": 55,
    "orderbook": 14,
    "trades": 106,
    "roster_events": 0
  },
  "rows_deduped": {
    "markets": 30,
    "best_line": 37,
    "orderbook": 11,
    "trades": 0,
    "roster_events": 0
  },
  "raw_counts": {
    "markets": 46,
    "orderbook": 25,
    "best_line": 92,
    "trades": 106
  },
  "finished_ts": "2026-08-16T23:45:08.607057+00:00"
}
{
  "cycle_id": "231d6db0-d3a3-4bdc-b8cd-cccb0516c07d",
  "started_ts": "2026-08-16T23:50:02.140894+00:00",
  "league_id": 1384,
  "endpoints_attempted": [
    "/markets/active",
    "/orders",
    "/orders",
    "/orders",
    "/trades",
    "/trades",
    "/trades"
  ],
  "endpoint_failures": [],
  "rows_written": {
    "markets": 9,
    "best_line": 68,
    "orderbook": 122,
    "trades": 106,
    "roster_events": 0
  },
  "rows_deduped": {
    "markets": 42,
    "best_line": 34,
    "orderbook": 9,
    "trades": 0,
    "roster_events": 0
  },
  "raw_counts": {
    "markets": 51,
    "orderbook": 131,
    "best_line": 102,
    "trades": 106
  },
  "finished_ts": "2026-08-16T23:50:08.526410+00:00"
}
{
  "cycle_id": "66e806e2-9aeb-4c1b-a48f-d3d8e0307b67",
  "started_ts": "2026-08-16T23:55:02.185335+00:00",
  "league_id": 1384,
  "endpoints_attempted": [
    "/markets/active",
    "/orders",
    "/orders",
    "/orders",
    "/trades",
    "/trades",
    "/trades"
  ],
  "endpoint_failures": [],
  "rows_written": {
    "markets": 2,
    "best_line": 57,
    "orderbook": 18,
    "trades": 106,
    "roster_events": 0
  },
  "rows_deduped": {
    "markets": 49,
    "best_line": 45,
    "orderbook": 11,
    "trades": 0,
    "roster_events": 0
  },
  "raw_counts": {
    "markets": 51,
    "orderbook": 29,
    "best_line": 102,
    "trades": 106
  },
  "finished_ts": "2026-08-16T23:55:08.561669+00:00"
}
{
  "cycle_id": "b00d1fe9-ce85-4f18-ae57-be9e361f1b7d",
  "started_ts": "2026-08-17T00:00:02.405029+00:00",
  "league_id": 1384,
  "endpoints_attempted": [
    "/markets/active",
    "/orders",
    "/orders",
    "/orders",
    "/trades",
    "/trades",
    "/trades"
  ],
  "endpoint_failures": [],
  "rows_written": {
    "markets": 6,
    "best_line": 43,
    "orderbook": 36,
    "trades": 106,
    "roster_events": 0
  },
  "rows_deduped": {
    "markets": 45,
    "best_line": 59,
    "orderbook": 9,
    "trades": 0,
    "roster_events": 0
  },
  "raw_counts": {
    "markets": 51,
    "orderbook": 45,
    "best_line": 102,
    "trades": 106
  },
  "finished_ts": "2026-08-17T00:00:08.766538+00:00"
}
{
  "cycle_id": "d8ceb641-c5f2-4017-afff-998fcbe75bbc",
  "started_ts": "2026-08-17T00:05:02.171876+00:00",
  "league_id": 1384,
  "endpoints_attempted": [
    "/markets/active",
    "/orders",
    "/orders",
    "/orders",
    "/trades",
    "/trades",
    "/trades"
  ],
  "endpoint_failures": [],
  "rows_written": {
    "markets": 7,
    "best_line": 56,
    "orderbook": 107,
    "trades": 106,
    "roster_events": 0
  },
  "rows_deduped": {
    "markets": 47,
    "best_line": 52,
    "orderbook": 14,
    "trades": 0,
    "roster_events": 0
  },
  "raw_counts": {
    "markets": 54,
    "orderbook": 121,
    "best_line": 108,
    "trades": 106
  },
  "finished_ts": "2026-08-17T00:05:08.573188+00:00"
}
{
  "cycle_id": "820fb772-f0ec-4279-b9c9-8f93af75a85c",
  "started_ts": "2026-08-17T00:10:02.142695+00:00",
  "league_id": 1384,
  "endpoints_attempted": [
    "/markets/active",
    "/orders",
    "/orders",
    "/orders",
    "/trades",
    "/trades",
    "/trades"
  ],
  "endpoint_failures": [],
  "rows_written": {
    "markets": 2,
    "best_line": 51,
    "orderbook": 88,
    "trades": 106,
    "roster_events": 0
  },
  "rows_deduped": {
    "markets": 52,
    "best_line": 57,
    "orderbook": 60,
    "trades": 0,
    "roster_events": 0
  },
  "raw_counts": {
    "markets": 54,
    "orderbook": 148,
    "best_line": 108,
    "trades": 106
  },
  "finished_ts": "2026-08-17T00:10:08.532149+00:00"
}
{
  "cycle_id": "cb6dd806-0a8b-4704-8fff-863bcd0a7086",
  "started_ts": "2026-08-17T00:15:02.317047+00:00",
  "league_id": 1384,
  "endpoints_attempted": [
    "/markets/active",
    "/orders",
    "/orders",
    "/orders",
    "/trades",
    "/trades",
    "/trades"
  ],
  "endpoint_failures": [],
  "rows_written": {
    "markets": 0,
    "best_line": 50,
    "orderbook": 106,
    "trades": 106,
    "roster_events": 0
  },
  "rows_deduped": {
    "markets": 54,
    "best_line": 58,
    "orderbook": 73,
    "trades": 0,
    "roster_events": 0
  },
  "raw_counts": {
    "markets": 54,
    "orderbook": 179,
    "best_line": 108,
    "trades": 106
  },
  "finished_ts": "2026-08-17T00:15:08.675289+00:00"
}
{
  "cycle_id": "4e773bc5-8794-4e9f-b0d7-ff0fe7a1ff04",
  "started_ts": "2026-08-17T00:20:02.192714+00:00",
  "league_id": 1384,
  "endpoints_attempted": [
    "/markets/active",
    "/orders",
    "/orders",
    "/orders",
    "/trades",
    "/trades",
    "/trades"
  ],
  "endpoint_failures": [],
  "rows_written": {
    "markets": 2,
    "best_line": 61,
    "orderbook": 97,
    "trades": 106,
    "roster_events": 0
  },
  "rows_deduped": {
    "markets": 52,
    "best_line": 47,
    "orderbook": 59,
    "trades": 0,
    "roster_events": 0
  },
  "raw_counts": {
    "markets": 54,
    "orderbook": 156,
    "best_line": 108,
    "trades": 106
  },
  "finished_ts": "2026-08-17T00:20:08.581112+00:00"
}
{
  "cycle_id": "2910d6c3-cdf1-4ca0-ac51-22b935bea4f0",
  "started_ts": "2026-08-17T00:25:02.206825+00:00",
  "league_id": 1384,
  "endpoints_attempted": [
    "/markets/active",
    "/orders",
    "/orders",
    "/orders",
    "/trades",
    "/trades",
    "/trades"
  ],
  "endpoint_failures": [],
  "rows_written": {
    "markets": 8,
    "best_line": 68,
    "orderbook": 38,
    "trades": 108,
    "roster_events": 0
  },
  "rows_deduped": {
    "markets": 50,
    "best_line": 48,
    "orderbook": 13,
    "trades": 0,
    "roster_events": 0
  },
  "raw_counts": {
    "markets": 58,
    "orderbook": 51,
    "best_line": 116,
    "trades": 108
  },
  "finished_ts": "2026-08-17T00:25:08.594465+00:00"
}
{
  "cycle_id": "0acfcf84-6545-4112-886a-2c263e1ba78a",
  "started_ts": "2026-08-17T00:30:03.548778+00:00",
  "league_id": 1384,
  "endpoints_attempted": [
    "/markets/active",
    "/orders",
    "/orders",
    "/orders",
    "/trades",
    "/trades",
    "/trades"
  ],
  "endpoint_failures": [],
  "rows_written": {
    "markets": 4,
    "best_line": 55,
    "orderbook": 90,
    "trades": 110,
    "roster_events": 0
  },
  "rows_deduped": {
    "markets": 54,
    "best_line": 61,
    "orderbook": 13,
    "trades": 0,
    "roster_events": 0
  },
  "raw_counts": {
    "markets": 58,
    "orderbook": 103,
    "best_line": 116,
    "trades": 110
  },
  "finished_ts": "2026-08-17T00:30:09.912442+00:00"
}
{
  "cycle_id": "21add420-ac13-41ef-9cad-544e61e7a4b6",
  "started_ts": "2026-08-17T00:35:02.781608+00:00",
  "league_id": 1384,
  "endpoints_attempted": [
    "/markets/active",
    "/orders",
    "/orders",
    "/orders",
    "/trades",
    "/trades",
    "/trades"
  ],
  "endpoint_failures": [],
  "rows_written": {
    "markets": 5,
    "best_line": 58,
    "orderbook": 36,
    "trades": 112,
    "roster_events": 0
  },
  "rows_deduped": {
    "markets": 54,
    "best_line": 60,
    "orderbook": 12,
    "trades": 0,
    "roster_events": 0
  },
  "raw_counts": {
    "markets": 59,
    "orderbook": 48,
    "best_line": 118,
    "trades": 112
  },
  "finished_ts": "2026-08-17T00:35:09.164196+00:00"
}
{
  "cycle_id": "5ac035f4-6f99-4e84-aa0d-ffe8b04f6f28",
  "started_ts": "2026-08-17T00:40:02.752605+00:00",
  "league_id": 1384,
  "endpoints_attempted": [
    "/markets/active",
    "/orders",
    "/orders",
    "/orders",
    "/trades",
    "/trades",
    "/trades"
  ],
  "endpoint_failures": [],
  "rows_written": {
    "markets": 2,
    "best_line": 29,
    "orderbook": 3,
    "trades": 112,
    "roster_events": 0
  },
  "rows_deduped": {
    "markets": 57,
    "best_line": 89,
    "orderbook": 14,
    "trades": 0,
    "roster_events": 0
  },
  "raw_counts": {
    "markets": 59,
    "orderbook": 17,
    "best_line": 118,
    "trades": 112
  },
  "finished_ts": "2026-08-17T00:40:09.137399+00:00"
}
{
  "cycle_id": "ae599e3c-a711-4da0-8b45-95eedcf0888d",
  "started_ts": "2026-08-17T00:45:03.395581+00:00",
  "league_id": 1384,
  "endpoints_attempted": [
    "/markets/active",
    "/orders",
    "/orders",
    "/orders",
    "/trades",
    "/trades",
    "/trades"
  ],
  "endpoint_failures": [],
  "rows_written": {
    "markets": 4,
    "best_line": 75,
    "orderbook": 137,
    "trades": 112,
    "roster_events": 0
  },
  "rows_deduped": {
    "markets": 55,
    "best_line": 43,
    "orderbook": 13,
    "trades": 0,
    "roster_events": 0
  },
  "raw_counts": {
    "markets": 59,
    "orderbook": 150,
    "best_line": 118,
    "trades": 112
  },
  "finished_ts": "2026-08-17T00:45:09.761731+00:00"
}
{
  "cycle_id": "9990d7b0-e683-4714-8bab-ea725fb73b68",
  "started_ts": "2026-08-17T00:50:02.637755+00:00",
  "league_id": 1384,
  "endpoints_attempted": [
    "/markets/active",
    "/orders",
    "/orders",
    "/orders",
    "/trades",
    "/trades",
    "/trades"
  ],
  "endpoint_failures": [],
  "rows_written": {
    "markets": 4,
    "best_line": 73,
    "orderbook": 26,
    "trades": 116,
    "roster_events": 0
  },
  "rows_deduped": {
    "markets": 55,
    "best_line": 45,
    "orderbook": 17,
    "trades": 0,
    "roster_events": 0
  },
  "raw_counts": {
    "markets": 59,
    "orderbook": 43,
    "best_line": 118,
    "trades": 116
  },
  "finished_ts": "2026-08-17T00:50:09.004688+00:00"
}
{
  "cycle_id": "f2af1fc9-16e9-4c65-b089-024c060cd1a4",
  "started_ts": "2026-08-17T00:55:02.701056+00:00",
  "league_id": 1384,
  "endpoints_attempted": [
    "/markets/active",
    "/orders",
    "/orders",
    "/orders",
    "/trades",
    "/trades",
    "/trades"
  ],
  "endpoint_failures": [],
  "rows_written": {
    "markets": 4,
    "best_line": 30,
    "orderbook": 16,
    "trades": 116,
    "roster_events": 0
  },
  "rows_deduped": {
    "markets": 55,
    "best_line": 88,
    "orderbook": 17,
    "trades": 0,
    "roster_events": 0
  },
  "raw_counts": {
    "markets": 59,
    "orderbook": 33,
    "best_line": 118,
    "trades": 116
  },
  "finished_ts": "2026-08-17T00:55:09.088246+00:00"
}
{
  "cycle_id": "6f57d01d-40d0-46f9-a09a-9f099fde1ca5",
  "started_ts": "2026-08-17T01:00:04.233201+00:00",
  "league_id": 1384,
  "endpoints_attempted": [
    "/markets/active",
    "/orders",
    "/orders",
    "/orders",
    "/trades",
    "/trades",
    "/trades"
  ],
  "endpoint_failures": [],
  "rows_written": {
    "markets": 4,
    "best_line": 31,
    "orderbook": 38,
    "trades": 116,
    "roster_events": 0
  },
  "rows_deduped": {
    "markets": 55,
    "best_line": 87,
    "orderbook": 17,
    "trades": 0,
    "roster_events": 0
  },
  "raw_counts": {
    "markets": 59,
    "orderbook": 55,
    "best_line": 118,
    "trades": 116
  },
  "finished_ts": "2026-08-17T01:00:11.068775+00:00"
}
{
  "cycle_id": "54257757-b1b9-4ba9-9775-06b6eecea9f4",
  "started_ts": "2026-08-17T01:05:02.819942+00:00",
  "league_id": 1384,
  "endpoints_attempted": [
    "/markets/active",
    "/orders",
    "/orders",
    "/orders",
    "/trades",
    "/trades",
    "/trades"
  ],
  "endpoint_failures": [],
  "rows_written": {
    "markets": 4,
    "best_line": 40,
    "orderbook": 34,
    "trades": 116,
    "roster_events": 0
  },
  "rows_deduped": {
    "markets": 55,
    "best_line": 78,
    "orderbook": 14,
    "trades": 0,
    "roster_events": 0
  },
  "raw_counts": {
    "markets": 59,
    "orderbook": 48,
    "best_line": 118,
    "trades": 116
  },
  "finished_ts": "2026-08-17T01:05:09.191352+00:00"
}
{
  "cycle_id": "582f1a47-f587-4f01-97e0-daee1f8f4d0d",
  "started_ts": "2026-08-17T01:10:02.583648+00:00",
  "league_id": 1384,
  "endpoints_attempted": [
    "/markets/active",
    "/orders",
    "/orders",
    "/orders",
    "/trades",
    "/trades",
    "/trades"
  ],
  "endpoint_failures": [],
  "rows_written": {
    "markets": 5,
    "best_line": 29,
    "orderbook": 2,
    "trades": 116,
    "roster_events": 4
  },
  "rows_deduped": {
    "markets": 52,
    "best_line": 85,
    "orderbook": 17,
    "trades": 0,
    "roster_events": 0
  },
  "raw_counts": {
    "markets": 57,
    "orderbook": 19,
    "best_line": 114,
    "trades": 116
  },
  "finished_ts": "2026-08-17T01:10:08.972305+00:00"
}
{
  "cycle_id": "b9b045a5-3904-4a2c-9eed-9176454d5bed",
  "started_ts": "2026-08-17T01:15:02.988056+00:00",
  "league_id": 1384,
  "endpoints_attempted": [
    "/markets/active",
    "/orders",
    "/orders",
    "/orders",
    "/trades",
    "/trades",
    "/trades"
  ],
  "endpoint_failures": [],
  "rows_written": {
    "markets": 3,
    "best_line": 3,
    "orderbook": 1,
    "trades": 116,
    "roster_events": 4
  },
  "rows_deduped": {
    "markets": 51,
    "best_line": 105,
    "orderbook": 19,
    "trades": 0,
    "roster_events": 0
  },
  "raw_counts": {
    "markets": 54,
    "orderbook": 20,
    "best_line": 108,
    "trades": 116
  },
  "finished_ts": "2026-08-17T01:15:09.371709+00:00"
}
{
  "cycle_id": "67257b6c-3713-477d-9dc7-d305ad4388b1",
  "started_ts": "2026-08-17T01:20:02.786017+00:00",
  "league_id": 1384,
  "endpoints_attempted": [
    "/markets/active",
    "/orders",
    "/orders",
    "/orders",
    "/trades",
    "/trades",
    "/trades"
  ],
  "endpoint_failures": [],
  "rows_written": {
    "markets": 4,
    "best_line": 4,
    "orderbook": 3,
    "trades": 114,
    "roster_events": 3
  },
  "rows_deduped": {
    "markets": 47,
    "best_line": 98,
    "orderbook": 18,
    "trades": 0,
    "roster_events": 0
  },
  "raw_counts": {
    "markets": 51,
    "orderbook": 21,
    "best_line": 102,
    "trades": 114
  },
  "finished_ts": "2026-08-17T01:20:09.145912+00:00"
}
{
  "cycle_id": "01d81612-b585-4766-92c7-1ccb342c6559",
  "started_ts": "2026-08-17T01:25:02.489334+00:00",
  "league_id": 1384,
  "endpoints_attempted": [
    "/markets/active",
    "/orders",
    "/orders",
    "/trades",
    "/trades"
  ],
  "endpoint_failures": [],
  "rows_written": {
    "markets": 13,
    "best_line": 3,
    "orderbook": 2,
    "trades": 20,
    "roster_events": 17
  },
  "rows_deduped": {
    "markets": 21,
    "best_line": 65,
    "orderbook": 17,
    "trades": 0,
    "roster_events": 0
  },
  "raw_counts": {
    "markets": 34,
    "orderbook": 19,
    "best_line": 68,
    "trades": 20
  },
  "finished_ts": "2026-08-17T01:25:06.746818+00:00"
}
{
  "cycle_id": "de1afe9b-d98a-4ea7-bf06-a4d5f392e294",
  "started_ts": "2026-08-17T01:30:03.312353+00:00",
  "league_id": 1384,
  "endpoints_attempted": [
    "/markets/active",
    "/orders",
    "/orders",
    "/trades",
    "/trades"
  ],
  "endpoint_failures": [],
  "rows_written": {
    "markets": 0,
    "best_line": 4,
    "orderbook": 6,
    "trades": 20,
    "roster_events": 0
  },
  "rows_deduped": {
    "markets": 34,
    "best_line": 64,
    "orderbook": 13,
    "trades": 0,
    "roster_events": 0
  },
  "raw_counts": {
    "markets": 34,
    "orderbook": 19,
    "best_line": 68,
    "trades": 20
  },
  "finished_ts": "2026-08-17T01:30:07.855486+00:00"
}
{
  "cycle_id": "b8a94e58-b8e2-4163-95fe-52490f895aad",
  "started_ts": "2026-08-17T01:35:02.059067+00:00",
  "league_id": 1384,
  "endpoints_attempted": [
    "/markets/active",
    "/orders",
    "/orders",
    "/trades",
    "/trades"
  ],
  "endpoint_failures": [],
  "rows_written": {
    "markets": 0,
    "best_line": 7,
    "orderbook": 7,
    "trades": 20,
    "roster_events": 0
  },
  "rows_deduped": {
    "markets": 34,
    "best_line": 61,
    "orderbook": 13,
    "trades": 0,
    "roster_events": 0
  },
  "raw_counts": {
    "markets": 34,
    "orderbook": 20,
    "best_line": 68,
    "trades": 20
  },
  "finished_ts": "2026-08-17T01:35:06.337068+00:00"
}
{
  "cycle_id": "90890c3b-293b-4839-a0f2-5f778821e456",
  "started_ts": "2026-08-17T01:40:02.579599+00:00",
  "league_id": 1384,
  "endpoints_attempted": [
    "/markets/active",
    "/orders",
    "/orders",
    "/trades",
    "/trades"
  ],
  "endpoint_failures": [],
  "rows_written": {
    "markets": 0,
    "best_line": 6,
    "orderbook": 3,
    "trades": 0,
    "roster_events": 13
  },
  "rows_deduped": {
    "markets": 21,
    "best_line": 36,
    "orderbook": 15,
    "trades": 0,
    "roster_events": 0
  },
  "raw_counts": {
    "markets": 21,
    "orderbook": 18,
    "best_line": 42,
    "trades": 0
  },
  "finished_ts": "2026-08-17T01:40:06.853887+00:00"
}
{
  "cycle_id": "5d7ff517-f40e-4ab1-ba74-bbd1af73099e",
  "started_ts": "2026-08-17T01:45:02.823089+00:00",
  "league_id": 1384,
  "endpoints_attempted": [
    "/markets/active",
    "/orders",
    "/orders",
    "/trades",
    "/trades"
  ],
  "endpoint_failures": [],
  "rows_written": {
    "markets": 0,
    "best_line": 8,
    "orderbook": 4,
    "trades": 0,
    "roster_events": 0
  },
  "rows_deduped": {
    "markets": 21,
    "best_line": 34,
    "orderbook": 10,
    "trades": 0,
    "roster_events": 0
  },
  "raw_counts": {
    "markets": 21,
    "orderbook": 14,
    "best_line": 42,
    "trades": 0
  },
  "finished_ts": "2026-08-17T01:45:07.092329+00:00"
}
{
  "cycle_id": "7ffb812e-2fda-4661-abc6-3406532cd13d",
  "started_ts": "2026-08-17T01:50:02.538709+00:00",
  "league_id": 1384,
  "endpoints_attempted": [
    "/markets/active",
    "/orders",
    "/orders",
    "/trades",
    "/trades"
  ],
  "endpoint_failures": [],
  "rows_written": {
    "markets": 0,
    "best_line": 4,
    "orderbook": 2,
    "trades": 0,
    "roster_events": 0
  },
  "rows_deduped": {
    "markets": 21,
    "best_line": 38,
    "orderbook": 11,
    "trades": 0,
    "roster_events": 0
  },
  "raw_counts": {
    "markets": 21,
    "orderbook": 13,
    "best_line": 42,
    "trades": 0
  },
  "finished_ts": "2026-08-17T01:50:06.802829+00:00"
}
{
  "cycle_id": "cca149f0-7075-4d69-b35f-6a3e1e2a05fd",
  "started_ts": "2026-08-17T01:55:02.467960+00:00",
  "league_id": 1384,
  "endpoints_attempted": [
    "/markets/active",
    "/orders",
    "/orders",
    "/trades",
    "/trades"
  ],
  "endpoint_failures": [],
  "rows_written": {
    "markets": 3,
    "best_line": 8,
    "orderbook": 0,
    "trades": 0,
    "roster_events": 0
  },
  "rows_deduped": {
    "markets": 21,
    "best_line": 40,
    "orderbook": 11,
    "trades": 0,
    "roster_events": 0
  },
  "raw_counts": {
    "markets": 24,
    "orderbook": 11,
    "best_line": 48,
    "trades": 0
  },
  "finished_ts": "2026-08-17T01:55:06.722243+00:00"
}
{
  "cycle_id": "51599a61-cffa-40c2-8c03-6a9337437376",
  "started_ts": "2026-08-17T02:00:03.460335+00:00",
  "league_id": 1384,
  "endpoints_attempted": [
    "/markets/active",
    "/orders",
    "/orders",
    "/trades",
    "/trades"
  ],
  "endpoint_failures": [],
  "rows_written": {
    "markets": 0,
    "best_line": 9,
    "orderbook": 12,
    "trades": 0,
    "roster_events": 0
  },
  "rows_deduped": {
    "markets": 24,
    "best_line": 39,
    "orderbook": 9,
    "trades": 0,
    "roster_events": 0
  },
  "raw_counts": {
    "markets": 24,
    "orderbook": 21,
    "best_line": 48,
    "trades": 0
  },
  "finished_ts": "2026-08-17T02:00:08.180842+00:00"
}
{
  "cycle_id": "83561843-2146-42b3-bcd8-19ace885e205",
  "started_ts": "2026-08-17T02:05:02.517655+00:00",
  "league_id": 1384,
  "endpoints_attempted": [
    "/markets/active",
    "/orders",
    "/orders",
    "/trades",
    "/trades"
  ],
  "endpoint_failures": [],
  "rows_written": {
    "markets": 0,
    "best_line": 10,
    "orderbook": 9,
    "trades": 0,
    "roster_events": 0
  },
  "rows_deduped": {
    "markets": 24,
    "best_line": 38,
    "orderbook": 10,
    "trades": 0,
    "roster_events": 0
  },
  "raw_counts": {
    "markets": 24,
    "orderbook": 19,
    "best_line": 48,
    "trades": 0
  },
  "finished_ts": "2026-08-17T02:05:06.809301+00:00"
}
{
  "cycle_id": "f4990209-71b3-488f-89ed-82a82ec4fed9",
  "started_ts": "2026-08-17T02:10:02.470266+00:00",
  "league_id": 1384,
  "endpoints_attempted": [
    "/markets/active",
    "/orders",
    "/orders",
    "/trades",
    "/trades"
  ],
  "endpoint_failures": [],
  "rows_written": {
    "markets": 0,
    "best_line": 10,
    "orderbook": 9,
    "trades": 0,
    "roster_events": 0
  },
  "rows_deduped": {
    "markets": 24,
    "best_line": 38,
    "orderbook": 13,
    "trades": 0,
    "roster_events": 0
  },
  "raw_counts": {
    "markets": 24,
    "orderbook": 22,
    "best_line": 48,
    "trades": 0
  },
  "finished_ts": "2026-08-17T02:10:06.742810+00:00"
}
{
  "cycle_id": "e2c71edd-b95d-4371-8b01-6047dc685d9e",
  "started_ts": "2026-08-17T02:15:03.050131+00:00",
  "league_id": 1384,
  "endpoints_attempted": [
    "/markets/active",
    "/orders",
    "/orders",
    "/trades",
    "/trades"
  ],
  "endpoint_failures": [],
  "rows_written": {
    "markets": 0,
    "best_line": 6,
    "orderbook": 5,
    "trades": 0,
    "roster_events": 0
  },
  "rows_deduped": {
    "markets": 24,
    "best_line": 42,
    "orderbook": 15,
    "trades": 0,
    "roster_events": 0
  },
  "raw_counts": {
    "markets": 24,
    "orderbook": 20,
    "best_line": 48,
    "trades": 0
  },
  "finished_ts": "2026-08-17T02:15:07.319613+00:00"
}
{
  "cycle_id": "0ee373b7-5a98-4a94-ae92-d100bd025317",
  "started_ts": "2026-08-17T02:20:02.494886+00:00",
  "league_id": 1384,
  "endpoints_attempted": [
    "/markets/active",
    "/orders",
    "/orders",
    "/trades",
    "/trades"
  ],
  "endpoint_failures": [],
  "rows_written": {
    "markets": 0,
    "best_line": 5,
    "orderbook": 3,
    "trades": 0,
    "roster_events": 0
  },
  "rows_deduped": {
    "markets": 24,
    "best_line": 43,
    "orderbook": 17,
    "trades": 0,
    "roster_events": 0
  },
  "raw_counts": {
    "markets": 24,
    "orderbook": 20,
    "best_line": 48,
    "trades": 0
  },
  "finished_ts": "2026-08-17T02:20:06.762418+00:00"
}
{
  "cycle_id": "56f8fb90-0a3d-49df-9884-731dff3fe5e8",
  "started_ts": "2026-08-17T02:25:02.461580+00:00",
  "league_id": 1384,
  "endpoints_attempted": [
    "/markets/active",
    "/orders",
    "/orders",
    "/trades",
    "/trades"
  ],
  "endpoint_failures": [],
  "rows_written": {
    "markets": 0,
    "best_line": 4,
    "orderbook": 3,
    "trades": 0,
    "roster_events": 0
  },
  "rows_deduped": {
    "markets": 24,
    "best_line": 44,
    "orderbook": 18,
    "trades": 0,
    "roster_events": 0
  },
  "raw_counts": {
    "markets": 24,
    "orderbook": 21,
    "best_line": 48,
    "trades": 0
  },
  "finished_ts": "2026-08-17T02:25:06.708894+00:00"
}
{
  "cycle_id": "fb104bb7-feb4-4ce2-803f-2f529e38258b",
  "started_ts": "2026-08-17T02:30:03.055995+00:00",
  "league_id": 1384,
  "endpoints_attempted": [
    "/markets/active",
    "/orders",
    "/orders",
    "/trades",
    "/trades"
  ],
  "endpoint_failures": [],
  "rows_written": {
    "markets": 0,
    "best_line": 2,
    "orderbook": 1,
    "trades": 0,
    "roster_events": 0
  },
  "rows_deduped": {
    "markets": 24,
    "best_line": 46,
    "orderbook": 19,
    "trades": 0,
    "roster_events": 0
  },
  "raw_counts": {
    "markets": 24,
    "orderbook": 20,
    "best_line": 48,
    "trades": 0
  },
  "finished_ts": "2026-08-17T02:30:07.342165+00:00"
}
{
  "cycle_id": "cbaa42c7-3679-4bad-92b5-6be23bf87f69",
  "started_ts": "2026-08-17T02:35:02.533057+00:00",
  "league_id": 1384,
  "endpoints_attempted": [
    "/markets/active",
    "/orders",
    "/orders",
    "/trades",
    "/trades"
  ],
  "endpoint_failures": [],
  "rows_written": {
    "markets": 3,
    "best_line": 2,
    "orderbook": 2,
    "trades": 0,
    "roster_events": 0
  },
  "rows_deduped": {
    "markets": 21,
    "best_line": 46,
    "orderbook": 20,
    "trades": 0,
    "roster_events": 0
  },
  "raw_counts": {
    "markets": 24,
    "orderbook": 22,
    "best_line": 48,
    "trades": 0
  },
  "finished_ts": "2026-08-17T02:35:06.804410+00:00"
}
{
  "cycle_id": "44bd4feb-a3a1-4b88-b1c4-61cbb9f364a0",
  "started_ts": "2026-08-17T02:40:02.480374+00:00",
  "league_id": 1384,
  "endpoints_attempted": [
    "/markets/active",
    "/orders",
    "/orders",
    "/trades",
    "/trades"
  ],
  "endpoint_failures": [],
  "rows_written": {
    "markets": 0,
    "best_line": 1,
    "orderbook": 1,
    "trades": 0,
    "roster_events": 0
  },
  "rows_deduped": {
    "markets": 24,
    "best_line": 47,
    "orderbook": 21,
    "trades": 0,
    "roster_events": 0
  },
  "raw_counts": {
    "markets": 24,
    "orderbook": 22,
    "best_line": 48,
    "trades": 0
  },
  "finished_ts": "2026-08-17T02:40:06.727453+00:00"
}
{
  "cycle_id": "de484a4b-7b20-40ee-ab1d-519abb9abd01",
  "started_ts": "2026-08-17T02:45:03.055994+00:00",
  "league_id": 1384,
  "endpoints_attempted": [
    "/markets/active",
    "/orders",
    "/orders",
    "/trades",
    "/trades"
  ],
  "endpoint_failures": [],
  "rows_written": {
    "markets": 2,
    "best_line": 4,
    "orderbook": 1,
    "trades": 0,
    "roster_events": 0
  },
  "rows_deduped": {
    "markets": 23,
    "best_line": 46,
    "orderbook": 21,
    "trades": 0,
    "roster_events": 0
  },
  "raw_counts": {
    "markets": 25,
    "orderbook": 22,
    "best_line": 50,
    "trades": 0
  },
  "finished_ts": "2026-08-17T02:45:07.326120+00:00"
}
{
  "cycle_id": "d305f6d6-5500-4d30-9d42-b8b9f8eb4014",
  "started_ts": "2026-08-17T02:50:02.575528+00:00",
  "league_id": 1384,
  "endpoints_attempted": [
    "/markets/active",
    "/orders",
    "/orders",
    "/trades",
    "/trades"
  ],
  "endpoint_failures": [],
  "rows_written": {
    "markets": 0,
    "best_line": 7,
    "orderbook": 3,
    "trades": 0,
    "roster_events": 0
  },
  "rows_deduped": {
    "markets": 25,
    "best_line": 43,
    "orderbook": 18,
    "trades": 0,
    "roster_events": 0
  },
  "raw_counts": {
    "markets": 25,
    "orderbook": 21,
    "best_line": 50,
    "trades": 0
  },
  "finished_ts": "2026-08-17T02:50:06.840592+00:00"
}
{
  "cycle_id": "adcd4d2c-758d-449d-b380-d38c83088c74",
  "started_ts": "2026-08-17T02:55:02.488069+00:00",
  "league_id": 1384,
  "endpoints_attempted": [
    "/markets/active",
    "/orders",
    "/orders",
    "/trades",
    "/trades"
  ],
  "endpoint_failures": [],
  "rows_written": {
    "markets": 0,
    "best_line": 4,
    "orderbook": 4,
    "trades": 0,
    "roster_events": 0
  },
  "rows_deduped": {
    "markets": 25,
    "best_line": 46,
    "orderbook": 19,
    "trades": 0,
    "roster_events": 0
  },
  "raw_counts": {
    "markets": 25,
    "orderbook": 23,
    "best_line": 50,
    "trades": 0
  },
  "finished_ts": "2026-08-17T02:55:06.765515+00:00"
}
{
  "cycle_id": "b21d4d1e-d3ba-4eb7-90c0-7b157ba211a3",
  "started_ts": "2026-08-17T03:00:03.770005+00:00",
  "league_id": 1384,
  "endpoints_attempted": [
    "/markets/active",
    "/orders",
    "/orders",
    "/trades",
    "/trades"
  ],
  "endpoint_failures": [],
  "rows_written": {
    "markets": 0,
    "best_line": 5,
    "orderbook": 6,
    "trades": 0,
    "roster_events": 0
  },
  "rows_deduped": {
    "markets": 25,
    "best_line": 45,
    "orderbook": 20,
    "trades": 0,
    "roster_events": 0
  },
  "raw_counts": {
    "markets": 25,
    "orderbook": 26,
    "best_line": 50,
    "trades": 0
  },
  "finished_ts": "2026-08-17T03:00:08.578908+00:00"
}
{
  "cycle_id": "727a0760-39bb-4894-b2fc-c192e9a9cc9b",
  "started_ts": "2026-08-17T03:05:02.701439+00:00",
  "league_id": 1384,
  "endpoints_attempted": [
    "/markets/active",
    "/orders",
    "/orders",
    "/trades",
    "/trades"
  ],
  "endpoint_failures": [],
  "rows_written": {
    "markets": 0,
    "best_line": 6,
    "orderbook": 6,
    "trades": 0,
    "roster_events": 0
  },
  "rows_deduped": {
    "markets": 25,
    "best_line": 44,
    "orderbook": 21,
    "trades": 0,
    "roster_events": 0
  },
  "raw_counts": {
    "markets": 25,
    "orderbook": 27,
    "best_line": 50,
    "trades": 0
  },
  "finished_ts": "2026-08-17T03:05:06.957290+00:00"
}
{
  "cycle_id": "92707157-8f2a-4f37-9fcb-e0e201cce3e3",
  "started_ts": "2026-08-17T03:10:02.520033+00:00",
  "league_id": 1384,
  "endpoints_attempted": [
    "/markets/active",
    "/orders",
    "/orders",
    "/trades",
    "/trades"
  ],
  "endpoint_failures": [],
  "rows_written": {
    "markets": 0,
    "best_line": 6,
    "orderbook": 5,
    "trades": 0,
    "roster_events": 0
  },
  "rows_deduped": {
    "markets": 25,
    "best_line": 44,
    "orderbook": 23,
    "trades": 0,
    "roster_events": 0
  },
  "raw_counts": {
    "markets": 25,
    "orderbook": 28,
    "best_line": 50,
    "trades": 0
  },
  "finished_ts": "2026-08-17T03:10:06.767941+00:00"
}
{
  "cycle_id": "d1cd5f2d-d1d1-4d26-b1b2-cdf7bdd29377",
  "started_ts": "2026-08-17T03:15:03.559883+00:00",
  "league_id": 1384,
  "endpoints_attempted": [
    "/markets/active",
    "/orders",
    "/orders",
    "/trades",
    "/trades"
  ],
  "endpoint_failures": [],
  "rows_written": {
    "markets": 0,
    "best_line": 4,
    "orderbook": 1,
    "trades": 0,
    "roster_events": 0
  },
  "rows_deduped": {
    "markets": 25,
    "best_line": 46,
    "orderbook": 24,
    "trades": 0,
    "roster_events": 0
  },
  "raw_counts": {
    "markets": 25,
    "orderbook": 25,
    "best_line": 50,
    "trades": 0
  },
  "finished_ts": "2026-08-17T03:15:07.827962+00:00"
}
{
  "cycle_id": "326bc1bf-0f4b-41cb-80f4-ddf23ee6b636",
  "started_ts": "2026-08-17T03:20:02.503931+00:00",
  "league_id": 1384,
  "endpoints_attempted": [
    "/markets/active",
    "/orders",
    "/orders",
    "/trades",
    "/trades"
  ],
  "endpoint_failures": [],
  "rows_written": {
    "markets": 0,
    "best_line": 23,
    "orderbook": 45,
    "trades": 0,
    "roster_events": 0
  },
  "rows_deduped": {
    "markets": 25,
    "best_line": 27,
    "orderbook": 6,
    "trades": 0,
    "roster_events": 0
  },
  "raw_counts": {
    "markets": 25,
    "orderbook": 51,
    "best_line": 50,
    "trades": 0
  },
  "finished_ts": "2026-08-17T03:20:06.774080+00:00"
}
{
  "cycle_id": "aabb7899-809c-47fd-aa7f-74440d751dfd",
  "started_ts": "2026-08-17T03:25:02.571948+00:00",
  "league_id": 1384,
  "endpoints_attempted": [
    "/markets/active",
    "/orders",
    "/orders",
    "/trades",
    "/trades"
  ],
  "endpoint_failures": [],
  "rows_written": {
    "markets": 0,
    "best_line": 10,
    "orderbook": 20,
    "trades": 0,
    "roster_events": 0
  },
  "rows_deduped": {
    "markets": 25,
    "best_line": 40,
    "orderbook": 35,
    "trades": 0,
    "roster_events": 0
  },
  "raw_counts": {
    "markets": 25,
    "orderbook": 55,
    "best_line": 50,
    "trades": 0
  },
  "finished_ts": "2026-08-17T03:25:06.826842+00:00"
}
{
  "cycle_id": "85b08487-42e0-493e-b49f-13ae0f117ed4",
  "started_ts": "2026-08-17T03:30:03.054954+00:00",
  "league_id": 1384,
  "endpoints_attempted": [
    "/markets/active",
    "/orders",
    "/orders",
    "/trades",
    "/trades"
  ],
  "endpoint_failures": [],
  "rows_written": {
    "markets": 0,
    "best_line": 11,
    "orderbook": 13,
    "trades": 0,
    "roster_events": 0
  },
  "rows_deduped": {
    "markets": 25,
    "best_line": 39,
    "orderbook": 39,
    "trades": 0,
    "roster_events": 0
  },
  "raw_counts": {
    "markets": 25,
    "orderbook": 52,
    "best_line": 50,
    "trades": 0
  },
  "finished_ts": "2026-08-17T03:30:07.310397+00:00"
}
{
  "cycle_id": "8b562bf9-c50d-483c-a9f0-7d632b967fbc",
  "started_ts": "2026-08-17T03:35:02.530029+00:00",
  "league_id": 1384,
  "endpoints_attempted": [
    "/markets/active",
    "/orders",
    "/orders",
    "/trades",
    "/trades"
  ],
  "endpoint_failures": [],
  "rows_written": {
    "markets": 0,
    "best_line": 5,
    "orderbook": 6,
    "trades": 0,
    "roster_events": 0
  },
  "rows_deduped": {
    "markets": 25,
    "best_line": 45,
    "orderbook": 46,
    "trades": 0,
    "roster_events": 0
  },
  "raw_counts": {
    "markets": 25,
    "orderbook": 52,
    "best_line": 50,
    "trades": 0
  },
  "finished_ts": "2026-08-17T03:35:06.777359+00:00"
}
{
  "cycle_id": "ebee81b4-1f08-486d-8af3-954b00ccc9c8",
  "started_ts": "2026-08-17T03:40:02.545493+00:00",
  "league_id": 1384,
  "endpoints_attempted": [
    "/markets/active",
    "/orders",
    "/orders",
    "/trades",
    "/trades"
  ],
  "endpoint_failures": [],
  "rows_written": {
    "markets": 2,
    "best_line": 10,
    "orderbook": 14,
    "trades": 0,
    "roster_events": 0
  },
  "rows_deduped": {
    "markets": 23,
    "best_line": 40,
    "orderbook": 38,
    "trades": 0,
    "roster_events": 0
  },
  "raw_counts": {
    "markets": 25,
    "orderbook": 52,
    "best_line": 50,
    "trades": 0
  },
  "finished_ts": "2026-08-17T03:40:06.791213+00:00"
}
{
  "cycle_id": "c85a1ffc-595a-4f97-9910-a8932b67d92c",
  "started_ts": "2026-08-17T03:45:02.968246+00:00",
  "league_id": 1384,
  "endpoints_attempted": [
    "/markets/active",
    "/orders",
    "/orders",
    "/trades",
    "/trades"
  ],
  "endpoint_failures": [],
  "rows_written": {
    "markets": 2,
    "best_line": 11,
    "orderbook": 12,
    "trades": 0,
    "roster_events": 0
  },
  "rows_deduped": {
    "markets": 23,
    "best_line": 39,
    "orderbook": 39,
    "trades": 0,
    "roster_events": 0
  },
  "raw_counts": {
    "markets": 25,
    "orderbook": 51,
    "best_line": 50,
    "trades": 0
  },
  "finished_ts": "2026-08-17T03:45:07.243039+00:00"
}
{
  "cycle_id": "8c83c7fe-8bf4-4e15-a0ff-51de457789b4",
  "started_ts": "2026-08-17T03:50:02.651244+00:00",
  "league_id": 1384,
  "endpoints_attempted": [
    "/markets/active",
    "/orders",
    "/orders",
    "/trades",
    "/trades"
  ],
  "endpoint_failures": [],
  "rows_written": {
    "markets": 0,
    "best_line": 5,
    "orderbook": 7,
    "trades": 0,
    "roster_events": 0
  },
  "rows_deduped": {
    "markets": 25,
    "best_line": 45,
    "orderbook": 43,
    "trades": 0,
    "roster_events": 0
  },
  "raw_counts": {
    "markets": 25,
    "orderbook": 50,
    "best_line": 50,
    "trades": 0
  },
  "finished_ts": "2026-08-17T03:50:06.910787+00:00"
}
{
  "cycle_id": "0886b3af-39c8-447a-9c97-07aa7f3fbad0",
  "started_ts": "2026-08-17T03:55:02.532447+00:00",
  "league_id": 1384,
  "endpoints_attempted": [
    "/markets/active",
    "/orders",
    "/orders",
    "/trades",
    "/trades"
  ],
  "endpoint_failures": [],
  "rows_written": {
    "markets": 0,
    "best_line": 10,
    "orderbook": 17,
    "trades": 0,
    "roster_events": 0
  },
  "rows_deduped": {
    "markets": 25,
    "best_line": 40,
    "orderbook": 36,
    "trades": 0,
    "roster_events": 0
  },
  "raw_counts": {
    "markets": 25,
    "orderbook": 53,
    "best_line": 50,
    "trades": 0
  },
  "finished_ts": "2026-08-17T03:55:06.781900+00:00"
}
