{
  "cycle_id": "b1917133-6da5-4c63-bdb8-05cbee935177",
  "started_ts": "2026-08-09T04:00:04.199512+00:00",
  "league_id": 1384,
  "endpoints_attempted": [
    "/markets/active",
    "/orders",
    "/orders",
    "/trades",
    "/trades"
  ],
  "endpoint_failures": [],
  "rows_written": {
    "markets": 2,
    "best_line": 32,
    "orderbook": 48,
    "trades": 10,
    "roster_events": 0
  },
  "rows_deduped": {
    "markets": 35,
    "best_line": 42,
    "orderbook": 72,
    "trades": 0,
    "roster_events": 0
  },
  "raw_counts": {
    "markets": 37,
    "orderbook": 120,
    "best_line": 74,
    "trades": 10
  },
  "finished_ts": "2026-08-09T04:00:08.465841+00:00"
}
{
  "cycle_id": "819c18ec-3441-42dd-a974-6ed0e674ef70",
  "started_ts": "2026-08-09T04:05:03.279765+00:00",
  "league_id": 1384,
  "endpoints_attempted": [
    "/markets/active",
    "/orders",
    "/orders",
    "/trades",
    "/trades"
  ],
  "endpoint_failures": [],
  "rows_written": {
    "markets": 0,
    "best_line": 32,
    "orderbook": 32,
    "trades": 12,
    "roster_events": 0
  },
  "rows_deduped": {
    "markets": 37,
    "best_line": 42,
    "orderbook": 90,
    "trades": 0,
    "roster_events": 0
  },
  "raw_counts": {
    "markets": 37,
    "orderbook": 122,
    "best_line": 74,
    "trades": 12
  },
  "finished_ts": "2026-08-09T04:05:07.543407+00:00"
}
{
  "cycle_id": "64d3e3a5-c197-4ddb-82a8-73dbb2907da9",
  "started_ts": "2026-08-09T04:10:03.226767+00:00",
  "league_id": 1384,
  "endpoints_attempted": [
    "/markets/active",
    "/orders",
    "/orders",
    "/trades",
    "/trades"
  ],
  "endpoint_failures": [],
  "rows_written": {
    "markets": 2,
    "best_line": 29,
    "orderbook": 25,
    "trades": 18,
    "roster_events": 0
  },
  "rows_deduped": {
    "markets": 35,
    "best_line": 45,
    "orderbook": 97,
    "trades": 0,
    "roster_events": 0
  },
  "raw_counts": {
    "markets": 37,
    "orderbook": 122,
    "best_line": 74,
    "trades": 18
  },
  "finished_ts": "2026-08-09T04:10:07.481446+00:00"
}
{
  "cycle_id": "89f17c0f-2b30-422a-a1e5-b8dda90f9fc8",
  "started_ts": "2026-08-09T04:15:03.362803+00:00",
  "league_id": 1384,
  "endpoints_attempted": [
    "/markets/active",
    "/orders",
    "/orders",
    "/trades",
    "/trades"
  ],
  "endpoint_failures": [],
  "rows_written": {
    "markets": 0,
    "best_line": 19,
    "orderbook": 13,
    "trades": 18,
    "roster_events": 0
  },
  "rows_deduped": {
    "markets": 37,
    "best_line": 55,
    "orderbook": 109,
    "trades": 0,
    "roster_events": 0
  },
  "raw_counts": {
    "markets": 37,
    "orderbook": 122,
    "best_line": 74,
    "trades": 18
  },
  "finished_ts": "2026-08-09T04:15:07.637934+00:00"
}
{
  "cycle_id": "2796c293-324e-4b88-bb85-3aef8f0c6591",
  "started_ts": "2026-08-09T04:20:02.980584+00:00",
  "league_id": 1384,
  "endpoints_attempted": [
    "/markets/active",
    "/orders",
    "/orders",
    "/trades",
    "/trades"
  ],
  "endpoint_failures": [],
  "rows_written": {
    "markets": 0,
    "best_line": 14,
    "orderbook": 11,
    "trades": 18,
    "roster_events": 0
  },
  "rows_deduped": {
    "markets": 37,
    "best_line": 60,
    "orderbook": 111,
    "trades": 0,
    "roster_events": 0
  },
  "raw_counts": {
    "markets": 37,
    "orderbook": 122,
    "best_line": 74,
    "trades": 18
  },
  "finished_ts": "2026-08-09T04:20:07.284887+00:00"
}
{
  "cycle_id": "1c743cdf-fc69-4262-abaa-df0b223a7264",
  "started_ts": "2026-08-09T04:25:03.090186+00:00",
  "league_id": 1384,
  "endpoints_attempted": [
    "/markets/active",
    "/orders",
    "/orders",
    "/trades",
    "/trades"
  ],
  "endpoint_failures": [],
  "rows_written": {
    "markets": 0,
    "best_line": 17,
    "orderbook": 13,
    "trades": 18,
    "roster_events": 0
  },
  "rows_deduped": {
    "markets": 37,
    "best_line": 57,
    "orderbook": 109,
    "trades": 0,
    "roster_events": 0
  },
  "raw_counts": {
    "markets": 37,
    "orderbook": 122,
    "best_line": 74,
    "trades": 18
  },
  "finished_ts": "2026-08-09T04:25:07.345678+00:00"
}
{
  "cycle_id": "129c60bc-ad87-4437-9572-c4880bb6461f",
  "started_ts": "2026-08-09T04:30:04.137739+00:00",
  "league_id": 1384,
  "endpoints_attempted": [
    "/markets/active",
    "/orders",
    "/orders",
    "/trades",
    "/trades"
  ],
  "endpoint_failures": [],
  "rows_written": {
    "markets": 0,
    "best_line": 27,
    "orderbook": 26,
    "trades": 18,
    "roster_events": 0
  },
  "rows_deduped": {
    "markets": 37,
    "best_line": 47,
    "orderbook": 96,
    "trades": 0,
    "roster_events": 0
  },
  "raw_counts": {
    "markets": 37,
    "orderbook": 122,
    "best_line": 74,
    "trades": 18
  },
  "finished_ts": "2026-08-09T04:30:08.399260+00:00"
}
{
  "cycle_id": "5c380739-9b0e-444c-bc3a-724377d7f1f8",
  "started_ts": "2026-08-09T04:35:03.154718+00:00",
  "league_id": 1384,
  "endpoints_attempted": [
    "/markets/active",
    "/orders",
    "/orders",
    "/trades",
    "/trades"
  ],
  "endpoint_failures": [],
  "rows_written": {
    "markets": 0,
    "best_line": 44,
    "orderbook": 63,
    "trades": 20,
    "roster_events": 0
  },
  "rows_deduped": {
    "markets": 37,
    "best_line": 30,
    "orderbook": 60,
    "trades": 0,
    "roster_events": 0
  },
  "raw_counts": {
    "markets": 37,
    "orderbook": 123,
    "best_line": 74,
    "trades": 20
  },
  "finished_ts": "2026-08-09T04:35:07.413373+00:00"
}
{
  "cycle_id": "8b5a9bea-6e53-48a7-942e-757b1b89a9f8",
  "started_ts": "2026-08-09T04:40:02.715368+00:00",
  "league_id": 1384,
  "endpoints_attempted": [
    "/markets/active",
    "/orders",
    "/orders",
    "/trades",
    "/trades"
  ],
  "endpoint_failures": [],
  "rows_written": {
    "markets": 1,
    "best_line": 34,
    "orderbook": 52,
    "trades": 20,
    "roster_events": 0
  },
  "rows_deduped": {
    "markets": 36,
    "best_line": 40,
    "orderbook": 69,
    "trades": 0,
    "roster_events": 0
  },
  "raw_counts": {
    "markets": 37,
    "orderbook": 121,
    "best_line": 74,
    "trades": 20
  },
  "finished_ts": "2026-08-09T04:40:06.998312+00:00"
}
{
  "cycle_id": "c2aba614-7c3e-447f-b5c1-a4c3deb68f48",
  "started_ts": "2026-08-09T04:45:02.923733+00:00",
  "league_id": 1384,
  "endpoints_attempted": [
    "/markets/active",
    "/orders",
    "/orders",
    "/trades",
    "/trades"
  ],
  "endpoint_failures": [],
  "rows_written": {
    "markets": 0,
    "best_line": 27,
    "orderbook": 34,
    "trades": 20,
    "roster_events": 0
  },
  "rows_deduped": {
    "markets": 37,
    "best_line": 47,
    "orderbook": 87,
    "trades": 0,
    "roster_events": 0
  },
  "raw_counts": {
    "markets": 37,
    "orderbook": 121,
    "best_line": 74,
    "trades": 20
  },
  "finished_ts": "2026-08-09T04:45:07.354673+00:00"
}
{
  "cycle_id": "a131e29f-f996-47ef-940b-9f7e2a855f69",
  "started_ts": "2026-08-09T04:50:03.834305+00:00",
  "league_id": 1384,
  "endpoints_attempted": [
    "/markets/active",
    "/orders",
    "/orders",
    "/trades",
    "/trades"
  ],
  "endpoint_failures": [],
  "rows_written": {
    "markets": 0,
    "best_line": 38,
    "orderbook": 38,
    "trades": 20,
    "roster_events": 0
  },
  "rows_deduped": {
    "markets": 37,
    "best_line": 36,
    "orderbook": 76,
    "trades": 0,
    "roster_events": 0
  },
  "raw_counts": {
    "markets": 37,
    "orderbook": 114,
    "best_line": 74,
    "trades": 20
  },
  "finished_ts": "2026-08-09T04:50:08.113601+00:00"
}
{
  "cycle_id": "bbe929cf-f7a5-4e7a-8718-984694820b2d",
  "started_ts": "2026-08-09T04:55:03.192165+00:00",
  "league_id": 1384,
  "endpoints_attempted": [
    "/markets/active",
    "/orders",
    "/orders",
    "/trades",
    "/trades"
  ],
  "endpoint_failures": [],
  "rows_written": {
    "markets": 0,
    "best_line": 9,
    "orderbook": 6,
    "trades": 20,
    "roster_events": 0
  },
  "rows_deduped": {
    "markets": 37,
    "best_line": 65,
    "orderbook": 108,
    "trades": 0,
    "roster_events": 0
  },
  "raw_counts": {
    "markets": 37,
    "orderbook": 114,
    "best_line": 74,
    "trades": 20
  },
  "finished_ts": "2026-08-09T04:55:07.482033+00:00"
}
