{
  "cycle_id": "929516ae-aebf-4a48-af32-c553722fd9d7",
  "started_ts": "2026-08-19T13:05:34.315489+00:00",
  "league_id": 1384,
  "endpoints_attempted": [
    "/markets/active",
    "/orders",
    "/orders",
    "/trades",
    "/trades"
  ],
  "endpoint_failures": [],
  "rows_written": {
    "markets": 28,
    "best_line": 72,
    "orderbook": 167,
    "trades": 100,
    "roster_events": 53
  },
  "rows_deduped": {
    "markets": 8,
    "best_line": 0,
    "orderbook": 1,
    "trades": 0,
    "roster_events": 0
  },
  "raw_counts": {
    "markets": 36,
    "orderbook": 168,
    "best_line": 72,
    "trades": 100
  },
  "finished_ts": "2026-08-19T13:05:40.025928+00:00"
}
{
  "cycle_id": "11583260-8d94-459f-b55d-8939ad8fd0a2",
  "started_ts": "2026-08-19T13:10:07.006401+00:00",
  "league_id": 1384,
  "endpoints_attempted": [
    "/markets/active",
    "/orders",
    "/orders",
    "/trades",
    "/trades"
  ],
  "endpoint_failures": [],
  "rows_written": {
    "markets": 0,
    "best_line": 47,
    "orderbook": 100,
    "trades": 108,
    "roster_events": 0
  },
  "rows_deduped": {
    "markets": 36,
    "best_line": 25,
    "orderbook": 89,
    "trades": 0,
    "roster_events": 0
  },
  "raw_counts": {
    "markets": 36,
    "orderbook": 189,
    "best_line": 72,
    "trades": 108
  },
  "finished_ts": "2026-08-19T13:10:11.592738+00:00"
}
{
  "cycle_id": "f07fd7a7-91b5-49b8-9142-37a4334bfd41",
  "started_ts": "2026-08-19T13:15:03.723610+00:00",
  "league_id": 1384,
  "endpoints_attempted": [
    "/markets/active",
    "/orders",
    "/orders",
    "/trades",
    "/trades"
  ],
  "endpoint_failures": [],
  "rows_written": {
    "markets": 0,
    "best_line": 52,
    "orderbook": 81,
    "trades": 108,
    "roster_events": 0
  },
  "rows_deduped": {
    "markets": 36,
    "best_line": 20,
    "orderbook": 105,
    "trades": 0,
    "roster_events": 0
  },
  "raw_counts": {
    "markets": 36,
    "orderbook": 186,
    "best_line": 72,
    "trades": 108
  },
  "finished_ts": "2026-08-19T13:15:08.215275+00:00"
}
{
  "cycle_id": "06c504c4-005f-437a-a2f6-eb76a232a7ad",
  "started_ts": "2026-08-19T13:20:03.153108+00:00",
  "league_id": 1384,
  "endpoints_attempted": [
    "/markets/active",
    "/orders",
    "/orders",
    "/trades",
    "/trades"
  ],
  "endpoint_failures": [],
  "rows_written": {
    "markets": 0,
    "best_line": 53,
    "orderbook": 131,
    "trades": 108,
    "roster_events": 0
  },
  "rows_deduped": {
    "markets": 36,
    "best_line": 19,
    "orderbook": 56,
    "trades": 0,
    "roster_events": 0
  },
  "raw_counts": {
    "markets": 36,
    "orderbook": 187,
    "best_line": 72,
    "trades": 108
  },
  "finished_ts": "2026-08-19T13:20:07.713444+00:00"
}
{
  "cycle_id": "73963b75-ab1e-4d34-9716-2f97196c221b",
  "started_ts": "2026-08-19T13:25:03.321633+00:00",
  "league_id": 1384,
  "endpoints_attempted": [
    "/markets/active",
    "/orders",
    "/orders",
    "/trades",
    "/trades"
  ],
  "endpoint_failures": [],
  "rows_written": {
    "markets": 0,
    "best_line": 44,
    "orderbook": 97,
    "trades": 108,
    "roster_events": 0
  },
  "rows_deduped": {
    "markets": 36,
    "best_line": 28,
    "orderbook": 90,
    "trades": 0,
    "roster_events": 0
  },
  "raw_counts": {
    "markets": 36,
    "orderbook": 187,
    "best_line": 72,
    "trades": 108
  },
  "finished_ts": "2026-08-19T13:25:07.631006+00:00"
}
{
  "cycle_id": "d6472a7a-39cf-4894-b3b1-105535667e0b",
  "started_ts": "2026-08-19T13:30:02.355855+00:00",
  "league_id": 1384,
  "endpoints_attempted": [
    "/markets/active",
    "/orders",
    "/orders",
    "/trades",
    "/trades"
  ],
  "endpoint_failures": [],
  "rows_written": {
    "markets": 2,
    "best_line": 47,
    "orderbook": 142,
    "trades": 130,
    "roster_events": 0
  },
  "rows_deduped": {
    "markets": 34,
    "best_line": 25,
    "orderbook": 40,
    "trades": 0,
    "roster_events": 0
  },
  "raw_counts": {
    "markets": 36,
    "orderbook": 182,
    "best_line": 72,
    "trades": 130
  },
  "finished_ts": "2026-08-19T13:30:06.624088+00:00"
}
{
  "cycle_id": "3c7275ec-686a-4322-ac9c-9b73f00c3b77",
  "started_ts": "2026-08-19T13:35:02.322396+00:00",
  "league_id": 1384,
  "endpoints_attempted": [
    "/markets/active",
    "/orders",
    "/orders",
    "/trades",
    "/trades"
  ],
  "endpoint_failures": [],
  "rows_written": {
    "markets": 0,
    "best_line": 40,
    "orderbook": 56,
    "trades": 130,
    "roster_events": 0
  },
  "rows_deduped": {
    "markets": 36,
    "best_line": 32,
    "orderbook": 122,
    "trades": 0,
    "roster_events": 0
  },
  "raw_counts": {
    "markets": 36,
    "orderbook": 178,
    "best_line": 72,
    "trades": 130
  },
  "finished_ts": "2026-08-19T13:35:06.620213+00:00"
}
{
  "cycle_id": "f5a6de7c-02e4-477a-9187-d470d6427217",
  "started_ts": "2026-08-19T13:40:02.290624+00:00",
  "league_id": 1384,
  "endpoints_attempted": [
    "/markets/active",
    "/orders",
    "/orders",
    "/trades",
    "/trades"
  ],
  "endpoint_failures": [],
  "rows_written": {
    "markets": 0,
    "best_line": 63,
    "orderbook": 111,
    "trades": 130,
    "roster_events": 0
  },
  "rows_deduped": {
    "markets": 36,
    "best_line": 9,
    "orderbook": 68,
    "trades": 0,
    "roster_events": 0
  },
  "raw_counts": {
    "markets": 36,
    "orderbook": 179,
    "best_line": 72,
    "trades": 130
  },
  "finished_ts": "2026-08-19T13:40:06.551711+00:00"
}
{
  "cycle_id": "93f095eb-f588-4050-9ba1-72b756ea1cfb",
  "started_ts": "2026-08-19T13:45:02.616286+00:00",
  "league_id": 1384,
  "endpoints_attempted": [
    "/markets/active",
    "/orders",
    "/orders",
    "/trades",
    "/trades"
  ],
  "endpoint_failures": [],
  "rows_written": {
    "markets": 0,
    "best_line": 39,
    "orderbook": 78,
    "trades": 130,
    "roster_events": 0
  },
  "rows_deduped": {
    "markets": 36,
    "best_line": 33,
    "orderbook": 94,
    "trades": 0,
    "roster_events": 0
  },
  "raw_counts": {
    "markets": 36,
    "orderbook": 172,
    "best_line": 72,
    "trades": 130
  },
  "finished_ts": "2026-08-19T13:45:08.717735+00:00"
}
{
  "cycle_id": "848641c1-c85b-4335-9023-859f1dce1da7",
  "started_ts": "2026-08-19T13:50:03.671570+00:00",
  "league_id": 1384,
  "endpoints_attempted": [
    "/markets/active",
    "/orders",
    "/orders",
    "/trades",
    "/trades"
  ],
  "endpoint_failures": [],
  "rows_written": {
    "markets": 2,
    "best_line": 30,
    "orderbook": 84,
    "trades": 130,
    "roster_events": 0
  },
  "rows_deduped": {
    "markets": 34,
    "best_line": 42,
    "orderbook": 87,
    "trades": 0,
    "roster_events": 0
  },
  "raw_counts": {
    "markets": 36,
    "orderbook": 171,
    "best_line": 72,
    "trades": 130
  },
  "finished_ts": "2026-08-19T13:50:07.955131+00:00"
}
{
  "cycle_id": "906adc2a-04df-4a09-841c-cea868c10953",
  "started_ts": "2026-08-19T13:55:02.193062+00:00",
  "league_id": 1384,
  "endpoints_attempted": [
    "/markets/active",
    "/orders",
    "/orders",
    "/trades",
    "/trades"
  ],
  "endpoint_failures": [],
  "rows_written": {
    "markets": 0,
    "best_line": 43,
    "orderbook": 113,
    "trades": 132,
    "roster_events": 0
  },
  "rows_deduped": {
    "markets": 36,
    "best_line": 29,
    "orderbook": 59,
    "trades": 0,
    "roster_events": 0
  },
  "raw_counts": {
    "markets": 36,
    "orderbook": 172,
    "best_line": 72,
    "trades": 132
  },
  "finished_ts": "2026-08-19T13:55:06.469407+00:00"
}
{
  "cycle_id": "cb2d14f7-dc45-4e85-af4c-e18baf5f034f",
  "started_ts": "2026-08-19T14:00:03.696209+00:00",
  "league_id": 1384,
  "endpoints_attempted": [
    "/markets/active",
    "/orders",
    "/orders",
    "/trades",
    "/trades"
  ],
  "endpoint_failures": [],
  "rows_written": {
    "markets": 2,
    "best_line": 42,
    "orderbook": 127,
    "trades": 132,
    "roster_events": 0
  },
  "rows_deduped": {
    "markets": 34,
    "best_line": 30,
    "orderbook": 52,
    "trades": 0,
    "roster_events": 0
  },
  "raw_counts": {
    "markets": 36,
    "orderbook": 179,
    "best_line": 72,
    "trades": 132
  },
  "finished_ts": "2026-08-19T14:00:08.115747+00:00"
}
{
  "cycle_id": "290e582a-c1ef-44bd-994a-e070d803aa48",
  "started_ts": "2026-08-19T14:05:02.385254+00:00",
  "league_id": 1384,
  "endpoints_attempted": [
    "/markets/active",
    "/orders",
    "/orders",
    "/trades",
    "/trades"
  ],
  "endpoint_failures": [],
  "rows_written": {
    "markets": 2,
    "best_line": 46,
    "orderbook": 100,
    "trades": 132,
    "roster_events": 0
  },
  "rows_deduped": {
    "markets": 35,
    "best_line": 28,
    "orderbook": 86,
    "trades": 0,
    "roster_events": 0
  },
  "raw_counts": {
    "markets": 37,
    "orderbook": 186,
    "best_line": 74,
    "trades": 132
  },
  "finished_ts": "2026-08-19T14:05:06.670441+00:00"
}
{
  "cycle_id": "f1a44528-05bd-47e4-9967-cd70bb1be320",
  "started_ts": "2026-08-19T14:10:02.701497+00:00",
  "league_id": 1384,
  "endpoints_attempted": [
    "/markets/active",
    "/orders",
    "/orders",
    "/trades",
    "/trades"
  ],
  "endpoint_failures": [],
  "rows_written": {
    "markets": 0,
    "best_line": 44,
    "orderbook": 136,
    "trades": 132,
    "roster_events": 0
  },
  "rows_deduped": {
    "markets": 37,
    "best_line": 30,
    "orderbook": 43,
    "trades": 0,
    "roster_events": 0
  },
  "raw_counts": {
    "markets": 37,
    "orderbook": 179,
    "best_line": 74,
    "trades": 132
  },
  "finished_ts": "2026-08-19T14:10:26.248192+00:00"
}
{
  "cycle_id": "a99f18e5-e33f-4baf-9d30-6535f8a73d70",
  "started_ts": "2026-08-19T14:15:02.438464+00:00",
  "league_id": 1384,
  "endpoints_attempted": [
    "/markets/active",
    "/orders",
    "/orders",
    "/trades",
    "/trades"
  ],
  "endpoint_failures": [],
  "rows_written": {
    "markets": 0,
    "best_line": 44,
    "orderbook": 117,
    "trades": 132,
    "roster_events": 0
  },
  "rows_deduped": {
    "markets": 37,
    "best_line": 30,
    "orderbook": 59,
    "trades": 0,
    "roster_events": 0
  },
  "raw_counts": {
    "markets": 37,
    "orderbook": 176,
    "best_line": 74,
    "trades": 132
  },
  "finished_ts": "2026-08-19T14:15:06.725054+00:00"
}
{
  "cycle_id": "8579680e-766a-4b1c-b662-0950a4ee14f9",
  "started_ts": "2026-08-19T14:20:02.631741+00:00",
  "league_id": 1384,
  "endpoints_attempted": [
    "/markets/active",
    "/orders",
    "/orders",
    "/trades",
    "/trades"
  ],
  "endpoint_failures": [],
  "rows_written": {
    "markets": 0,
    "best_line": 33,
    "orderbook": 78,
    "trades": 132,
    "roster_events": 0
  },
  "rows_deduped": {
    "markets": 37,
    "best_line": 41,
    "orderbook": 88,
    "trades": 0,
    "roster_events": 0
  },
  "raw_counts": {
    "markets": 37,
    "orderbook": 166,
    "best_line": 74,
    "trades": 132
  },
  "finished_ts": "2026-08-19T14:20:06.906127+00:00"
}
{
  "cycle_id": "703b200a-d330-4cc3-a8e9-96c8f5ed51c5",
  "started_ts": "2026-08-19T14:25:02.655052+00:00",
  "league_id": 1384,
  "endpoints_attempted": [
    "/markets/active",
    "/orders",
    "/orders",
    "/trades",
    "/trades"
  ],
  "endpoint_failures": [],
  "rows_written": {
    "markets": 4,
    "best_line": 28,
    "orderbook": 56,
    "trades": 132,
    "roster_events": 0
  },
  "rows_deduped": {
    "markets": 33,
    "best_line": 46,
    "orderbook": 109,
    "trades": 0,
    "roster_events": 0
  },
  "raw_counts": {
    "markets": 37,
    "orderbook": 165,
    "best_line": 74,
    "trades": 132
  },
  "finished_ts": "2026-08-19T14:25:06.966796+00:00"
}
{
  "cycle_id": "8836c824-a615-4936-b7c9-367ff33bf0a5",
  "started_ts": "2026-08-19T14:30:02.348583+00:00",
  "league_id": 1384,
  "endpoints_attempted": [
    "/markets/active",
    "/orders",
    "/orders",
    "/trades",
    "/trades"
  ],
  "endpoint_failures": [],
  "rows_written": {
    "markets": 0,
    "best_line": 30,
    "orderbook": 53,
    "trades": 132,
    "roster_events": 0
  },
  "rows_deduped": {
    "markets": 37,
    "best_line": 44,
    "orderbook": 113,
    "trades": 0,
    "roster_events": 0
  },
  "raw_counts": {
    "markets": 37,
    "orderbook": 166,
    "best_line": 74,
    "trades": 132
  },
  "finished_ts": "2026-08-19T14:30:06.625544+00:00"
}
{
  "cycle_id": "d1da86b3-9a0a-45ea-87d4-7a425c5d11fd",
  "started_ts": "2026-08-19T14:35:02.134457+00:00",
  "league_id": 1384,
  "endpoints_attempted": [
    "/markets/active",
    "/orders",
    "/orders",
    "/trades",
    "/trades"
  ],
  "endpoint_failures": [],
  "rows_written": {
    "markets": 0,
    "best_line": 39,
    "orderbook": 70,
    "trades": 132,
    "roster_events": 0
  },
  "rows_deduped": {
    "markets": 37,
    "best_line": 35,
    "orderbook": 100,
    "trades": 0,
    "roster_events": 0
  },
  "raw_counts": {
    "markets": 37,
    "orderbook": 170,
    "best_line": 74,
    "trades": 132
  },
  "finished_ts": "2026-08-19T14:35:06.439092+00:00"
}
{
  "cycle_id": "37526f03-a78c-4610-85f9-0073a1168a32",
  "started_ts": "2026-08-19T14:40:02.107560+00:00",
  "league_id": 1384,
  "endpoints_attempted": [
    "/markets/active",
    "/orders",
    "/orders",
    "/trades",
    "/trades"
  ],
  "endpoint_failures": [],
  "rows_written": {
    "markets": 0,
    "best_line": 43,
    "orderbook": 132,
    "trades": 132,
    "roster_events": 0
  },
  "rows_deduped": {
    "markets": 37,
    "best_line": 31,
    "orderbook": 42,
    "trades": 0,
    "roster_events": 0
  },
  "raw_counts": {
    "markets": 37,
    "orderbook": 174,
    "best_line": 74,
    "trades": 132
  },
  "finished_ts": "2026-08-19T14:40:06.381737+00:00"
}
{
  "cycle_id": "4606fff8-f0a2-4b40-b78b-bdd008681f7b",
  "started_ts": "2026-08-19T14:45:02.349465+00:00",
  "league_id": 1384,
  "endpoints_attempted": [
    "/markets/active",
    "/orders",
    "/orders",
    "/trades",
    "/trades"
  ],
  "endpoint_failures": [],
  "rows_written": {
    "markets": 0,
    "best_line": 32,
    "orderbook": 58,
    "trades": 132,
    "roster_events": 0
  },
  "rows_deduped": {
    "markets": 37,
    "best_line": 42,
    "orderbook": 110,
    "trades": 0,
    "roster_events": 0
  },
  "raw_counts": {
    "markets": 37,
    "orderbook": 168,
    "best_line": 74,
    "trades": 132
  },
  "finished_ts": "2026-08-19T14:45:06.613864+00:00"
}
{
  "cycle_id": "2dd5dffd-3e70-4085-adf8-b8c718b7b29f",
  "started_ts": "2026-08-19T14:50:02.124517+00:00",
  "league_id": 1384,
  "endpoints_attempted": [
    "/markets/active",
    "/orders",
    "/orders",
    "/trades",
    "/trades"
  ],
  "endpoint_failures": [],
  "rows_written": {
    "markets": 0,
    "best_line": 27,
    "orderbook": 61,
    "trades": 132,
    "roster_events": 0
  },
  "rows_deduped": {
    "markets": 37,
    "best_line": 47,
    "orderbook": 103,
    "trades": 0,
    "roster_events": 0
  },
  "raw_counts": {
    "markets": 37,
    "orderbook": 164,
    "best_line": 74,
    "trades": 132
  },
  "finished_ts": "2026-08-19T14:50:06.398052+00:00"
}
{
  "cycle_id": "0a9c4d29-42b6-4f51-a115-c5c92d56720c",
  "started_ts": "2026-08-19T14:55:02.124540+00:00",
  "league_id": 1384,
  "endpoints_attempted": [
    "/markets/active",
    "/orders",
    "/orders",
    "/trades",
    "/trades"
  ],
  "endpoint_failures": [],
  "rows_written": {
    "markets": 0,
    "best_line": 27,
    "orderbook": 35,
    "trades": 132,
    "roster_events": 0
  },
  "rows_deduped": {
    "markets": 37,
    "best_line": 47,
    "orderbook": 127,
    "trades": 0,
    "roster_events": 0
  },
  "raw_counts": {
    "markets": 37,
    "orderbook": 162,
    "best_line": 74,
    "trades": 132
  },
  "finished_ts": "2026-08-19T14:55:06.399624+00:00"
}
{
  "cycle_id": "ea8e4730-0267-4d1b-93f8-e1531f520a84",
  "started_ts": "2026-08-19T15:00:02.946354+00:00",
  "league_id": 1384,
  "endpoints_attempted": [
    "/markets/active",
    "/orders",
    "/orders",
    "/trades",
    "/trades"
  ],
  "endpoint_failures": [],
  "rows_written": {
    "markets": 2,
    "best_line": 32,
    "orderbook": 59,
    "trades": 134,
    "roster_events": 0
  },
  "rows_deduped": {
    "markets": 35,
    "best_line": 42,
    "orderbook": 107,
    "trades": 0,
    "roster_events": 0
  },
  "raw_counts": {
    "markets": 37,
    "orderbook": 166,
    "best_line": 74,
    "trades": 134
  },
  "finished_ts": "2026-08-19T15:00:07.262380+00:00"
}
{
  "cycle_id": "5dd0695b-b868-4b97-8c7f-4e74e82bd9fb",
  "started_ts": "2026-08-19T15:05:02.315022+00:00",
  "league_id": 1384,
  "endpoints_attempted": [
    "/markets/active",
    "/orders",
    "/orders",
    "/trades",
    "/trades"
  ],
  "endpoint_failures": [],
  "rows_written": {
    "markets": 4,
    "best_line": 22,
    "orderbook": 42,
    "trades": 136,
    "roster_events": 0
  },
  "rows_deduped": {
    "markets": 34,
    "best_line": 54,
    "orderbook": 134,
    "trades": 0,
    "roster_events": 0
  },
  "raw_counts": {
    "markets": 38,
    "orderbook": 176,
    "best_line": 76,
    "trades": 136
  },
  "finished_ts": "2026-08-19T15:05:06.590700+00:00"
}
{
  "cycle_id": "ab73b65f-4a1d-4b41-b8a3-f1fce672dd27",
  "started_ts": "2026-08-19T15:10:03.095374+00:00",
  "league_id": 1384,
  "endpoints_attempted": [
    "/markets/active",
    "/orders",
    "/orders",
    "/trades",
    "/trades"
  ],
  "endpoint_failures": [],
  "rows_written": {
    "markets": 6,
    "best_line": 43,
    "orderbook": 85,
    "trades": 136,
    "roster_events": 0
  },
  "rows_deduped": {
    "markets": 32,
    "best_line": 33,
    "orderbook": 86,
    "trades": 0,
    "roster_events": 0
  },
  "raw_counts": {
    "markets": 38,
    "orderbook": 171,
    "best_line": 76,
    "trades": 136
  },
  "finished_ts": "2026-08-19T15:10:07.395035+00:00"
}
{
  "cycle_id": "7c47c036-342c-4c98-8f26-6cf4730391e8",
  "started_ts": "2026-08-19T15:15:03.341015+00:00",
  "league_id": 1384,
  "endpoints_attempted": [
    "/markets/active",
    "/orders",
    "/orders",
    "/trades",
    "/trades"
  ],
  "endpoint_failures": [],
  "rows_written": {
    "markets": 2,
    "best_line": 32,
    "orderbook": 46,
    "trades": 136,
    "roster_events": 0
  },
  "rows_deduped": {
    "markets": 36,
    "best_line": 44,
    "orderbook": 114,
    "trades": 0,
    "roster_events": 0
  },
  "raw_counts": {
    "markets": 38,
    "orderbook": 160,
    "best_line": 76,
    "trades": 136
  },
  "finished_ts": "2026-08-19T15:15:07.827452+00:00"
}
{
  "cycle_id": "dc4fa30c-43a8-4e74-aa51-552b1e3e0046",
  "started_ts": "2026-08-19T15:20:03.545816+00:00",
  "league_id": 1384,
  "endpoints_attempted": [
    "/markets/active",
    "/orders",
    "/orders",
    "/trades",
    "/trades"
  ],
  "endpoint_failures": [],
  "rows_written": {
    "markets": 0,
    "best_line": 31,
    "orderbook": 85,
    "trades": 136,
    "roster_events": 0
  },
  "rows_deduped": {
    "markets": 38,
    "best_line": 45,
    "orderbook": 86,
    "trades": 0,
    "roster_events": 0
  },
  "raw_counts": {
    "markets": 38,
    "orderbook": 171,
    "best_line": 76,
    "trades": 136
  },
  "finished_ts": "2026-08-19T15:20:07.939814+00:00"
}
{
  "cycle_id": "2a863312-2b93-47f7-b144-921a8b8f7837",
  "started_ts": "2026-08-19T15:25:02.257769+00:00",
  "league_id": 1384,
  "endpoints_attempted": [
    "/markets/active",
    "/orders",
    "/orders",
    "/trades",
    "/trades"
  ],
  "endpoint_failures": [],
  "rows_written": {
    "markets": 4,
    "best_line": 36,
    "orderbook": 91,
    "trades": 140,
    "roster_events": 0
  },
  "rows_deduped": {
    "markets": 35,
    "best_line": 42,
    "orderbook": 90,
    "trades": 0,
    "roster_events": 0
  },
  "raw_counts": {
    "markets": 39,
    "orderbook": 181,
    "best_line": 78,
    "trades": 140
  },
  "finished_ts": "2026-08-19T15:25:06.530958+00:00"
}
{
  "cycle_id": "5918d68b-7f70-4897-a044-96d3b516f9c2",
  "started_ts": "2026-08-19T15:30:03.543605+00:00",
  "league_id": 1384,
  "endpoints_attempted": [
    "/markets/active",
    "/orders",
    "/orders",
    "/trades",
    "/trades"
  ],
  "endpoint_failures": [],
  "rows_written": {
    "markets": 2,
    "best_line": 43,
    "orderbook": 87,
    "trades": 146,
    "roster_events": 0
  },
  "rows_deduped": {
    "markets": 37,
    "best_line": 35,
    "orderbook": 98,
    "trades": 0,
    "roster_events": 0
  },
  "raw_counts": {
    "markets": 39,
    "orderbook": 185,
    "best_line": 78,
    "trades": 146
  },
  "finished_ts": "2026-08-19T15:30:07.858702+00:00"
}
{
  "cycle_id": "9cbda9ab-4212-4e93-bea6-dbbe97834e7a",
  "started_ts": "2026-08-19T15:35:02.325561+00:00",
  "league_id": 1384,
  "endpoints_attempted": [
    "/markets/active",
    "/orders",
    "/orders",
    "/trades",
    "/trades"
  ],
  "endpoint_failures": [],
  "rows_written": {
    "markets": 2,
    "best_line": 43,
    "orderbook": 104,
    "trades": 166,
    "roster_events": 0
  },
  "rows_deduped": {
    "markets": 37,
    "best_line": 35,
    "orderbook": 89,
    "trades": 0,
    "roster_events": 0
  },
  "raw_counts": {
    "markets": 39,
    "orderbook": 193,
    "best_line": 78,
    "trades": 166
  },
  "finished_ts": "2026-08-19T15:35:06.968535+00:00"
}
{
  "cycle_id": "d14d3b62-ce46-433f-87d2-114553204d6a",
  "started_ts": "2026-08-19T15:40:02.957865+00:00",
  "league_id": 1384,
  "endpoints_attempted": [
    "/markets/active",
    "/orders",
    "/orders",
    "/trades",
    "/trades"
  ],
  "endpoint_failures": [],
  "rows_written": {
    "markets": 2,
    "best_line": 39,
    "orderbook": 101,
    "trades": 170,
    "roster_events": 0
  },
  "rows_deduped": {
    "markets": 37,
    "best_line": 39,
    "orderbook": 80,
    "trades": 0,
    "roster_events": 0
  },
  "raw_counts": {
    "markets": 39,
    "orderbook": 181,
    "best_line": 78,
    "trades": 170
  },
  "finished_ts": "2026-08-19T15:40:07.266189+00:00"
}
{
  "cycle_id": "1e552afb-48a2-46f2-b4d3-a9438afe22ef",
  "started_ts": "2026-08-19T15:45:04.452846+00:00",
  "league_id": 1384,
  "endpoints_attempted": [
    "/markets/active",
    "/orders",
    "/orders",
    "/trades",
    "/trades"
  ],
  "endpoint_failures": [],
  "rows_written": {
    "markets": 0,
    "best_line": 39,
    "orderbook": 60,
    "trades": 172,
    "roster_events": 0
  },
  "rows_deduped": {
    "markets": 39,
    "best_line": 39,
    "orderbook": 120,
    "trades": 0,
    "roster_events": 0
  },
  "raw_counts": {
    "markets": 39,
    "orderbook": 180,
    "best_line": 78,
    "trades": 172
  },
  "finished_ts": "2026-08-19T15:45:09.284833+00:00"
}
{
  "cycle_id": "4b6eaa74-9932-41f2-9e99-0b4167678844",
  "started_ts": "2026-08-19T15:50:02.303973+00:00",
  "league_id": 1384,
  "endpoints_attempted": [
    "/markets/active",
    "/orders",
    "/orders",
    "/trades",
    "/trades"
  ],
  "endpoint_failures": [],
  "rows_written": {
    "markets": 2,
    "best_line": 35,
    "orderbook": 71,
    "trades": 172,
    "roster_events": 0
  },
  "rows_deduped": {
    "markets": 37,
    "best_line": 43,
    "orderbook": 110,
    "trades": 0,
    "roster_events": 0
  },
  "raw_counts": {
    "markets": 39,
    "orderbook": 181,
    "best_line": 78,
    "trades": 172
  },
  "finished_ts": "2026-08-19T15:50:06.586882+00:00"
}
{
  "cycle_id": "a6d39db9-a6a9-44f3-9e16-a9a594d26b24",
  "started_ts": "2026-08-19T15:55:02.643356+00:00",
  "league_id": 1384,
  "endpoints_attempted": [
    "/markets/active",
    "/orders",
    "/orders",
    "/trades",
    "/trades"
  ],
  "endpoint_failures": [],
  "rows_written": {
    "markets": 4,
    "best_line": 38,
    "orderbook": 62,
    "trades": 172,
    "roster_events": 0
  },
  "rows_deduped": {
    "markets": 36,
    "best_line": 42,
    "orderbook": 125,
    "trades": 0,
    "roster_events": 0
  },
  "raw_counts": {
    "markets": 40,
    "orderbook": 187,
    "best_line": 80,
    "trades": 172
  },
  "finished_ts": "2026-08-19T15:55:07.001845+00:00"
}
{
  "cycle_id": "b7a49ab5-616e-4807-ad54-def52b346f7e",
  "started_ts": "2026-08-19T16:00:05.008860+00:00",
  "league_id": 1384,
  "endpoints_attempted": [
    "/markets/active",
    "/orders",
    "/orders",
    "/trades",
    "/trades"
  ],
  "endpoint_failures": [],
  "rows_written": {
    "markets": 0,
    "best_line": 36,
    "orderbook": 48,
    "trades": 172,
    "roster_events": 0
  },
  "rows_deduped": {
    "markets": 40,
    "best_line": 44,
    "orderbook": 121,
    "trades": 0,
    "roster_events": 0
  },
  "raw_counts": {
    "markets": 40,
    "orderbook": 169,
    "best_line": 80,
    "trades": 172
  },
  "finished_ts": "2026-08-19T16:00:10.340992+00:00"
}
{
  "cycle_id": "17b785f9-c87a-4628-bf10-7de0b4e5ad4a",
  "started_ts": "2026-08-19T16:05:02.362355+00:00",
  "league_id": 1384,
  "endpoints_attempted": [
    "/markets/active",
    "/orders",
    "/orders",
    "/trades",
    "/trades"
  ],
  "endpoint_failures": [],
  "rows_written": {
    "markets": 4,
    "best_line": 37,
    "orderbook": 54,
    "trades": 172,
    "roster_events": 0
  },
  "rows_deduped": {
    "markets": 36,
    "best_line": 43,
    "orderbook": 119,
    "trades": 0,
    "roster_events": 0
  },
  "raw_counts": {
    "markets": 40,
    "orderbook": 173,
    "best_line": 80,
    "trades": 172
  },
  "finished_ts": "2026-08-19T16:05:06.682564+00:00"
}
{
  "cycle_id": "fff9cadf-a2d8-4d3c-918f-a896b7a4e5e5",
  "started_ts": "2026-08-19T16:10:02.255983+00:00",
  "league_id": 1384,
  "endpoints_attempted": [
    "/markets/active",
    "/orders",
    "/orders",
    "/trades",
    "/trades"
  ],
  "endpoint_failures": [],
  "rows_written": {
    "markets": 0,
    "best_line": 26,
    "orderbook": 43,
    "trades": 172,
    "roster_events": 0
  },
  "rows_deduped": {
    "markets": 40,
    "best_line": 54,
    "orderbook": 136,
    "trades": 0,
    "roster_events": 0
  },
  "raw_counts": {
    "markets": 40,
    "orderbook": 179,
    "best_line": 80,
    "trades": 172
  },
  "finished_ts": "2026-08-19T16:10:06.537159+00:00"
}
{
  "cycle_id": "bd1ef275-7335-445b-90e4-6e3f304e2da0",
  "started_ts": "2026-08-19T16:15:04.458453+00:00",
  "league_id": 1384,
  "endpoints_attempted": [
    "/markets/active",
    "/orders",
    "/orders",
    "/trades",
    "/trades"
  ],
  "endpoint_failures": [],
  "rows_written": {
    "markets": 0,
    "best_line": 34,
    "orderbook": 47,
    "trades": 172,
    "roster_events": 0
  },
  "rows_deduped": {
    "markets": 40,
    "best_line": 46,
    "orderbook": 137,
    "trades": 0,
    "roster_events": 0
  },
  "raw_counts": {
    "markets": 40,
    "orderbook": 184,
    "best_line": 80,
    "trades": 172
  },
  "finished_ts": "2026-08-19T16:15:08.854573+00:00"
}
{
  "cycle_id": "2b6a154f-3c37-4890-abdf-e4f4ad285885",
  "started_ts": "2026-08-19T16:20:02.268313+00:00",
  "league_id": 1384,
  "endpoints_attempted": [
    "/markets/active",
    "/orders",
    "/orders",
    "/trades",
    "/trades"
  ],
  "endpoint_failures": [],
  "rows_written": {
    "markets": 0,
    "best_line": 38,
    "orderbook": 108,
    "trades": 172,
    "roster_events": 0
  },
  "rows_deduped": {
    "markets": 40,
    "best_line": 42,
    "orderbook": 79,
    "trades": 0,
    "roster_events": 0
  },
  "raw_counts": {
    "markets": 40,
    "orderbook": 187,
    "best_line": 80,
    "trades": 172
  },
  "finished_ts": "2026-08-19T16:20:06.600944+00:00"
}
{
  "cycle_id": "2683c228-23f6-49bf-a3fd-edbafcd40160",
  "started_ts": "2026-08-19T16:25:02.752123+00:00",
  "league_id": 1384,
  "endpoints_attempted": [
    "/markets/active",
    "/orders",
    "/orders",
    "/trades",
    "/trades"
  ],
  "endpoint_failures": [],
  "rows_written": {
    "markets": 0,
    "best_line": 39,
    "orderbook": 85,
    "trades": 172,
    "roster_events": 0
  },
  "rows_deduped": {
    "markets": 40,
    "best_line": 41,
    "orderbook": 113,
    "trades": 0,
    "roster_events": 0
  },
  "raw_counts": {
    "markets": 40,
    "orderbook": 198,
    "best_line": 80,
    "trades": 172
  },
  "finished_ts": "2026-08-19T16:25:07.080887+00:00"
}
{
  "cycle_id": "20a61ac5-057a-4ef1-be3b-9c0b3b2da697",
  "started_ts": "2026-08-19T16:30:03.479464+00:00",
  "league_id": 1384,
  "endpoints_attempted": [
    "/markets/active",
    "/orders",
    "/orders",
    "/trades",
    "/trades"
  ],
  "endpoint_failures": [],
  "rows_written": {
    "markets": 0,
    "best_line": 41,
    "orderbook": 88,
    "trades": 172,
    "roster_events": 0
  },
  "rows_deduped": {
    "markets": 40,
    "best_line": 39,
    "orderbook": 103,
    "trades": 0,
    "roster_events": 0
  },
  "raw_counts": {
    "markets": 40,
    "orderbook": 191,
    "best_line": 80,
    "trades": 172
  },
  "finished_ts": "2026-08-19T16:30:07.905466+00:00"
}
{
  "cycle_id": "4ab08ede-2820-40c9-8867-57b4988ef94b",
  "started_ts": "2026-08-19T16:35:03.053965+00:00",
  "league_id": 1384,
  "endpoints_attempted": [
    "/markets/active",
    "/orders",
    "/orders",
    "/trades",
    "/trades"
  ],
  "endpoint_failures": [],
  "rows_written": {
    "markets": 0,
    "best_line": 27,
    "orderbook": 30,
    "trades": 172,
    "roster_events": 0
  },
  "rows_deduped": {
    "markets": 40,
    "best_line": 53,
    "orderbook": 157,
    "trades": 0,
    "roster_events": 0
  },
  "raw_counts": {
    "markets": 40,
    "orderbook": 187,
    "best_line": 80,
    "trades": 172
  },
  "finished_ts": "2026-08-19T16:35:07.510955+00:00"
}
{
  "cycle_id": "25767e4c-a2c2-4211-85c6-cb1277cefd88",
  "started_ts": "2026-08-19T16:40:02.816515+00:00",
  "league_id": 1384,
  "endpoints_attempted": [
    "/markets/active",
    "/orders",
    "/orders",
    "/trades",
    "/trades"
  ],
  "endpoint_failures": [],
  "rows_written": {
    "markets": 2,
    "best_line": 44,
    "orderbook": 89,
    "trades": 172,
    "roster_events": 0
  },
  "rows_deduped": {
    "markets": 38,
    "best_line": 36,
    "orderbook": 97,
    "trades": 0,
    "roster_events": 0
  },
  "raw_counts": {
    "markets": 40,
    "orderbook": 186,
    "best_line": 80,
    "trades": 172
  },
  "finished_ts": "2026-08-19T16:40:07.149604+00:00"
}
{
  "cycle_id": "fa0217a0-7f57-403b-88a8-033c91f3a58c",
  "started_ts": "2026-08-19T16:45:03.529579+00:00",
  "league_id": 1384,
  "endpoints_attempted": [
    "/markets/active",
    "/orders",
    "/orders",
    "/trades",
    "/trades"
  ],
  "endpoint_failures": [],
  "rows_written": {
    "markets": 4,
    "best_line": 25,
    "orderbook": 31,
    "trades": 172,
    "roster_events": 0
  },
  "rows_deduped": {
    "markets": 36,
    "best_line": 55,
    "orderbook": 157,
    "trades": 0,
    "roster_events": 0
  },
  "raw_counts": {
    "markets": 40,
    "orderbook": 188,
    "best_line": 80,
    "trades": 172
  },
  "finished_ts": "2026-08-19T16:45:08.064450+00:00"
}
{
  "cycle_id": "03cbd496-a20f-494d-a531-ed3b69f8d99e",
  "started_ts": "2026-08-19T16:49:51.043096+00:00",
  "league_id": 1384,
  "endpoints_attempted": [
    "/markets/active",
    "/orders",
    "/orders",
    "/trades",
    "/trades"
  ],
  "endpoint_failures": [],
  "rows_written": {
    "markets": 2,
    "best_line": 46,
    "orderbook": 85,
    "trades": 174,
    "roster_events": 0
  },
  "rows_deduped": {
    "markets": 38,
    "best_line": 34,
    "orderbook": 69,
    "trades": 0,
    "roster_events": 0
  },
  "raw_counts": {
    "markets": 40,
    "orderbook": 154,
    "best_line": 80,
    "trades": 174
  },
  "finished_ts": "2026-08-19T16:49:55.378305+00:00"
}
{
  "cycle_id": "09506fe1-31d5-4893-954d-17d251edf748",
  "started_ts": "2026-08-19T16:50:02.609564+00:00",
  "league_id": 1384,
  "endpoints_attempted": [
    "/markets/active",
    "/orders",
    "/orders",
    "/trades",
    "/trades"
  ],
  "endpoint_failures": [],
  "rows_written": {
    "markets": 0,
    "best_line": 0,
    "orderbook": 0,
    "trades": 174,
    "roster_events": 0
  },
  "rows_deduped": {
    "markets": 40,
    "best_line": 80,
    "orderbook": 154,
    "trades": 0,
    "roster_events": 0
  },
  "raw_counts": {
    "markets": 40,
    "orderbook": 154,
    "best_line": 80,
    "trades": 174
  },
  "finished_ts": "2026-08-19T16:50:06.906072+00:00"
}
{
  "cycle_id": "6f8f2fbd-1d0d-4d01-ab31-a96c5fa1b92c",
  "started_ts": "2026-08-19T16:55:02.436542+00:00",
  "league_id": 1384,
  "endpoints_attempted": [
    "/markets/active",
    "/orders",
    "/orders",
    "/orders",
    "/trades",
    "/trades",
    "/trades"
  ],
  "endpoint_failures": [],
  "rows_written": {
    "markets": 6,
    "best_line": 42,
    "orderbook": 72,
    "trades": 182,
    "roster_events": 0
  },
  "rows_deduped": {
    "markets": 35,
    "best_line": 40,
    "orderbook": 96,
    "trades": 0,
    "roster_events": 0
  },
  "raw_counts": {
    "markets": 41,
    "orderbook": 168,
    "best_line": 82,
    "trades": 182
  },
  "finished_ts": "2026-08-19T16:55:08.819690+00:00"
}
{
  "cycle_id": "0cd3cc93-901e-4ba8-98f5-5ccc1ebe19fa",
  "started_ts": "2026-08-19T17:00:03.127233+00:00",
  "league_id": 1384,
  "endpoints_attempted": [
    "/markets/active",
    "/orders",
    "/orders",
    "/orders",
    "/trades",
    "/trades",
    "/trades"
  ],
  "endpoint_failures": [],
  "rows_written": {
    "markets": 2,
    "best_line": 38,
    "orderbook": 96,
    "trades": 184,
    "roster_events": 0
  },
  "rows_deduped": {
    "markets": 39,
    "best_line": 44,
    "orderbook": 82,
    "trades": 0,
    "roster_events": 0
  },
  "raw_counts": {
    "markets": 41,
    "orderbook": 178,
    "best_line": 82,
    "trades": 184
  },
  "finished_ts": "2026-08-19T17:00:09.781080+00:00"
}
{
  "cycle_id": "7ecc350e-428c-486b-8e40-b3e07fc11287",
  "started_ts": "2026-08-19T17:05:02.371657+00:00",
  "league_id": 1384,
  "endpoints_attempted": [
    "/markets/active",
    "/orders",
    "/orders",
    "/orders",
    "/trades",
    "/trades",
    "/trades"
  ],
  "endpoint_failures": [],
  "rows_written": {
    "markets": 7,
    "best_line": 37,
    "orderbook": 65,
    "trades": 184,
    "roster_events": 0
  },
  "rows_deduped": {
    "markets": 35,
    "best_line": 47,
    "orderbook": 107,
    "trades": 0,
    "roster_events": 0
  },
  "raw_counts": {
    "markets": 42,
    "orderbook": 172,
    "best_line": 84,
    "trades": 184
  },
  "finished_ts": "2026-08-19T17:05:08.735455+00:00"
}
{
  "cycle_id": "94306fed-0eda-4e6f-8347-0f83626074f1",
  "started_ts": "2026-08-19T17:10:02.287262+00:00",
  "league_id": 1384,
  "endpoints_attempted": [
    "/markets/active",
    "/orders",
    "/orders",
    "/orders",
    "/trades",
    "/trades",
    "/trades"
  ],
  "endpoint_failures": [],
  "rows_written": {
    "markets": 10,
    "best_line": 52,
    "orderbook": 115,
    "trades": 192,
    "roster_events": 0
  },
  "rows_deduped": {
    "markets": 36,
    "best_line": 40,
    "orderbook": 80,
    "trades": 0,
    "roster_events": 0
  },
  "raw_counts": {
    "markets": 46,
    "orderbook": 195,
    "best_line": 92,
    "trades": 192
  },
  "finished_ts": "2026-08-19T17:10:08.700486+00:00"
}
{
  "cycle_id": "34b6247b-5f06-4281-b53e-005cd144fa43",
  "started_ts": "2026-08-19T17:15:03.024886+00:00",
  "league_id": 1384,
  "endpoints_attempted": [
    "/markets/active",
    "/orders",
    "/orders",
    "/orders",
    "/trades",
    "/trades",
    "/trades"
  ],
  "endpoint_failures": [],
  "rows_written": {
    "markets": 0,
    "best_line": 53,
    "orderbook": 80,
    "trades": 192,
    "roster_events": 0
  },
  "rows_deduped": {
    "markets": 46,
    "best_line": 39,
    "orderbook": 110,
    "trades": 0,
    "roster_events": 0
  },
  "raw_counts": {
    "markets": 46,
    "orderbook": 190,
    "best_line": 92,
    "trades": 192
  },
  "finished_ts": "2026-08-19T17:15:09.410145+00:00"
}
{
  "cycle_id": "82e70098-54ca-4f35-8a5e-483b5c84a53d",
  "started_ts": "2026-08-19T17:20:02.401601+00:00",
  "league_id": 1384,
  "endpoints_attempted": [
    "/markets/active",
    "/orders",
    "/orders",
    "/orders",
    "/trades",
    "/trades",
    "/trades"
  ],
  "endpoint_failures": [],
  "rows_written": {
    "markets": 0,
    "best_line": 50,
    "orderbook": 101,
    "trades": 192,
    "roster_events": 0
  },
  "rows_deduped": {
    "markets": 46,
    "best_line": 42,
    "orderbook": 73,
    "trades": 0,
    "roster_events": 0
  },
  "raw_counts": {
    "markets": 46,
    "orderbook": 174,
    "best_line": 92,
    "trades": 192
  },
  "finished_ts": "2026-08-19T17:20:08.991073+00:00"
}
{
  "cycle_id": "48954226-0b3c-47ec-9305-593e572d8620",
  "started_ts": "2026-08-19T17:25:02.351489+00:00",
  "league_id": 1384,
  "endpoints_attempted": [
    "/markets/active",
    "/orders",
    "/orders",
    "/orders",
    "/trades",
    "/trades",
    "/trades"
  ],
  "endpoint_failures": [],
  "rows_written": {
    "markets": 2,
    "best_line": 52,
    "orderbook": 84,
    "trades": 192,
    "roster_events": 0
  },
  "rows_deduped": {
    "markets": 45,
    "best_line": 42,
    "orderbook": 99,
    "trades": 0,
    "roster_events": 0
  },
  "raw_counts": {
    "markets": 47,
    "orderbook": 183,
    "best_line": 94,
    "trades": 192
  },
  "finished_ts": "2026-08-19T17:25:08.715944+00:00"
}
{
  "cycle_id": "752de6ad-bef4-4811-99b1-3edc2593e3a5",
  "started_ts": "2026-08-19T17:30:02.612611+00:00",
  "league_id": 1384,
  "endpoints_attempted": [
    "/markets/active",
    "/orders",
    "/orders",
    "/orders",
    "/trades",
    "/trades",
    "/trades"
  ],
  "endpoint_failures": [],
  "rows_written": {
    "markets": 4,
    "best_line": 54,
    "orderbook": 138,
    "trades": 198,
    "roster_events": 0
  },
  "rows_deduped": {
    "markets": 43,
    "best_line": 40,
    "orderbook": 71,
    "trades": 0,
    "roster_events": 0
  },
  "raw_counts": {
    "markets": 47,
    "orderbook": 209,
    "best_line": 94,
    "trades": 198
  },
  "finished_ts": "2026-08-19T17:30:08.989821+00:00"
}
{
  "cycle_id": "a05970fe-0f9d-4ddd-9f49-5d74c94117a0",
  "started_ts": "2026-08-19T17:35:02.983915+00:00",
  "league_id": 1384,
  "endpoints_attempted": [
    "/markets/active",
    "/orders",
    "/orders",
    "/orders",
    "/trades",
    "/trades",
    "/trades"
  ],
  "endpoint_failures": [],
  "rows_written": {
    "markets": 2,
    "best_line": 43,
    "orderbook": 86,
    "trades": 198,
    "roster_events": 0
  },
  "rows_deduped": {
    "markets": 45,
    "best_line": 51,
    "orderbook": 126,
    "trades": 0,
    "roster_events": 0
  },
  "raw_counts": {
    "markets": 47,
    "orderbook": 212,
    "best_line": 94,
    "trades": 198
  },
  "finished_ts": "2026-08-19T17:35:09.485000+00:00"
}
{
  "cycle_id": "d309e3bd-6a97-4ee9-8a17-c08b4cf4fe3f",
  "started_ts": "2026-08-19T17:40:02.371610+00:00",
  "league_id": 1384,
  "endpoints_attempted": [
    "/markets/active",
    "/orders",
    "/orders",
    "/orders",
    "/trades",
    "/trades",
    "/trades"
  ],
  "endpoint_failures": [],
  "rows_written": {
    "markets": 0,
    "best_line": 47,
    "orderbook": 120,
    "trades": 198,
    "roster_events": 0
  },
  "rows_deduped": {
    "markets": 47,
    "best_line": 47,
    "orderbook": 94,
    "trades": 0,
    "roster_events": 0
  },
  "raw_counts": {
    "markets": 47,
    "orderbook": 214,
    "best_line": 94,
    "trades": 198
  },
  "finished_ts": "2026-08-19T17:40:09.135969+00:00"
}
{
  "cycle_id": "66f6d95c-6ebd-4d9d-b3c5-bec083dda454",
  "started_ts": "2026-08-19T17:45:04.370145+00:00",
  "league_id": 1384,
  "endpoints_attempted": [
    "/markets/active",
    "/orders",
    "/orders",
    "/orders",
    "/trades",
    "/trades",
    "/trades"
  ],
  "endpoint_failures": [],
  "rows_written": {
    "markets": 2,
    "best_line": 32,
    "orderbook": 50,
    "trades": 198,
    "roster_events": 0
  },
  "rows_deduped": {
    "markets": 45,
    "best_line": 62,
    "orderbook": 169,
    "trades": 0,
    "roster_events": 0
  },
  "raw_counts": {
    "markets": 47,
    "orderbook": 219,
    "best_line": 94,
    "trades": 198
  },
  "finished_ts": "2026-08-19T17:45:11.227911+00:00"
}
{
  "cycle_id": "029ea0d7-f93b-4d51-9d58-41a1da530af1",
  "started_ts": "2026-08-19T17:50:01.981974+00:00",
  "league_id": 1384,
  "endpoints_attempted": [
    "/markets/active",
    "/orders",
    "/orders",
    "/orders",
    "/trades",
    "/trades",
    "/trades"
  ],
  "endpoint_failures": [],
  "rows_written": {
    "markets": 2,
    "best_line": 48,
    "orderbook": 106,
    "trades": 198,
    "roster_events": 0
  },
  "rows_deduped": {
    "markets": 45,
    "best_line": 46,
    "orderbook": 105,
    "trades": 0,
    "roster_events": 0
  },
  "raw_counts": {
    "markets": 47,
    "orderbook": 211,
    "best_line": 94,
    "trades": 198
  },
  "finished_ts": "2026-08-19T17:50:08.411099+00:00"
}
{
  "cycle_id": "a401d9ff-6222-40d9-8127-36ddfcb50631",
  "started_ts": "2026-08-19T17:55:01.955035+00:00",
  "league_id": 1384,
  "endpoints_attempted": [
    "/markets/active",
    "/orders",
    "/orders",
    "/orders",
    "/trades",
    "/trades",
    "/trades"
  ],
  "endpoint_failures": [],
  "rows_written": {
    "markets": 0,
    "best_line": 34,
    "orderbook": 49,
    "trades": 198,
    "roster_events": 0
  },
  "rows_deduped": {
    "markets": 47,
    "best_line": 60,
    "orderbook": 158,
    "trades": 0,
    "roster_events": 0
  },
  "raw_counts": {
    "markets": 47,
    "orderbook": 207,
    "best_line": 94,
    "trades": 198
  },
  "finished_ts": "2026-08-19T17:55:08.339752+00:00"
}
{
  "cycle_id": "d6721503-aa5e-413f-8080-bdba812d5eb2",
  "started_ts": "2026-08-19T18:00:02.286577+00:00",
  "league_id": 1384,
  "endpoints_attempted": [
    "/markets/active",
    "/orders",
    "/orders",
    "/orders",
    "/trades",
    "/trades",
    "/trades"
  ],
  "endpoint_failures": [],
  "rows_written": {
    "markets": 2,
    "best_line": 40,
    "orderbook": 58,
    "trades": 198,
    "roster_events": 0
  },
  "rows_deduped": {
    "markets": 45,
    "best_line": 54,
    "orderbook": 143,
    "trades": 0,
    "roster_events": 0
  },
  "raw_counts": {
    "markets": 47,
    "orderbook": 201,
    "best_line": 94,
    "trades": 198
  },
  "finished_ts": "2026-08-19T18:00:08.699400+00:00"
}
{
  "cycle_id": "af51a820-e5cf-4fdd-b6c1-9f90e16196ad",
  "started_ts": "2026-08-19T18:05:02.291522+00:00",
  "league_id": 1384,
  "endpoints_attempted": [
    "/markets/active",
    "/orders",
    "/orders",
    "/orders",
    "/trades",
    "/trades",
    "/trades"
  ],
  "endpoint_failures": [],
  "rows_written": {
    "markets": 2,
    "best_line": 52,
    "orderbook": 63,
    "trades": 200,
    "roster_events": 0
  },
  "rows_deduped": {
    "markets": 45,
    "best_line": 42,
    "orderbook": 160,
    "trades": 0,
    "roster_events": 0
  },
  "raw_counts": {
    "markets": 47,
    "orderbook": 223,
    "best_line": 94,
    "trades": 200
  },
  "finished_ts": "2026-08-19T18:05:08.683981+00:00"
}
{
  "cycle_id": "7bf5fa80-6e2e-4d16-b6ac-059156171552",
  "started_ts": "2026-08-19T18:10:02.076192+00:00",
  "league_id": 1384,
  "endpoints_attempted": [
    "/markets/active",
    "/orders",
    "/orders",
    "/orders",
    "/trades",
    "/trades",
    "/trades"
  ],
  "endpoint_failures": [],
  "rows_written": {
    "markets": 0,
    "best_line": 60,
    "orderbook": 105,
    "trades": 204,
    "roster_events": 0
  },
  "rows_deduped": {
    "markets": 47,
    "best_line": 34,
    "orderbook": 118,
    "trades": 0,
    "roster_events": 0
  },
  "raw_counts": {
    "markets": 47,
    "orderbook": 223,
    "best_line": 94,
    "trades": 204
  },
  "finished_ts": "2026-08-19T18:10:08.448177+00:00"
}
{
  "cycle_id": "c91a24ac-4e64-43b3-8c54-b0bcc4f00a75",
  "started_ts": "2026-08-19T18:15:02.800284+00:00",
  "league_id": 1384,
  "endpoints_attempted": [
    "/markets/active",
    "/orders",
    "/orders",
    "/orders",
    "/trades",
    "/trades",
    "/trades"
  ],
  "endpoint_failures": [],
  "rows_written": {
    "markets": 4,
    "best_line": 74,
    "orderbook": 56,
    "trades": 204,
    "roster_events": 0
  },
  "rows_deduped": {
    "markets": 44,
    "best_line": 22,
    "orderbook": 127,
    "trades": 0,
    "roster_events": 0
  },
  "raw_counts": {
    "markets": 48,
    "orderbook": 183,
    "best_line": 96,
    "trades": 204
  },
  "finished_ts": "2026-08-19T18:15:09.344156+00:00"
}
{
  "cycle_id": "5c3f67f5-6487-4152-bd04-23974c3681b7",
  "started_ts": "2026-08-19T18:20:03.142544+00:00",
  "league_id": 1384,
  "endpoints_attempted": [
    "/markets/active",
    "/orders",
    "/orders",
    "/orders",
    "/trades",
    "/trades",
    "/trades"
  ],
  "endpoint_failures": [],
  "rows_written": {
    "markets": 0,
    "best_line": 43,
    "orderbook": 100,
    "trades": 206,
    "roster_events": 0
  },
  "rows_deduped": {
    "markets": 48,
    "best_line": 53,
    "orderbook": 96,
    "trades": 0,
    "roster_events": 0
  },
  "raw_counts": {
    "markets": 48,
    "orderbook": 196,
    "best_line": 96,
    "trades": 206
  },
  "finished_ts": "2026-08-19T18:20:09.968323+00:00"
}
{
  "cycle_id": "92eded21-1896-4db8-91fe-f69c6066f2a8",
  "started_ts": "2026-08-19T18:25:02.065221+00:00",
  "league_id": 1384,
  "endpoints_attempted": [
    "/markets/active",
    "/orders",
    "/orders",
    "/orders",
    "/trades",
    "/trades",
    "/trades"
  ],
  "endpoint_failures": [],
  "rows_written": {
    "markets": 0,
    "best_line": 41,
    "orderbook": 71,
    "trades": 206,
    "roster_events": 0
  },
  "rows_deduped": {
    "markets": 48,
    "best_line": 55,
    "orderbook": 106,
    "trades": 0,
    "roster_events": 0
  },
  "raw_counts": {
    "markets": 48,
    "orderbook": 177,
    "best_line": 96,
    "trades": 206
  },
  "finished_ts": "2026-08-19T18:25:08.431168+00:00"
}
{
  "cycle_id": "e7c886e4-ddc2-4d2e-950c-72bd16ddc009",
  "started_ts": "2026-08-19T18:30:04.520039+00:00",
  "league_id": 1384,
  "endpoints_attempted": [
    "/markets/active",
    "/orders",
    "/orders",
    "/orders",
    "/trades",
    "/trades",
    "/trades"
  ],
  "endpoint_failures": [],
  "rows_written": {
    "markets": 0,
    "best_line": 40,
    "orderbook": 79,
    "trades": 206,
    "roster_events": 0
  },
  "rows_deduped": {
    "markets": 48,
    "best_line": 56,
    "orderbook": 106,
    "trades": 0,
    "roster_events": 0
  },
  "raw_counts": {
    "markets": 48,
    "orderbook": 185,
    "best_line": 96,
    "trades": 206
  },
  "finished_ts": "2026-08-19T18:30:14.470118+00:00"
}
{
  "cycle_id": "50abb3d6-910a-4537-a277-580367784e39",
  "started_ts": "2026-08-19T18:35:04.270830+00:00",
  "league_id": 1384,
  "endpoints_attempted": [
    "/markets/active",
    "/orders",
    "/orders",
    "/orders",
    "/trades",
    "/trades",
    "/trades"
  ],
  "endpoint_failures": [],
  "rows_written": {
    "markets": 0,
    "best_line": 45,
    "orderbook": 65,
    "trades": 206,
    "roster_events": 0
  },
  "rows_deduped": {
    "markets": 48,
    "best_line": 51,
    "orderbook": 114,
    "trades": 0,
    "roster_events": 0
  },
  "raw_counts": {
    "markets": 48,
    "orderbook": 179,
    "best_line": 96,
    "trades": 206
  },
  "finished_ts": "2026-08-19T18:35:11.092193+00:00"
}
{
  "cycle_id": "60df24d8-cb61-46e8-8d9b-84fe92cad834",
  "started_ts": "2026-08-19T18:40:03.224568+00:00",
  "league_id": 1384,
  "endpoints_attempted": [
    "/markets/active",
    "/orders",
    "/orders",
    "/orders",
    "/trades",
    "/trades",
    "/trades"
  ],
  "endpoint_failures": [],
  "rows_written": {
    "markets": 0,
    "best_line": 26,
    "orderbook": 64,
    "trades": 206,
    "roster_events": 0
  },
  "rows_deduped": {
    "markets": 48,
    "best_line": 70,
    "orderbook": 108,
    "trades": 0,
    "roster_events": 0
  },
  "raw_counts": {
    "markets": 48,
    "orderbook": 172,
    "best_line": 96,
    "trades": 206
  },
  "finished_ts": "2026-08-19T18:40:09.743699+00:00"
}
{
  "cycle_id": "50ab1acc-7652-411a-b3eb-ad475c8adca8",
  "started_ts": "2026-08-19T18:45:03.489888+00:00",
  "league_id": 1384,
  "endpoints_attempted": [
    "/markets/active",
    "/orders",
    "/orders",
    "/orders",
    "/trades",
    "/trades",
    "/trades"
  ],
  "endpoint_failures": [],
  "rows_written": {
    "markets": 1,
    "best_line": 55,
    "orderbook": 94,
    "trades": 208,
    "roster_events": 0
  },
  "rows_deduped": {
    "markets": 48,
    "best_line": 43,
    "orderbook": 83,
    "trades": 0,
    "roster_events": 0
  },
  "raw_counts": {
    "markets": 49,
    "orderbook": 177,
    "best_line": 98,
    "trades": 208
  },
  "finished_ts": "2026-08-19T18:45:10.211758+00:00"
}
{
  "cycle_id": "01df2661-ad6b-4e9f-90c5-77663923c447",
  "started_ts": "2026-08-19T18:50:02.563741+00:00",
  "league_id": 1384,
  "endpoints_attempted": [
    "/markets/active",
    "/orders",
    "/orders",
    "/orders",
    "/trades",
    "/trades",
    "/trades"
  ],
  "endpoint_failures": [],
  "rows_written": {
    "markets": 2,
    "best_line": 37,
    "orderbook": 71,
    "trades": 208,
    "roster_events": 0
  },
  "rows_deduped": {
    "markets": 47,
    "best_line": 61,
    "orderbook": 109,
    "trades": 0,
    "roster_events": 0
  },
  "raw_counts": {
    "markets": 49,
    "orderbook": 180,
    "best_line": 98,
    "trades": 208
  },
  "finished_ts": "2026-08-19T18:50:09.503914+00:00"
}
{
  "cycle_id": "d901000c-4b8f-4440-8181-a150191c20db",
  "started_ts": "2026-08-19T18:55:03.446493+00:00",
  "league_id": 1384,
  "endpoints_attempted": [
    "/markets/active",
    "/orders",
    "/orders",
    "/orders",
    "/trades",
    "/trades",
    "/trades"
  ],
  "endpoint_failures": [],
  "rows_written": {
    "markets": 0,
    "best_line": 26,
    "orderbook": 38,
    "trades": 208,
    "roster_events": 0
  },
  "rows_deduped": {
    "markets": 49,
    "best_line": 72,
    "orderbook": 142,
    "trades": 0,
    "roster_events": 0
  },
  "raw_counts": {
    "markets": 49,
    "orderbook": 180,
    "best_line": 98,
    "trades": 208
  },
  "finished_ts": "2026-08-19T18:55:10.029305+00:00"
}
{
  "cycle_id": "4a706a66-742d-4dbf-9b6e-deb00f1a5782",
  "started_ts": "2026-08-19T19:00:18.078230+00:00",
  "league_id": 1384,
  "endpoints_attempted": [
    "/markets/active",
    "/orders",
    "/orders",
    "/orders",
    "/trades",
    "/trades",
    "/trades"
  ],
  "endpoint_failures": [],
  "rows_written": {
    "markets": 0,
    "best_line": 50,
    "orderbook": 86,
    "trades": 208,
    "roster_events": 0
  },
  "rows_deduped": {
    "markets": 49,
    "best_line": 48,
    "orderbook": 100,
    "trades": 0,
    "roster_events": 0
  },
  "raw_counts": {
    "markets": 49,
    "orderbook": 186,
    "best_line": 98,
    "trades": 208
  },
  "finished_ts": "2026-08-19T19:00:29.227593+00:00"
}
{
  "cycle_id": "67be63bb-38bd-417d-aad9-d68331d46ef4",
  "started_ts": "2026-08-19T19:05:04.529018+00:00",
  "league_id": 1384,
  "endpoints_attempted": [
    "/markets/active",
    "/orders",
    "/orders",
    "/orders",
    "/trades",
    "/trades",
    "/trades"
  ],
  "endpoint_failures": [],
  "rows_written": {
    "markets": 2,
    "best_line": 42,
    "orderbook": 53,
    "trades": 208,
    "roster_events": 0
  },
  "rows_deduped": {
    "markets": 47,
    "best_line": 56,
    "orderbook": 127,
    "trades": 0,
    "roster_events": 0
  },
  "raw_counts": {
    "markets": 49,
    "orderbook": 180,
    "best_line": 98,
    "trades": 208
  },
  "finished_ts": "2026-08-19T19:05:11.932717+00:00"
}
{
  "cycle_id": "81f5750b-f39f-4acb-aa48-00598f924df5",
  "started_ts": "2026-08-19T19:10:04.450766+00:00",
  "league_id": 1384,
  "endpoints_attempted": [
    "/markets/active",
    "/orders",
    "/orders",
    "/orders",
    "/trades",
    "/trades",
    "/trades"
  ],
  "endpoint_failures": [],
  "rows_written": {
    "markets": 0,
    "best_line": 50,
    "orderbook": 72,
    "trades": 208,
    "roster_events": 0
  },
  "rows_deduped": {
    "markets": 49,
    "best_line": 48,
    "orderbook": 115,
    "trades": 0,
    "roster_events": 0
  },
  "raw_counts": {
    "markets": 49,
    "orderbook": 187,
    "best_line": 98,
    "trades": 208
  },
  "finished_ts": "2026-08-19T19:10:16.368366+00:00"
}
{
  "cycle_id": "a38df1d6-8c36-482a-aec8-5c27c1c26a41",
  "started_ts": "2026-08-19T19:15:09.202114+00:00",
  "league_id": 1384,
  "endpoints_attempted": [
    "/markets/active",
    "/orders",
    "/orders",
    "/orders",
    "/trades",
    "/trades",
    "/trades"
  ],
  "endpoint_failures": [],
  "rows_written": {
    "markets": 0,
    "best_line": 30,
    "orderbook": 35,
    "trades": 208,
    "roster_events": 0
  },
  "rows_deduped": {
    "markets": 49,
    "best_line": 68,
    "orderbook": 152,
    "trades": 0,
    "roster_events": 0
  },
  "raw_counts": {
    "markets": 49,
    "orderbook": 187,
    "best_line": 98,
    "trades": 208
  },
  "finished_ts": "2026-08-19T19:15:18.422250+00:00"
}
{
  "cycle_id": "c0020682-f9d6-4a2c-812c-6f55580dd485",
  "started_ts": "2026-08-19T19:20:03.170530+00:00",
  "league_id": 1384,
  "endpoints_attempted": [
    "/markets/active",
    "/orders",
    "/orders",
    "/orders",
    "/trades",
    "/trades",
    "/trades"
  ],
  "endpoint_failures": [],
  "rows_written": {
    "markets": 0,
    "best_line": 46,
    "orderbook": 77,
    "trades": 208,
    "roster_events": 0
  },
  "rows_deduped": {
    "markets": 49,
    "best_line": 52,
    "orderbook": 124,
    "trades": 0,
    "roster_events": 0
  },
  "raw_counts": {
    "markets": 49,
    "orderbook": 201,
    "best_line": 98,
    "trades": 208
  },
  "finished_ts": "2026-08-19T19:20:09.777167+00:00"
}
{
  "cycle_id": "b1c58975-8ffb-4f38-ac74-c06ea382c273",
  "started_ts": "2026-08-19T19:25:02.181526+00:00",
  "league_id": 1384,
  "endpoints_attempted": [
    "/markets/active",
    "/orders",
    "/orders",
    "/orders",
    "/trades",
    "/trades",
    "/trades"
  ],
  "endpoint_failures": [],
  "rows_written": {
    "markets": 0,
    "best_line": 43,
    "orderbook": 66,
    "trades": 208,
    "roster_events": 0
  },
  "rows_deduped": {
    "markets": 49,
    "best_line": 55,
    "orderbook": 138,
    "trades": 0,
    "roster_events": 0
  },
  "raw_counts": {
    "markets": 49,
    "orderbook": 204,
    "best_line": 98,
    "trades": 208
  },
  "finished_ts": "2026-08-19T19:25:08.582042+00:00"
}
{
  "cycle_id": "40ca7792-1785-46af-a02e-0cb2636e5191",
  "started_ts": "2026-08-19T19:30:03.372535+00:00",
  "league_id": 1384,
  "endpoints_attempted": [
    "/markets/active",
    "/orders",
    "/orders",
    "/orders",
    "/trades",
    "/trades",
    "/trades"
  ],
  "endpoint_failures": [],
  "rows_written": {
    "markets": 0,
    "best_line": 51,
    "orderbook": 86,
    "trades": 208,
    "roster_events": 0
  },
  "rows_deduped": {
    "markets": 49,
    "best_line": 47,
    "orderbook": 111,
    "trades": 0,
    "roster_events": 0
  },
  "raw_counts": {
    "markets": 49,
    "orderbook": 197,
    "best_line": 98,
    "trades": 208
  },
  "finished_ts": "2026-08-19T19:30:10.113692+00:00"
}
{
  "cycle_id": "50410977-802a-4536-be7d-ea528e35287b",
  "started_ts": "2026-08-19T19:35:02.604827+00:00",
  "league_id": 1384,
  "endpoints_attempted": [
    "/markets/active",
    "/orders",
    "/orders",
    "/orders",
    "/trades",
    "/trades",
    "/trades"
  ],
  "endpoint_failures": [],
  "rows_written": {
    "markets": 0,
    "best_line": 43,
    "orderbook": 59,
    "trades": 208,
    "roster_events": 0
  },
  "rows_deduped": {
    "markets": 49,
    "best_line": 55,
    "orderbook": 144,
    "trades": 0,
    "roster_events": 0
  },
  "raw_counts": {
    "markets": 49,
    "orderbook": 203,
    "best_line": 98,
    "trades": 208
  },
  "finished_ts": "2026-08-19T19:35:08.974351+00:00"
}
