{
  "cycle_id": "f52febe1-3d80-4b5d-a261-4123a91f430c",
  "started_ts": "2026-08-07T02:39:05.210569+00:00",
  "league_id": 1384,
  "endpoints_attempted": [
    "/markets/active",
    "/orders",
    "/orders",
    "/orders",
    "/orders",
    "/orders",
    "/trades",
    "/trades",
    "/trades",
    "/trades",
    "/trades"
  ],
  "endpoint_failures": [],
  "rows_written": {
    "markets": 90,
    "best_line": 180,
    "orderbook": 204,
    "trades": 210
  },
  "rows_deduped": {
    "markets": 0,
    "best_line": 0,
    "orderbook": 0,
    "trades": 0
  },
  "raw_counts": {
    "markets": 90,
    "orderbook": 204,
    "best_line": 180,
    "trades": 210
  },
  "finished_ts": "2026-08-07T02:39:15.788964+00:00"
}
{
  "cycle_id": "03b94083-c417-4ffb-b4e0-24f691b592ec",
  "started_ts": "2026-08-07T02:50:02.357236+00:00",
  "league_id": 1384,
  "endpoints_attempted": [
    "/markets/active",
    "/orders",
    "/orders",
    "/orders",
    "/orders",
    "/orders",
    "/trades",
    "/trades",
    "/trades",
    "/trades",
    "/trades"
  ],
  "endpoint_failures": [],
  "rows_written": {
    "markets": 16,
    "best_line": 110,
    "orderbook": 60,
    "trades": 212
  },
  "rows_deduped": {
    "markets": 84,
    "best_line": 90,
    "orderbook": 53,
    "trades": 0
  },
  "raw_counts": {
    "markets": 100,
    "orderbook": 113,
    "best_line": 200,
    "trades": 212
  },
  "finished_ts": "2026-08-07T02:50:12.926893+00:00"
}
{
  "cycle_id": "72c50589-6d7b-4a6d-b018-2c7c1cb9e4ee",
  "started_ts": "2026-08-07T02:55:02.480750+00:00",
  "league_id": 1384,
  "endpoints_attempted": [
    "/markets/active",
    "/orders",
    "/orders",
    "/orders",
    "/orders",
    "/orders",
    "/trades",
    "/trades",
    "/trades",
    "/trades",
    "/trades"
  ],
  "endpoint_failures": [],
  "rows_written": {
    "markets": 7,
    "best_line": 96,
    "orderbook": 161,
    "trades": 212
  },
  "rows_deduped": {
    "markets": 93,
    "best_line": 104,
    "orderbook": 49,
    "trades": 0
  },
  "raw_counts": {
    "markets": 100,
    "orderbook": 210,
    "best_line": 200,
    "trades": 212
  },
  "finished_ts": "2026-08-07T02:55:13.065875+00:00"
}
{
  "cycle_id": "13c21ca2-bf76-49f8-a361-e697a264a0de",
  "started_ts": "2026-08-07T03:00:02.605893+00:00",
  "league_id": 1384,
  "endpoints_attempted": [
    "/markets/active",
    "/orders",
    "/orders",
    "/orders",
    "/orders",
    "/orders",
    "/trades",
    "/trades",
    "/trades",
    "/trades",
    "/trades"
  ],
  "endpoint_failures": [],
  "rows_written": {
    "markets": 2,
    "best_line": 47,
    "orderbook": 70,
    "trades": 212
  },
  "rows_deduped": {
    "markets": 98,
    "best_line": 153,
    "orderbook": 121,
    "trades": 0
  },
  "raw_counts": {
    "markets": 100,
    "orderbook": 191,
    "best_line": 200,
    "trades": 212
  },
  "finished_ts": "2026-08-07T03:00:13.193339+00:00"
}
{
  "cycle_id": "97e272a5-4e91-407b-9590-20535096e69c",
  "started_ts": "2026-08-07T03:05:02.216410+00:00",
  "league_id": 1384,
  "endpoints_attempted": [
    "/markets/active",
    "/orders",
    "/orders",
    "/orders",
    "/orders",
    "/orders",
    "/trades",
    "/trades",
    "/trades",
    "/trades",
    "/trades"
  ],
  "endpoint_failures": [],
  "rows_written": {
    "markets": 47,
    "best_line": 38,
    "orderbook": 73,
    "trades": 212
  },
  "rows_deduped": {
    "markets": 53,
    "best_line": 162,
    "orderbook": 114,
    "trades": 0
  },
  "raw_counts": {
    "markets": 100,
    "orderbook": 187,
    "best_line": 200,
    "trades": 212
  },
  "finished_ts": "2026-08-07T03:05:12.821019+00:00"
}
{
  "cycle_id": "08a8f5a0-4cb4-4178-a39c-9b8f02b8df83",
  "started_ts": "2026-08-07T03:10:02.182668+00:00",
  "league_id": 1384,
  "endpoints_attempted": [
    "/markets/active",
    "/orders",
    "/orders",
    "/orders",
    "/orders",
    "/trades",
    "/trades",
    "/trades",
    "/trades"
  ],
  "endpoint_failures": [],
  "rows_written": {
    "markets": 13,
    "best_line": 100,
    "orderbook": 112,
    "trades": 102
  },
  "rows_deduped": {
    "markets": 52,
    "best_line": 30,
    "orderbook": 44,
    "trades": 0
  },
  "raw_counts": {
    "markets": 65,
    "orderbook": 156,
    "best_line": 130,
    "trades": 102
  },
  "finished_ts": "2026-08-07T03:10:10.667532+00:00"
}
