{
  "cycle_id": "b47d89de-9e9a-4fa9-b73f-a22cb7b89ef0",
  "started_ts": "2026-08-15T19:18:51.069747+00:00",
  "league_id": 1384,
  "endpoints_attempted": [
    "/markets/active",
    "/orders",
    "/orders",
    "/trades",
    "/trades"
  ],
  "endpoint_failures": [],
  "rows_written": {
    "markets": 34,
    "best_line": 68,
    "orderbook": 137,
    "trades": 88,
    "roster_events": 37
  },
  "rows_deduped": {
    "markets": 0,
    "best_line": 0,
    "orderbook": 0,
    "trades": 0,
    "roster_events": 0
  },
  "raw_counts": {
    "markets": 34,
    "orderbook": 137,
    "best_line": 68,
    "trades": 88
  },
  "finished_ts": "2026-08-15T19:19:09.614863+00:00"
}
{
  "cycle_id": "7e1545fc-e55e-4d69-8bc6-77691a60fa33",
  "started_ts": "2026-08-15T19:20:07.018105+00:00",
  "league_id": 1384,
  "endpoints_attempted": [
    "/markets/active",
    "/orders",
    "/orders",
    "/trades",
    "/trades"
  ],
  "endpoint_failures": [],
  "rows_written": {
    "markets": 0,
    "best_line": 34,
    "orderbook": 36,
    "trades": 88,
    "roster_events": 0
  },
  "rows_deduped": {
    "markets": 34,
    "best_line": 34,
    "orderbook": 101,
    "trades": 0,
    "roster_events": 0
  },
  "raw_counts": {
    "markets": 34,
    "orderbook": 137,
    "best_line": 68,
    "trades": 88
  },
  "finished_ts": "2026-08-15T19:20:12.487248+00:00"
}
{
  "cycle_id": "48562cb5-edef-4f68-b80c-e0ecf77c7fa2",
  "started_ts": "2026-08-15T19:25:01.971414+00:00",
  "league_id": 1384,
  "endpoints_attempted": [
    "/markets/active",
    "/orders",
    "/orders",
    "/trades",
    "/trades"
  ],
  "endpoint_failures": [],
  "rows_written": {
    "markets": 0,
    "best_line": 34,
    "orderbook": 36,
    "trades": 92,
    "roster_events": 0
  },
  "rows_deduped": {
    "markets": 34,
    "best_line": 34,
    "orderbook": 103,
    "trades": 0,
    "roster_events": 0
  },
  "raw_counts": {
    "markets": 34,
    "orderbook": 139,
    "best_line": 68,
    "trades": 92
  },
  "finished_ts": "2026-08-15T19:25:06.332461+00:00"
}
{
  "cycle_id": "ab4dd26d-be23-4423-8673-428680b4dc99",
  "started_ts": "2026-08-15T19:30:01.952214+00:00",
  "league_id": 1384,
  "endpoints_attempted": [
    "/markets/active",
    "/orders",
    "/orders",
    "/trades",
    "/trades"
  ],
  "endpoint_failures": [],
  "rows_written": {
    "markets": 0,
    "best_line": 36,
    "orderbook": 53,
    "trades": 94,
    "roster_events": 0
  },
  "rows_deduped": {
    "markets": 34,
    "best_line": 32,
    "orderbook": 85,
    "trades": 0,
    "roster_events": 0
  },
  "raw_counts": {
    "markets": 34,
    "orderbook": 138,
    "best_line": 68,
    "trades": 94
  },
  "finished_ts": "2026-08-15T19:30:06.217990+00:00"
}
{
  "cycle_id": "de06f3b5-dd47-4a4c-9830-024605f0a2e0",
  "started_ts": "2026-08-15T19:35:02.264602+00:00",
  "league_id": 1384,
  "endpoints_attempted": [
    "/markets/active",
    "/orders",
    "/orders",
    "/trades",
    "/trades"
  ],
  "endpoint_failures": [],
  "rows_written": {
    "markets": 0,
    "best_line": 30,
    "orderbook": 33,
    "trades": 94,
    "roster_events": 0
  },
  "rows_deduped": {
    "markets": 34,
    "best_line": 38,
    "orderbook": 104,
    "trades": 0,
    "roster_events": 0
  },
  "raw_counts": {
    "markets": 34,
    "orderbook": 137,
    "best_line": 68,
    "trades": 94
  },
  "finished_ts": "2026-08-15T19:35:06.550325+00:00"
}
{
  "cycle_id": "3e76e8ac-4863-4744-a350-b6743266a586",
  "started_ts": "2026-08-15T19:40:02.296290+00:00",
  "league_id": 1384,
  "endpoints_attempted": [
    "/markets/active",
    "/orders",
    "/orders",
    "/trades",
    "/trades"
  ],
  "endpoint_failures": [],
  "rows_written": {
    "markets": 0,
    "best_line": 31,
    "orderbook": 51,
    "trades": 94,
    "roster_events": 0
  },
  "rows_deduped": {
    "markets": 34,
    "best_line": 37,
    "orderbook": 85,
    "trades": 0,
    "roster_events": 0
  },
  "raw_counts": {
    "markets": 34,
    "orderbook": 136,
    "best_line": 68,
    "trades": 94
  },
  "finished_ts": "2026-08-15T19:40:06.580999+00:00"
}
{
  "cycle_id": "b9efecfe-17d4-40fe-91b6-d639274243ca",
  "started_ts": "2026-08-15T19:45:02.730674+00:00",
  "league_id": 1384,
  "endpoints_attempted": [
    "/markets/active",
    "/orders",
    "/orders",
    "/trades",
    "/trades"
  ],
  "endpoint_failures": [],
  "rows_written": {
    "markets": 0,
    "best_line": 34,
    "orderbook": 32,
    "trades": 96,
    "roster_events": 0
  },
  "rows_deduped": {
    "markets": 34,
    "best_line": 34,
    "orderbook": 104,
    "trades": 0,
    "roster_events": 0
  },
  "raw_counts": {
    "markets": 34,
    "orderbook": 136,
    "best_line": 68,
    "trades": 96
  },
  "finished_ts": "2026-08-15T19:45:07.034938+00:00"
}
{
  "cycle_id": "b4e4eb9a-b2a1-4f35-8c9d-085bd2a3b153",
  "started_ts": "2026-08-15T19:50:02.291397+00:00",
  "league_id": 1384,
  "endpoints_attempted": [
    "/markets/active",
    "/orders",
    "/orders",
    "/trades",
    "/trades"
  ],
  "endpoint_failures": [],
  "rows_written": {
    "markets": 0,
    "best_line": 39,
    "orderbook": 103,
    "trades": 100,
    "roster_events": 0
  },
  "rows_deduped": {
    "markets": 34,
    "best_line": 29,
    "orderbook": 39,
    "trades": 0,
    "roster_events": 0
  },
  "raw_counts": {
    "markets": 34,
    "orderbook": 142,
    "best_line": 68,
    "trades": 100
  },
  "finished_ts": "2026-08-15T19:50:06.567510+00:00"
}
{
  "cycle_id": "1d5edad5-a26b-4082-96fb-e0661e45dec5",
  "started_ts": "2026-08-15T19:55:02.283728+00:00",
  "league_id": 1384,
  "endpoints_attempted": [
    "/markets/active",
    "/orders",
    "/orders",
    "/trades",
    "/trades"
  ],
  "endpoint_failures": [],
  "rows_written": {
    "markets": 0,
    "best_line": 37,
    "orderbook": 49,
    "trades": 104,
    "roster_events": 0
  },
  "rows_deduped": {
    "markets": 34,
    "best_line": 31,
    "orderbook": 95,
    "trades": 0,
    "roster_events": 0
  },
  "raw_counts": {
    "markets": 34,
    "orderbook": 144,
    "best_line": 68,
    "trades": 104
  },
  "finished_ts": "2026-08-15T19:55:06.545318+00:00"
}
{
  "cycle_id": "a84a27b8-f618-4473-8844-d7699cfc8e96",
  "started_ts": "2026-08-15T20:00:03.579466+00:00",
  "league_id": 1384,
  "endpoints_attempted": [
    "/markets/active",
    "/orders",
    "/orders",
    "/trades",
    "/trades"
  ],
  "endpoint_failures": [],
  "rows_written": {
    "markets": 0,
    "best_line": 37,
    "orderbook": 46,
    "trades": 104,
    "roster_events": 0
  },
  "rows_deduped": {
    "markets": 34,
    "best_line": 31,
    "orderbook": 95,
    "trades": 0,
    "roster_events": 0
  },
  "raw_counts": {
    "markets": 34,
    "orderbook": 141,
    "best_line": 68,
    "trades": 104
  },
  "finished_ts": "2026-08-15T20:00:08.181716+00:00"
}
{
  "cycle_id": "f15f1ff3-54b0-4b54-8073-e07009d7b90f",
  "started_ts": "2026-08-15T20:05:02.260148+00:00",
  "league_id": 1384,
  "endpoints_attempted": [
    "/markets/active",
    "/orders",
    "/orders",
    "/trades",
    "/trades"
  ],
  "endpoint_failures": [],
  "rows_written": {
    "markets": 0,
    "best_line": 31,
    "orderbook": 29,
    "trades": 104,
    "roster_events": 0
  },
  "rows_deduped": {
    "markets": 34,
    "best_line": 37,
    "orderbook": 108,
    "trades": 0,
    "roster_events": 0
  },
  "raw_counts": {
    "markets": 34,
    "orderbook": 137,
    "best_line": 68,
    "trades": 104
  },
  "finished_ts": "2026-08-15T20:05:06.541841+00:00"
}
{
  "cycle_id": "af65fb32-0c28-4ade-aead-5082174921d5",
  "started_ts": "2026-08-15T20:10:02.267192+00:00",
  "league_id": 1384,
  "endpoints_attempted": [
    "/markets/active",
    "/orders",
    "/orders",
    "/trades",
    "/trades"
  ],
  "endpoint_failures": [],
  "rows_written": {
    "markets": 0,
    "best_line": 30,
    "orderbook": 52,
    "trades": 104,
    "roster_events": 0
  },
  "rows_deduped": {
    "markets": 34,
    "best_line": 38,
    "orderbook": 85,
    "trades": 0,
    "roster_events": 0
  },
  "raw_counts": {
    "markets": 34,
    "orderbook": 137,
    "best_line": 68,
    "trades": 104
  },
  "finished_ts": "2026-08-15T20:10:06.531354+00:00"
}
{
  "cycle_id": "59e1611a-8bb8-41b6-af9a-732bb894821b",
  "started_ts": "2026-08-15T20:15:02.421422+00:00",
  "league_id": 1384,
  "endpoints_attempted": [
    "/markets/active",
    "/orders",
    "/orders",
    "/trades",
    "/trades"
  ],
  "endpoint_failures": [],
  "rows_written": {
    "markets": 0,
    "best_line": 27,
    "orderbook": 25,
    "trades": 104,
    "roster_events": 0
  },
  "rows_deduped": {
    "markets": 34,
    "best_line": 41,
    "orderbook": 117,
    "trades": 0,
    "roster_events": 0
  },
  "raw_counts": {
    "markets": 34,
    "orderbook": 142,
    "best_line": 68,
    "trades": 104
  },
  "finished_ts": "2026-08-15T20:15:06.692935+00:00"
}
{
  "cycle_id": "59917a04-9d11-41c5-9fad-218675bff9f0",
  "started_ts": "2026-08-15T20:20:02.290722+00:00",
  "league_id": 1384,
  "endpoints_attempted": [
    "/markets/active",
    "/orders",
    "/orders",
    "/trades",
    "/trades"
  ],
  "endpoint_failures": [],
  "rows_written": {
    "markets": 0,
    "best_line": 31,
    "orderbook": 37,
    "trades": 106,
    "roster_events": 0
  },
  "rows_deduped": {
    "markets": 34,
    "best_line": 37,
    "orderbook": 106,
    "trades": 0,
    "roster_events": 0
  },
  "raw_counts": {
    "markets": 34,
    "orderbook": 143,
    "best_line": 68,
    "trades": 106
  },
  "finished_ts": "2026-08-15T20:20:06.572652+00:00"
}
{
  "cycle_id": "7e6decb6-00bd-4c61-8d2f-ad09d7c29b3c",
  "started_ts": "2026-08-15T20:25:02.250306+00:00",
  "league_id": 1384,
  "endpoints_attempted": [
    "/markets/active",
    "/orders",
    "/orders",
    "/trades",
    "/trades"
  ],
  "endpoint_failures": [],
  "rows_written": {
    "markets": 0,
    "best_line": 31,
    "orderbook": 32,
    "trades": 106,
    "roster_events": 0
  },
  "rows_deduped": {
    "markets": 34,
    "best_line": 37,
    "orderbook": 114,
    "trades": 0,
    "roster_events": 0
  },
  "raw_counts": {
    "markets": 34,
    "orderbook": 146,
    "best_line": 68,
    "trades": 106
  },
  "finished_ts": "2026-08-15T20:25:06.510425+00:00"
}
{
  "cycle_id": "1a754f4f-e421-41cd-92a2-dbf1d14f0c03",
  "started_ts": "2026-08-15T20:30:02.258992+00:00",
  "league_id": 1384,
  "endpoints_attempted": [
    "/markets/active",
    "/orders",
    "/orders",
    "/trades",
    "/trades"
  ],
  "endpoint_failures": [],
  "rows_written": {
    "markets": 0,
    "best_line": 35,
    "orderbook": 64,
    "trades": 108,
    "roster_events": 0
  },
  "rows_deduped": {
    "markets": 34,
    "best_line": 33,
    "orderbook": 81,
    "trades": 0,
    "roster_events": 0
  },
  "raw_counts": {
    "markets": 34,
    "orderbook": 145,
    "best_line": 68,
    "trades": 108
  },
  "finished_ts": "2026-08-15T20:30:06.521509+00:00"
}
{
  "cycle_id": "6433e843-ea6a-4ff8-b928-fe43fddb1f44",
  "started_ts": "2026-08-15T20:35:02.240149+00:00",
  "league_id": 1384,
  "endpoints_attempted": [
    "/markets/active",
    "/orders",
    "/orders",
    "/trades",
    "/trades"
  ],
  "endpoint_failures": [],
  "rows_written": {
    "markets": 2,
    "best_line": 20,
    "orderbook": 13,
    "trades": 110,
    "roster_events": 0
  },
  "rows_deduped": {
    "markets": 32,
    "best_line": 48,
    "orderbook": 131,
    "trades": 0,
    "roster_events": 0
  },
  "raw_counts": {
    "markets": 34,
    "orderbook": 144,
    "best_line": 68,
    "trades": 110
  },
  "finished_ts": "2026-08-15T20:35:06.507470+00:00"
}
{
  "cycle_id": "2d2f9d14-73fd-4749-85b1-30e4e89ee0f6",
  "started_ts": "2026-08-15T20:40:02.256646+00:00",
  "league_id": 1384,
  "endpoints_attempted": [
    "/markets/active",
    "/orders",
    "/orders",
    "/trades",
    "/trades"
  ],
  "endpoint_failures": [],
  "rows_written": {
    "markets": 0,
    "best_line": 33,
    "orderbook": 44,
    "trades": 112,
    "roster_events": 0
  },
  "rows_deduped": {
    "markets": 34,
    "best_line": 35,
    "orderbook": 101,
    "trades": 0,
    "roster_events": 0
  },
  "raw_counts": {
    "markets": 34,
    "orderbook": 145,
    "best_line": 68,
    "trades": 112
  },
  "finished_ts": "2026-08-15T20:40:06.525950+00:00"
}
{
  "cycle_id": "d1aa8660-9296-405e-9be2-ebb5c2b66fbf",
  "started_ts": "2026-08-15T20:45:02.399173+00:00",
  "league_id": 1384,
  "endpoints_attempted": [
    "/markets/active",
    "/orders",
    "/orders",
    "/trades",
    "/trades"
  ],
  "endpoint_failures": [],
  "rows_written": {
    "markets": 0,
    "best_line": 26,
    "orderbook": 28,
    "trades": 112,
    "roster_events": 0
  },
  "rows_deduped": {
    "markets": 34,
    "best_line": 42,
    "orderbook": 117,
    "trades": 0,
    "roster_events": 0
  },
  "raw_counts": {
    "markets": 34,
    "orderbook": 145,
    "best_line": 68,
    "trades": 112
  },
  "finished_ts": "2026-08-15T20:45:06.687826+00:00"
}
{
  "cycle_id": "d185071e-7a19-45ed-a618-56d2a74e4361",
  "started_ts": "2026-08-15T20:50:02.241129+00:00",
  "league_id": 1384,
  "endpoints_attempted": [
    "/markets/active",
    "/orders",
    "/orders",
    "/trades",
    "/trades"
  ],
  "endpoint_failures": [],
  "rows_written": {
    "markets": 2,
    "best_line": 35,
    "orderbook": 75,
    "trades": 116,
    "roster_events": 0
  },
  "rows_deduped": {
    "markets": 32,
    "best_line": 33,
    "orderbook": 69,
    "trades": 0,
    "roster_events": 0
  },
  "raw_counts": {
    "markets": 34,
    "orderbook": 144,
    "best_line": 68,
    "trades": 116
  },
  "finished_ts": "2026-08-15T20:50:06.532017+00:00"
}
{
  "cycle_id": "6b7d1acc-e8f1-41b2-a827-2d7fd0297bf1",
  "started_ts": "2026-08-15T20:55:02.233491+00:00",
  "league_id": 1384,
  "endpoints_attempted": [
    "/markets/active",
    "/orders",
    "/orders",
    "/trades",
    "/trades"
  ],
  "endpoint_failures": [],
  "rows_written": {
    "markets": 0,
    "best_line": 13,
    "orderbook": 15,
    "trades": 116,
    "roster_events": 0
  },
  "rows_deduped": {
    "markets": 34,
    "best_line": 55,
    "orderbook": 131,
    "trades": 0,
    "roster_events": 0
  },
  "raw_counts": {
    "markets": 34,
    "orderbook": 146,
    "best_line": 68,
    "trades": 116
  },
  "finished_ts": "2026-08-15T20:55:06.520919+00:00"
}
{
  "cycle_id": "daeff059-42a6-483b-9147-af70fefcee4e",
  "started_ts": "2026-08-15T21:00:03.252895+00:00",
  "league_id": 1384,
  "endpoints_attempted": [
    "/markets/active",
    "/orders",
    "/orders",
    "/trades",
    "/trades"
  ],
  "endpoint_failures": [],
  "rows_written": {
    "markets": 0,
    "best_line": 33,
    "orderbook": 41,
    "trades": 116,
    "roster_events": 0
  },
  "rows_deduped": {
    "markets": 34,
    "best_line": 35,
    "orderbook": 104,
    "trades": 0,
    "roster_events": 0
  },
  "raw_counts": {
    "markets": 34,
    "orderbook": 145,
    "best_line": 68,
    "trades": 116
  },
  "finished_ts": "2026-08-15T21:00:07.543158+00:00"
}
{
  "cycle_id": "d17d3c83-3d16-4df1-8fe7-7bf7abfe54ab",
  "started_ts": "2026-08-15T21:05:01.890330+00:00",
  "league_id": 1384,
  "endpoints_attempted": [
    "/markets/active",
    "/orders",
    "/orders",
    "/trades",
    "/trades"
  ],
  "endpoint_failures": [],
  "rows_written": {
    "markets": 0,
    "best_line": 39,
    "orderbook": 41,
    "trades": 116,
    "roster_events": 0
  },
  "rows_deduped": {
    "markets": 34,
    "best_line": 29,
    "orderbook": 103,
    "trades": 0,
    "roster_events": 0
  },
  "raw_counts": {
    "markets": 34,
    "orderbook": 144,
    "best_line": 68,
    "trades": 116
  },
  "finished_ts": "2026-08-15T21:05:06.186059+00:00"
}
{
  "cycle_id": "9741174a-f229-474e-a125-adb045fcd1f3",
  "started_ts": "2026-08-15T21:10:01.911457+00:00",
  "league_id": 1384,
  "endpoints_attempted": [
    "/markets/active",
    "/orders",
    "/orders",
    "/trades",
    "/trades"
  ],
  "endpoint_failures": [],
  "rows_written": {
    "markets": 2,
    "best_line": 47,
    "orderbook": 78,
    "trades": 122,
    "roster_events": 0
  },
  "rows_deduped": {
    "markets": 32,
    "best_line": 21,
    "orderbook": 67,
    "trades": 0,
    "roster_events": 0
  },
  "raw_counts": {
    "markets": 34,
    "orderbook": 145,
    "best_line": 68,
    "trades": 122
  },
  "finished_ts": "2026-08-15T21:10:06.188360+00:00"
}
{
  "cycle_id": "8c642ab2-5138-44f9-be99-aa29bfc79a0e",
  "started_ts": "2026-08-15T21:15:01.991808+00:00",
  "league_id": 1384,
  "endpoints_attempted": [
    "/markets/active",
    "/orders",
    "/orders",
    "/trades",
    "/trades"
  ],
  "endpoint_failures": [],
  "rows_written": {
    "markets": 0,
    "best_line": 12,
    "orderbook": 13,
    "trades": 122,
    "roster_events": 0
  },
  "rows_deduped": {
    "markets": 34,
    "best_line": 56,
    "orderbook": 133,
    "trades": 0,
    "roster_events": 0
  },
  "raw_counts": {
    "markets": 34,
    "orderbook": 146,
    "best_line": 68,
    "trades": 122
  },
  "finished_ts": "2026-08-15T21:15:06.253121+00:00"
}
{
  "cycle_id": "c8f206ed-0b74-4a8c-bce4-a564593c3362",
  "started_ts": "2026-08-15T21:20:01.908624+00:00",
  "league_id": 1384,
  "endpoints_attempted": [
    "/markets/active",
    "/orders",
    "/orders",
    "/trades",
    "/trades"
  ],
  "endpoint_failures": [],
  "rows_written": {
    "markets": 0,
    "best_line": 29,
    "orderbook": 30,
    "trades": 126,
    "roster_events": 0
  },
  "rows_deduped": {
    "markets": 34,
    "best_line": 39,
    "orderbook": 118,
    "trades": 0,
    "roster_events": 0
  },
  "raw_counts": {
    "markets": 34,
    "orderbook": 148,
    "best_line": 68,
    "trades": 126
  },
  "finished_ts": "2026-08-15T21:20:06.185882+00:00"
}
{
  "cycle_id": "1dd3e61e-e638-4e60-9f2c-9b9d8630cbed",
  "started_ts": "2026-08-15T21:25:02.200363+00:00",
  "league_id": 1384,
  "endpoints_attempted": [
    "/markets/active",
    "/orders",
    "/orders",
    "/trades",
    "/trades"
  ],
  "endpoint_failures": [],
  "rows_written": {
    "markets": 0,
    "best_line": 27,
    "orderbook": 26,
    "trades": 128,
    "roster_events": 0
  },
  "rows_deduped": {
    "markets": 34,
    "best_line": 41,
    "orderbook": 122,
    "trades": 0,
    "roster_events": 0
  },
  "raw_counts": {
    "markets": 34,
    "orderbook": 148,
    "best_line": 68,
    "trades": 128
  },
  "finished_ts": "2026-08-15T21:25:06.490882+00:00"
}
{
  "cycle_id": "660cbc91-c3be-46f0-a820-60d809133457",
  "started_ts": "2026-08-15T21:30:02.377788+00:00",
  "league_id": 1384,
  "endpoints_attempted": [
    "/markets/active",
    "/orders",
    "/orders",
    "/trades",
    "/trades"
  ],
  "endpoint_failures": [],
  "rows_written": {
    "markets": 0,
    "best_line": 32,
    "orderbook": 30,
    "trades": 132,
    "roster_events": 0
  },
  "rows_deduped": {
    "markets": 34,
    "best_line": 36,
    "orderbook": 114,
    "trades": 0,
    "roster_events": 0
  },
  "raw_counts": {
    "markets": 34,
    "orderbook": 144,
    "best_line": 68,
    "trades": 132
  },
  "finished_ts": "2026-08-15T21:30:06.662456+00:00"
}
{
  "cycle_id": "6d7cfb01-b1b2-4f97-9b87-5088f7a3f895",
  "started_ts": "2026-08-15T21:35:02.199455+00:00",
  "league_id": 1384,
  "endpoints_attempted": [
    "/markets/active",
    "/orders",
    "/orders",
    "/trades",
    "/trades"
  ],
  "endpoint_failures": [],
  "rows_written": {
    "markets": 0,
    "best_line": 41,
    "orderbook": 47,
    "trades": 132,
    "roster_events": 0
  },
  "rows_deduped": {
    "markets": 34,
    "best_line": 27,
    "orderbook": 100,
    "trades": 0,
    "roster_events": 0
  },
  "raw_counts": {
    "markets": 34,
    "orderbook": 147,
    "best_line": 68,
    "trades": 132
  },
  "finished_ts": "2026-08-15T21:35:06.471295+00:00"
}
{
  "cycle_id": "a62e5497-a85c-4aa7-a2b4-6fe0285703f6",
  "started_ts": "2026-08-15T21:40:02.192068+00:00",
  "league_id": 1384,
  "endpoints_attempted": [
    "/markets/active",
    "/orders",
    "/orders",
    "/trades",
    "/trades"
  ],
  "endpoint_failures": [],
  "rows_written": {
    "markets": 0,
    "best_line": 46,
    "orderbook": 62,
    "trades": 132,
    "roster_events": 0
  },
  "rows_deduped": {
    "markets": 34,
    "best_line": 22,
    "orderbook": 84,
    "trades": 0,
    "roster_events": 0
  },
  "raw_counts": {
    "markets": 34,
    "orderbook": 146,
    "best_line": 68,
    "trades": 132
  },
  "finished_ts": "2026-08-15T21:40:06.471366+00:00"
}
{
  "cycle_id": "c6e10a8a-6c27-4d5b-a9a4-fc9527505db4",
  "started_ts": "2026-08-15T21:45:02.412689+00:00",
  "league_id": 1384,
  "endpoints_attempted": [
    "/markets/active",
    "/orders",
    "/orders",
    "/trades",
    "/trades"
  ],
  "endpoint_failures": [],
  "rows_written": {
    "markets": 0,
    "best_line": 34,
    "orderbook": 38,
    "trades": 132,
    "roster_events": 0
  },
  "rows_deduped": {
    "markets": 34,
    "best_line": 34,
    "orderbook": 111,
    "trades": 0,
    "roster_events": 0
  },
  "raw_counts": {
    "markets": 34,
    "orderbook": 149,
    "best_line": 68,
    "trades": 132
  },
  "finished_ts": "2026-08-15T21:45:06.696939+00:00"
}
{
  "cycle_id": "07f94669-d497-4a36-b35b-476619f02f2b",
  "started_ts": "2026-08-15T21:50:02.230847+00:00",
  "league_id": 1384,
  "endpoints_attempted": [
    "/markets/active",
    "/orders",
    "/orders",
    "/trades",
    "/trades"
  ],
  "endpoint_failures": [],
  "rows_written": {
    "markets": 0,
    "best_line": 44,
    "orderbook": 67,
    "trades": 132,
    "roster_events": 0
  },
  "rows_deduped": {
    "markets": 34,
    "best_line": 24,
    "orderbook": 80,
    "trades": 0,
    "roster_events": 0
  },
  "raw_counts": {
    "markets": 34,
    "orderbook": 147,
    "best_line": 68,
    "trades": 132
  },
  "finished_ts": "2026-08-15T21:50:06.493229+00:00"
}
{
  "cycle_id": "9b28dc01-1051-41dc-a0b7-45b5cbcbba7b",
  "started_ts": "2026-08-15T21:55:02.213615+00:00",
  "league_id": 1384,
  "endpoints_attempted": [
    "/markets/active",
    "/orders",
    "/orders",
    "/trades",
    "/trades"
  ],
  "endpoint_failures": [],
  "rows_written": {
    "markets": 0,
    "best_line": 47,
    "orderbook": 47,
    "trades": 132,
    "roster_events": 0
  },
  "rows_deduped": {
    "markets": 34,
    "best_line": 21,
    "orderbook": 98,
    "trades": 0,
    "roster_events": 0
  },
  "raw_counts": {
    "markets": 34,
    "orderbook": 145,
    "best_line": 68,
    "trades": 132
  },
  "finished_ts": "2026-08-15T21:55:06.513535+00:00"
}
{
  "cycle_id": "b63e773a-2687-49e4-8b3b-ff976b7b049c",
  "started_ts": "2026-08-15T22:00:02.682007+00:00",
  "league_id": 1384,
  "endpoints_attempted": [
    "/markets/active",
    "/orders",
    "/orders",
    "/trades",
    "/trades"
  ],
  "endpoint_failures": [],
  "rows_written": {
    "markets": 0,
    "best_line": 46,
    "orderbook": 77,
    "trades": 132,
    "roster_events": 0
  },
  "rows_deduped": {
    "markets": 34,
    "best_line": 22,
    "orderbook": 72,
    "trades": 0,
    "roster_events": 0
  },
  "raw_counts": {
    "markets": 34,
    "orderbook": 149,
    "best_line": 68,
    "trades": 132
  },
  "finished_ts": "2026-08-15T22:00:06.975333+00:00"
}
{
  "cycle_id": "bc9ab46d-ae61-4410-8364-af922f953ad8",
  "started_ts": "2026-08-15T22:05:02.214829+00:00",
  "league_id": 1384,
  "endpoints_attempted": [
    "/markets/active",
    "/orders",
    "/orders",
    "/trades",
    "/trades"
  ],
  "endpoint_failures": [],
  "rows_written": {
    "markets": 0,
    "best_line": 38,
    "orderbook": 42,
    "trades": 132,
    "roster_events": 0
  },
  "rows_deduped": {
    "markets": 34,
    "best_line": 30,
    "orderbook": 107,
    "trades": 0,
    "roster_events": 0
  },
  "raw_counts": {
    "markets": 34,
    "orderbook": 149,
    "best_line": 68,
    "trades": 132
  },
  "finished_ts": "2026-08-15T22:05:06.477857+00:00"
}
{
  "cycle_id": "ce7d7416-c547-4f9e-8b5d-1bb7de3cc9ae",
  "started_ts": "2026-08-15T22:10:02.201657+00:00",
  "league_id": 1384,
  "endpoints_attempted": [
    "/markets/active",
    "/orders",
    "/orders",
    "/trades",
    "/trades"
  ],
  "endpoint_failures": [],
  "rows_written": {
    "markets": 2,
    "best_line": 40,
    "orderbook": 51,
    "trades": 132,
    "roster_events": 0
  },
  "rows_deduped": {
    "markets": 32,
    "best_line": 28,
    "orderbook": 96,
    "trades": 0,
    "roster_events": 0
  },
  "raw_counts": {
    "markets": 34,
    "orderbook": 147,
    "best_line": 68,
    "trades": 132
  },
  "finished_ts": "2026-08-15T22:10:06.469458+00:00"
}
{
  "cycle_id": "bbc535bf-2b46-4a94-8188-45fb0cfa138d",
  "started_ts": "2026-08-15T22:15:02.316520+00:00",
  "league_id": 1384,
  "endpoints_attempted": [
    "/markets/active",
    "/orders",
    "/orders",
    "/trades",
    "/trades"
  ],
  "endpoint_failures": [],
  "rows_written": {
    "markets": 0,
    "best_line": 36,
    "orderbook": 43,
    "trades": 132,
    "roster_events": 0
  },
  "rows_deduped": {
    "markets": 34,
    "best_line": 32,
    "orderbook": 103,
    "trades": 0,
    "roster_events": 0
  },
  "raw_counts": {
    "markets": 34,
    "orderbook": 146,
    "best_line": 68,
    "trades": 132
  },
  "finished_ts": "2026-08-15T22:15:06.580962+00:00"
}
{
  "cycle_id": "83e01ec4-c2bd-437b-98bf-e9e7663238f0",
  "started_ts": "2026-08-15T22:20:02.204338+00:00",
  "league_id": 1384,
  "endpoints_attempted": [
    "/markets/active",
    "/orders",
    "/orders",
    "/trades",
    "/trades"
  ],
  "endpoint_failures": [],
  "rows_written": {
    "markets": 0,
    "best_line": 35,
    "orderbook": 68,
    "trades": 134,
    "roster_events": 0
  },
  "rows_deduped": {
    "markets": 34,
    "best_line": 33,
    "orderbook": 79,
    "trades": 0,
    "roster_events": 0
  },
  "raw_counts": {
    "markets": 34,
    "orderbook": 147,
    "best_line": 68,
    "trades": 134
  },
  "finished_ts": "2026-08-15T22:20:06.484552+00:00"
}
{
  "cycle_id": "612cb846-d64e-4710-83e4-514864a136c8",
  "started_ts": "2026-08-15T22:25:02.206823+00:00",
  "league_id": 1384,
  "endpoints_attempted": [
    "/markets/active",
    "/orders",
    "/orders",
    "/trades",
    "/trades"
  ],
  "endpoint_failures": [],
  "rows_written": {
    "markets": 0,
    "best_line": 23,
    "orderbook": 38,
    "trades": 134,
    "roster_events": 0
  },
  "rows_deduped": {
    "markets": 34,
    "best_line": 45,
    "orderbook": 111,
    "trades": 0,
    "roster_events": 0
  },
  "raw_counts": {
    "markets": 34,
    "orderbook": 149,
    "best_line": 68,
    "trades": 134
  },
  "finished_ts": "2026-08-15T22:25:06.475031+00:00"
}
{
  "cycle_id": "7a0db164-e18a-4559-bd7d-ddedd3d80add",
  "started_ts": "2026-08-15T22:30:02.605009+00:00",
  "league_id": 1384,
  "endpoints_attempted": [
    "/markets/active",
    "/orders",
    "/orders",
    "/trades",
    "/trades"
  ],
  "endpoint_failures": [],
  "rows_written": {
    "markets": 0,
    "best_line": 38,
    "orderbook": 58,
    "trades": 136,
    "roster_events": 0
  },
  "rows_deduped": {
    "markets": 34,
    "best_line": 30,
    "orderbook": 88,
    "trades": 0,
    "roster_events": 0
  },
  "raw_counts": {
    "markets": 34,
    "orderbook": 146,
    "best_line": 68,
    "trades": 136
  },
  "finished_ts": "2026-08-15T22:30:06.889274+00:00"
}
{
  "cycle_id": "42336394-2a3b-4b0b-91e7-2828b6796e0c",
  "started_ts": "2026-08-15T22:35:02.220121+00:00",
  "league_id": 1384,
  "endpoints_attempted": [
    "/markets/active",
    "/orders",
    "/orders",
    "/trades",
    "/trades"
  ],
  "endpoint_failures": [],
  "rows_written": {
    "markets": 0,
    "best_line": 40,
    "orderbook": 61,
    "trades": 138,
    "roster_events": 0
  },
  "rows_deduped": {
    "markets": 34,
    "best_line": 28,
    "orderbook": 87,
    "trades": 0,
    "roster_events": 0
  },
  "raw_counts": {
    "markets": 34,
    "orderbook": 148,
    "best_line": 68,
    "trades": 138
  },
  "finished_ts": "2026-08-15T22:35:06.509088+00:00"
}
{
  "cycle_id": "2d3d11b8-88cd-44fc-9de6-fc29e31359dd",
  "started_ts": "2026-08-15T22:40:02.211925+00:00",
  "league_id": 1384,
  "endpoints_attempted": [
    "/markets/active",
    "/orders",
    "/orders",
    "/trades",
    "/trades"
  ],
  "endpoint_failures": [],
  "rows_written": {
    "markets": 0,
    "best_line": 37,
    "orderbook": 68,
    "trades": 140,
    "roster_events": 0
  },
  "rows_deduped": {
    "markets": 34,
    "best_line": 31,
    "orderbook": 80,
    "trades": 0,
    "roster_events": 0
  },
  "raw_counts": {
    "markets": 34,
    "orderbook": 148,
    "best_line": 68,
    "trades": 140
  },
  "finished_ts": "2026-08-15T22:40:06.483828+00:00"
}
{
  "cycle_id": "d4804267-1235-48d5-b2da-5907e88a558b",
  "started_ts": "2026-08-15T22:45:02.576953+00:00",
  "league_id": 1384,
  "endpoints_attempted": [
    "/markets/active",
    "/orders",
    "/orders",
    "/trades",
    "/trades"
  ],
  "endpoint_failures": [],
  "rows_written": {
    "markets": 0,
    "best_line": 37,
    "orderbook": 49,
    "trades": 142,
    "roster_events": 0
  },
  "rows_deduped": {
    "markets": 34,
    "best_line": 31,
    "orderbook": 101,
    "trades": 0,
    "roster_events": 0
  },
  "raw_counts": {
    "markets": 34,
    "orderbook": 150,
    "best_line": 68,
    "trades": 142
  },
  "finished_ts": "2026-08-15T22:45:06.862552+00:00"
}
{
  "cycle_id": "b351e430-34af-41d8-9aec-290eff4d9b0c",
  "started_ts": "2026-08-15T22:50:02.209398+00:00",
  "league_id": 1384,
  "endpoints_attempted": [
    "/markets/active",
    "/orders",
    "/orders",
    "/trades",
    "/trades"
  ],
  "endpoint_failures": [],
  "rows_written": {
    "markets": 0,
    "best_line": 32,
    "orderbook": 68,
    "trades": 142,
    "roster_events": 0
  },
  "rows_deduped": {
    "markets": 34,
    "best_line": 36,
    "orderbook": 84,
    "trades": 0,
    "roster_events": 0
  },
  "raw_counts": {
    "markets": 34,
    "orderbook": 152,
    "best_line": 68,
    "trades": 142
  },
  "finished_ts": "2026-08-15T22:50:06.491107+00:00"
}
{
  "cycle_id": "e7f3c441-b5ea-4404-8b21-ce1ac09c7b36",
  "started_ts": "2026-08-15T22:55:02.209612+00:00",
  "league_id": 1384,
  "endpoints_attempted": [
    "/markets/active",
    "/orders",
    "/orders",
    "/trades",
    "/trades"
  ],
  "endpoint_failures": [],
  "rows_written": {
    "markets": 2,
    "best_line": 34,
    "orderbook": 33,
    "trades": 142,
    "roster_events": 0
  },
  "rows_deduped": {
    "markets": 32,
    "best_line": 34,
    "orderbook": 117,
    "trades": 0,
    "roster_events": 0
  },
  "raw_counts": {
    "markets": 34,
    "orderbook": 150,
    "best_line": 68,
    "trades": 142
  },
  "finished_ts": "2026-08-15T22:55:06.487791+00:00"
}
{
  "cycle_id": "16a7ee52-ef0e-47e8-8080-73279c8007da",
  "started_ts": "2026-08-15T23:00:02.665394+00:00",
  "league_id": 1384,
  "endpoints_attempted": [
    "/markets/active",
    "/orders",
    "/orders",
    "/trades",
    "/trades"
  ],
  "endpoint_failures": [],
  "rows_written": {
    "markets": 0,
    "best_line": 45,
    "orderbook": 83,
    "trades": 142,
    "roster_events": 0
  },
  "rows_deduped": {
    "markets": 34,
    "best_line": 23,
    "orderbook": 73,
    "trades": 0,
    "roster_events": 0
  },
  "raw_counts": {
    "markets": 34,
    "orderbook": 156,
    "best_line": 68,
    "trades": 142
  },
  "finished_ts": "2026-08-15T23:00:06.940535+00:00"
}
{
  "cycle_id": "8217ecbb-f65f-465e-bab1-c4f417c70c73",
  "started_ts": "2026-08-15T23:05:02.223330+00:00",
  "league_id": 1384,
  "endpoints_attempted": [
    "/markets/active",
    "/orders",
    "/orders",
    "/trades",
    "/trades"
  ],
  "endpoint_failures": [],
  "rows_written": {
    "markets": 1,
    "best_line": 41,
    "orderbook": 55,
    "trades": 144,
    "roster_events": 0
  },
  "rows_deduped": {
    "markets": 34,
    "best_line": 29,
    "orderbook": 108,
    "trades": 0,
    "roster_events": 0
  },
  "raw_counts": {
    "markets": 35,
    "orderbook": 163,
    "best_line": 70,
    "trades": 144
  },
  "finished_ts": "2026-08-15T23:05:06.519369+00:00"
}
{
  "cycle_id": "afb111a9-695f-4303-b387-a2df8dd62e8a",
  "started_ts": "2026-08-15T23:10:02.232299+00:00",
  "league_id": 1384,
  "endpoints_attempted": [
    "/markets/active",
    "/orders",
    "/orders",
    "/trades",
    "/trades"
  ],
  "endpoint_failures": [],
  "rows_written": {
    "markets": 0,
    "best_line": 34,
    "orderbook": 55,
    "trades": 144,
    "roster_events": 0
  },
  "rows_deduped": {
    "markets": 35,
    "best_line": 36,
    "orderbook": 109,
    "trades": 0,
    "roster_events": 0
  },
  "raw_counts": {
    "markets": 35,
    "orderbook": 164,
    "best_line": 70,
    "trades": 144
  },
  "finished_ts": "2026-08-15T23:10:06.524926+00:00"
}
{
  "cycle_id": "5249f4bc-0b43-47be-ba03-8fdad91921ce",
  "started_ts": "2026-08-15T23:15:02.332840+00:00",
  "league_id": 1384,
  "endpoints_attempted": [
    "/markets/active",
    "/orders",
    "/orders",
    "/trades",
    "/trades"
  ],
  "endpoint_failures": [],
  "rows_written": {
    "markets": 7,
    "best_line": 48,
    "orderbook": 62,
    "trades": 144,
    "roster_events": 0
  },
  "rows_deduped": {
    "markets": 29,
    "best_line": 24,
    "orderbook": 100,
    "trades": 0,
    "roster_events": 0
  },
  "raw_counts": {
    "markets": 36,
    "orderbook": 162,
    "best_line": 72,
    "trades": 144
  },
  "finished_ts": "2026-08-15T23:15:06.612646+00:00"
}
{
  "cycle_id": "a28e74fd-043e-48d7-b28d-df776d480196",
  "started_ts": "2026-08-15T23:20:02.229980+00:00",
  "league_id": 1384,
  "endpoints_attempted": [
    "/markets/active",
    "/orders",
    "/orders",
    "/trades",
    "/trades"
  ],
  "endpoint_failures": [],
  "rows_written": {
    "markets": 4,
    "best_line": 42,
    "orderbook": 91,
    "trades": 148,
    "roster_events": 0
  },
  "rows_deduped": {
    "markets": 33,
    "best_line": 32,
    "orderbook": 79,
    "trades": 0,
    "roster_events": 0
  },
  "raw_counts": {
    "markets": 37,
    "orderbook": 170,
    "best_line": 74,
    "trades": 148
  },
  "finished_ts": "2026-08-15T23:20:06.705178+00:00"
}
{
  "cycle_id": "dac46e2a-2211-4e71-9d94-3bbfc5ff26d0",
  "started_ts": "2026-08-15T23:25:02.632350+00:00",
  "league_id": 1384,
  "endpoints_attempted": [
    "/markets/active",
    "/orders",
    "/orders",
    "/trades",
    "/trades"
  ],
  "endpoint_failures": [],
  "rows_written": {
    "markets": 4,
    "best_line": 41,
    "orderbook": 50,
    "trades": 148,
    "roster_events": 0
  },
  "rows_deduped": {
    "markets": 33,
    "best_line": 33,
    "orderbook": 117,
    "trades": 0,
    "roster_events": 0
  },
  "raw_counts": {
    "markets": 37,
    "orderbook": 167,
    "best_line": 74,
    "trades": 148
  },
  "finished_ts": "2026-08-15T23:25:06.949080+00:00"
}
{
  "cycle_id": "c6985750-93d5-4dc9-b812-d04f6738a440",
  "started_ts": "2026-08-15T23:30:02.343084+00:00",
  "league_id": 1384,
  "endpoints_attempted": [
    "/markets/active",
    "/orders",
    "/orders",
    "/trades",
    "/trades"
  ],
  "endpoint_failures": [],
  "rows_written": {
    "markets": 3,
    "best_line": 41,
    "orderbook": 74,
    "trades": 148,
    "roster_events": 0
  },
  "rows_deduped": {
    "markets": 35,
    "best_line": 35,
    "orderbook": 85,
    "trades": 0,
    "roster_events": 0
  },
  "raw_counts": {
    "markets": 38,
    "orderbook": 159,
    "best_line": 76,
    "trades": 148
  },
  "finished_ts": "2026-08-15T23:30:06.635945+00:00"
}
{
  "cycle_id": "21bea27e-0538-4896-b4e6-d8499c307a30",
  "started_ts": "2026-08-15T23:35:02.384252+00:00",
  "league_id": 1384,
  "endpoints_attempted": [
    "/markets/active",
    "/orders",
    "/orders",
    "/trades",
    "/trades"
  ],
  "endpoint_failures": [],
  "rows_written": {
    "markets": 6,
    "best_line": 53,
    "orderbook": 77,
    "trades": 148,
    "roster_events": 0
  },
  "rows_deduped": {
    "markets": 34,
    "best_line": 27,
    "orderbook": 85,
    "trades": 0,
    "roster_events": 0
  },
  "raw_counts": {
    "markets": 40,
    "orderbook": 162,
    "best_line": 80,
    "trades": 148
  },
  "finished_ts": "2026-08-15T23:35:06.691720+00:00"
}
{
  "cycle_id": "90536f91-6aa3-4dd2-ac77-89cc8ec22fe9",
  "started_ts": "2026-08-15T23:40:02.443096+00:00",
  "league_id": 1384,
  "endpoints_attempted": [
    "/markets/active",
    "/orders",
    "/orders",
    "/orders",
    "/trades",
    "/trades",
    "/trades"
  ],
  "endpoint_failures": [],
  "rows_written": {
    "markets": 9,
    "best_line": 64,
    "orderbook": 106,
    "trades": 148,
    "roster_events": 0
  },
  "rows_deduped": {
    "markets": 37,
    "best_line": 28,
    "orderbook": 75,
    "trades": 0,
    "roster_events": 0
  },
  "raw_counts": {
    "markets": 46,
    "orderbook": 181,
    "best_line": 92,
    "trades": 148
  },
  "finished_ts": "2026-08-15T23:40:08.824187+00:00"
}
{
  "cycle_id": "3fdd89e7-58ac-4ff7-b52d-16b79c5da170",
  "started_ts": "2026-08-15T23:45:02.320736+00:00",
  "league_id": 1384,
  "endpoints_attempted": [
    "/markets/active",
    "/orders",
    "/orders",
    "/orders",
    "/trades",
    "/trades",
    "/trades"
  ],
  "endpoint_failures": [],
  "rows_written": {
    "markets": 4,
    "best_line": 67,
    "orderbook": 78,
    "trades": 148,
    "roster_events": 0
  },
  "rows_deduped": {
    "markets": 42,
    "best_line": 25,
    "orderbook": 72,
    "trades": 0,
    "roster_events": 0
  },
  "raw_counts": {
    "markets": 46,
    "orderbook": 150,
    "best_line": 92,
    "trades": 148
  },
  "finished_ts": "2026-08-15T23:45:08.682466+00:00"
}
{
  "cycle_id": "7887fc02-e612-4cbe-8e62-727edc5fbf3d",
  "started_ts": "2026-08-15T23:50:02.213646+00:00",
  "league_id": 1384,
  "endpoints_attempted": [
    "/markets/active",
    "/orders",
    "/orders",
    "/orders",
    "/trades",
    "/trades",
    "/trades"
  ],
  "endpoint_failures": [],
  "rows_written": {
    "markets": 13,
    "best_line": 67,
    "orderbook": 87,
    "trades": 148,
    "roster_events": 0
  },
  "rows_deduped": {
    "markets": 37,
    "best_line": 33,
    "orderbook": 50,
    "trades": 0,
    "roster_events": 0
  },
  "raw_counts": {
    "markets": 50,
    "orderbook": 137,
    "best_line": 100,
    "trades": 148
  },
  "finished_ts": "2026-08-15T23:50:08.591837+00:00"
}
{
  "cycle_id": "e10f7b25-9695-48d0-a1d1-bd41426d2355",
  "started_ts": "2026-08-15T23:55:02.243681+00:00",
  "league_id": 1384,
  "endpoints_attempted": [
    "/markets/active",
    "/orders",
    "/orders",
    "/orders",
    "/trades",
    "/trades",
    "/trades"
  ],
  "endpoint_failures": [],
  "rows_written": {
    "markets": 5,
    "best_line": 71,
    "orderbook": 98,
    "trades": 148,
    "roster_events": 0
  },
  "rows_deduped": {
    "markets": 46,
    "best_line": 31,
    "orderbook": 59,
    "trades": 0,
    "roster_events": 0
  },
  "raw_counts": {
    "markets": 51,
    "orderbook": 157,
    "best_line": 102,
    "trades": 148
  },
  "finished_ts": "2026-08-15T23:55:08.607885+00:00"
}
{
  "cycle_id": "144bff92-e01e-4f48-bed5-264333f378ca",
  "started_ts": "2026-08-16T00:00:02.717871+00:00",
  "league_id": 1384,
  "endpoints_attempted": [
    "/markets/active",
    "/orders",
    "/orders",
    "/orders",
    "/trades",
    "/trades",
    "/trades"
  ],
  "endpoint_failures": [],
  "rows_written": {
    "markets": 4,
    "best_line": 70,
    "orderbook": 40,
    "trades": 148,
    "roster_events": 0
  },
  "rows_deduped": {
    "markets": 48,
    "best_line": 34,
    "orderbook": 31,
    "trades": 0,
    "roster_events": 0
  },
  "raw_counts": {
    "markets": 52,
    "orderbook": 71,
    "best_line": 104,
    "trades": 148
  },
  "finished_ts": "2026-08-16T00:00:09.087957+00:00"
}
{
  "cycle_id": "363be990-32d3-43c9-aec3-4153c29c5f03",
  "started_ts": "2026-08-16T00:05:02.257628+00:00",
  "league_id": 1384,
  "endpoints_attempted": [
    "/markets/active",
    "/orders",
    "/orders",
    "/orders",
    "/trades",
    "/trades",
    "/trades"
  ],
  "endpoint_failures": [],
  "rows_written": {
    "markets": 5,
    "best_line": 84,
    "orderbook": 106,
    "trades": 148,
    "roster_events": 0
  },
  "rows_deduped": {
    "markets": 50,
    "best_line": 26,
    "orderbook": 16,
    "trades": 0,
    "roster_events": 0
  },
  "raw_counts": {
    "markets": 55,
    "orderbook": 122,
    "best_line": 110,
    "trades": 148
  },
  "finished_ts": "2026-08-16T00:05:08.628712+00:00"
}
{
  "cycle_id": "08f8b535-3520-41a7-b090-92d8fe3d3c87",
  "started_ts": "2026-08-16T00:10:02.226972+00:00",
  "league_id": 1384,
  "endpoints_attempted": [
    "/markets/active",
    "/orders",
    "/orders",
    "/orders",
    "/orders",
    "/trades",
    "/trades",
    "/trades",
    "/trades"
  ],
  "endpoint_failures": [],
  "rows_written": {
    "markets": 10,
    "best_line": 93,
    "orderbook": 75,
    "trades": 148,
    "roster_events": 0
  },
  "rows_deduped": {
    "markets": 53,
    "best_line": 33,
    "orderbook": 15,
    "trades": 0,
    "roster_events": 0
  },
  "raw_counts": {
    "markets": 63,
    "orderbook": 90,
    "best_line": 126,
    "trades": 148
  },
  "finished_ts": "2026-08-16T00:10:10.682600+00:00"
}
{
  "cycle_id": "9e61ee66-971d-4847-9fa5-ac34286a880d",
  "started_ts": "2026-08-16T00:15:02.331293+00:00",
  "league_id": 1384,
  "endpoints_attempted": [
    "/markets/active",
    "/orders",
    "/orders",
    "/orders",
    "/orders",
    "/trades",
    "/trades",
    "/trades",
    "/trades"
  ],
  "endpoint_failures": [],
  "rows_written": {
    "markets": 6,
    "best_line": 88,
    "orderbook": 114,
    "trades": 152,
    "roster_events": 0
  },
  "rows_deduped": {
    "markets": 59,
    "best_line": 42,
    "orderbook": 12,
    "trades": 0,
    "roster_events": 0
  },
  "raw_counts": {
    "markets": 65,
    "orderbook": 126,
    "best_line": 130,
    "trades": 152
  },
  "finished_ts": "2026-08-16T00:15:10.807900+00:00"
}
{
  "cycle_id": "ad6ee18e-f7cb-44fe-bbf0-8a632c11c8ea",
  "started_ts": "2026-08-16T00:25:02.117512+00:00",
  "league_id": 1384,
  "endpoints_attempted": [
    "/markets/active",
    "/orders",
    "/orders",
    "/orders",
    "/orders",
    "/trades",
    "/trades",
    "/trades",
    "/trades"
  ],
  "endpoint_failures": [],
  "rows_written": {
    "markets": 7,
    "best_line": 102,
    "orderbook": 170,
    "trades": 160,
    "roster_events": 0
  },
  "rows_deduped": {
    "markets": 61,
    "best_line": 34,
    "orderbook": 14,
    "trades": 0,
    "roster_events": 0
  },
  "raw_counts": {
    "markets": 68,
    "orderbook": 184,
    "best_line": 136,
    "trades": 160
  },
  "finished_ts": "2026-08-16T00:25:10.586292+00:00"
}
{
  "cycle_id": "1c2e04cc-9e8e-43a6-8082-82aec8ab5353",
  "started_ts": "2026-08-16T00:30:02.533136+00:00",
  "league_id": 1384,
  "endpoints_attempted": [
    "/markets/active",
    "/orders",
    "/orders",
    "/orders",
    "/orders",
    "/trades",
    "/trades",
    "/trades",
    "/trades"
  ],
  "endpoint_failures": [],
  "rows_written": {
    "markets": 7,
    "best_line": 74,
    "orderbook": 68,
    "trades": 160,
    "roster_events": 0
  },
  "rows_deduped": {
    "markets": 65,
    "best_line": 70,
    "orderbook": 75,
    "trades": 0,
    "roster_events": 0
  },
  "raw_counts": {
    "markets": 72,
    "orderbook": 143,
    "best_line": 144,
    "trades": 160
  },
  "finished_ts": "2026-08-16T00:30:10.994913+00:00"
}
{
  "cycle_id": "dd7d4f12-20eb-4df9-83fe-79f7a690d895",
  "started_ts": "2026-08-16T00:35:02.115907+00:00",
  "league_id": 1384,
  "endpoints_attempted": [
    "/markets/active",
    "/orders",
    "/orders",
    "/orders",
    "/orders",
    "/trades",
    "/trades",
    "/trades",
    "/trades"
  ],
  "endpoint_failures": [],
  "rows_written": {
    "markets": 6,
    "best_line": 84,
    "orderbook": 23,
    "trades": 160,
    "roster_events": 0
  },
  "rows_deduped": {
    "markets": 66,
    "best_line": 60,
    "orderbook": 18,
    "trades": 0,
    "roster_events": 0
  },
  "raw_counts": {
    "markets": 72,
    "orderbook": 41,
    "best_line": 144,
    "trades": 160
  },
  "finished_ts": "2026-08-16T00:35:10.589006+00:00"
}
{
  "cycle_id": "cbf76440-69ee-42d7-9948-5e79a624b43c",
  "started_ts": "2026-08-16T00:40:02.453134+00:00",
  "league_id": 1384,
  "endpoints_attempted": [
    "/markets/active",
    "/orders",
    "/orders",
    "/orders",
    "/orders",
    "/trades",
    "/trades",
    "/trades",
    "/trades"
  ],
  "endpoint_failures": [],
  "rows_written": {
    "markets": 13,
    "best_line": 86,
    "orderbook": 88,
    "trades": 160,
    "roster_events": 0
  },
  "rows_deduped": {
    "markets": 66,
    "best_line": 72,
    "orderbook": 17,
    "trades": 0,
    "roster_events": 0
  },
  "raw_counts": {
    "markets": 79,
    "orderbook": 105,
    "best_line": 158,
    "trades": 160
  },
  "finished_ts": "2026-08-16T00:40:10.916281+00:00"
}
{
  "cycle_id": "c2ba27a3-6f69-4882-bc3e-652b836e4658",
  "started_ts": "2026-08-16T00:45:02.123436+00:00",
  "league_id": 1384,
  "endpoints_attempted": [
    "/markets/active",
    "/orders",
    "/orders",
    "/orders",
    "/orders",
    "/orders",
    "/trades",
    "/trades",
    "/trades",
    "/trades",
    "/trades"
  ],
  "endpoint_failures": [],
  "rows_written": {
    "markets": 14,
    "best_line": 136,
    "orderbook": 148,
    "trades": 164,
    "roster_events": 0
  },
  "rows_deduped": {
    "markets": 73,
    "best_line": 38,
    "orderbook": 3,
    "trades": 0,
    "roster_events": 0
  },
  "raw_counts": {
    "markets": 87,
    "orderbook": 151,
    "best_line": 174,
    "trades": 164
  },
  "finished_ts": "2026-08-16T00:45:12.686127+00:00"
}
{
  "cycle_id": "b713ab30-b75d-4a04-9604-a2787ae097c6",
  "started_ts": "2026-08-16T00:50:02.330931+00:00",
  "league_id": 1384,
  "endpoints_attempted": [
    "/markets/active",
    "/orders",
    "/orders",
    "/orders",
    "/orders",
    "/orders",
    "/trades",
    "/trades",
    "/trades",
    "/trades",
    "/trades"
  ],
  "endpoint_failures": [],
  "rows_written": {
    "markets": 10,
    "best_line": 128,
    "orderbook": 127,
    "trades": 168,
    "roster_events": 0
  },
  "rows_deduped": {
    "markets": 82,
    "best_line": 56,
    "orderbook": 20,
    "trades": 0,
    "roster_events": 0
  },
  "raw_counts": {
    "markets": 92,
    "orderbook": 147,
    "best_line": 184,
    "trades": 168
  },
  "finished_ts": "2026-08-16T00:50:12.898427+00:00"
}
{
  "cycle_id": "09070279-22b9-4cee-9575-6cf67984942e",
  "started_ts": "2026-08-16T00:55:02.120808+00:00",
  "league_id": 1384,
  "endpoints_attempted": [
    "/markets/active",
    "/orders",
    "/orders",
    "/orders",
    "/orders",
    "/orders",
    "/trades",
    "/trades",
    "/trades",
    "/trades",
    "/trades"
  ],
  "endpoint_failures": [],
  "rows_written": {
    "markets": 5,
    "best_line": 68,
    "orderbook": 102,
    "trades": 168,
    "roster_events": 0
  },
  "rows_deduped": {
    "markets": 88,
    "best_line": 118,
    "orderbook": 82,
    "trades": 0,
    "roster_events": 0
  },
  "raw_counts": {
    "markets": 93,
    "orderbook": 184,
    "best_line": 186,
    "trades": 168
  },
  "finished_ts": "2026-08-16T00:55:12.705561+00:00"
}
{
  "cycle_id": "6d243f69-f12b-40ca-acce-b38d88ddb51c",
  "started_ts": "2026-08-16T01:00:02.320315+00:00",
  "league_id": 1384,
  "endpoints_attempted": [
    "/markets/active",
    "/orders",
    "/orders",
    "/orders",
    "/orders",
    "/orders",
    "/trades",
    "/trades",
    "/trades",
    "/trades",
    "/trades"
  ],
  "endpoint_failures": [],
  "rows_written": {
    "markets": 5,
    "best_line": 97,
    "orderbook": 132,
    "trades": 168,
    "roster_events": 0
  },
  "rows_deduped": {
    "markets": 90,
    "best_line": 93,
    "orderbook": 108,
    "trades": 0,
    "roster_events": 0
  },
  "raw_counts": {
    "markets": 95,
    "orderbook": 240,
    "best_line": 190,
    "trades": 168
  },
  "finished_ts": "2026-08-16T01:00:12.896907+00:00"
}
{
  "cycle_id": "ec39d14c-c136-4b2f-965a-be07630795a8",
  "started_ts": "2026-08-16T01:05:02.271187+00:00",
  "league_id": 1384,
  "endpoints_attempted": [
    "/markets/active",
    "/orders",
    "/orders",
    "/orders",
    "/orders",
    "/orders",
    "/trades",
    "/trades",
    "/trades",
    "/trades",
    "/trades"
  ],
  "endpoint_failures": [],
  "rows_written": {
    "markets": 7,
    "best_line": 106,
    "orderbook": 99,
    "trades": 172,
    "roster_events": 0
  },
  "rows_deduped": {
    "markets": 91,
    "best_line": 90,
    "orderbook": 94,
    "trades": 0,
    "roster_events": 0
  },
  "raw_counts": {
    "markets": 98,
    "orderbook": 193,
    "best_line": 196,
    "trades": 172
  },
  "finished_ts": "2026-08-16T01:05:12.848473+00:00"
}
{
  "cycle_id": "fef6f8af-cf13-479b-800e-d2ecf311a86b",
  "started_ts": "2026-08-16T01:10:02.141485+00:00",
  "league_id": 1384,
  "endpoints_attempted": [
    "/markets/active",
    "/orders",
    "/orders",
    "/orders",
    "/orders",
    "/orders",
    "/trades",
    "/trades",
    "/trades",
    "/trades",
    "/trades"
  ],
  "endpoint_failures": [],
  "rows_written": {
    "markets": 8,
    "best_line": 105,
    "orderbook": 49,
    "trades": 172,
    "roster_events": 0
  },
  "rows_deduped": {
    "markets": 90,
    "best_line": 91,
    "orderbook": 44,
    "trades": 0,
    "roster_events": 0
  },
  "raw_counts": {
    "markets": 98,
    "orderbook": 93,
    "best_line": 196,
    "trades": 172
  },
  "finished_ts": "2026-08-16T01:10:12.713147+00:00"
}
{
  "cycle_id": "fbf88aae-7571-4b3b-80d9-9ed7b5e0416b",
  "started_ts": "2026-08-16T01:15:02.126902+00:00",
  "league_id": 1384,
  "endpoints_attempted": [
    "/markets/active",
    "/orders",
    "/orders",
    "/orders",
    "/orders",
    "/orders",
    "/trades",
    "/trades",
    "/trades",
    "/trades",
    "/trades"
  ],
  "endpoint_failures": [],
  "rows_written": {
    "markets": 8,
    "best_line": 76,
    "orderbook": 65,
    "trades": 176,
    "roster_events": 0
  },
  "rows_deduped": {
    "markets": 90,
    "best_line": 120,
    "orderbook": 43,
    "trades": 0,
    "roster_events": 0
  },
  "raw_counts": {
    "markets": 98,
    "orderbook": 108,
    "best_line": 196,
    "trades": 176
  },
  "finished_ts": "2026-08-16T01:15:12.705922+00:00"
}
{
  "cycle_id": "4beb8622-ac1f-4939-9471-2bf8548e1978",
  "started_ts": "2026-08-16T01:20:02.131849+00:00",
  "league_id": 1384,
  "endpoints_attempted": [
    "/markets/active",
    "/orders",
    "/orders",
    "/orders",
    "/orders",
    "/orders",
    "/trades",
    "/trades",
    "/trades",
    "/trades",
    "/trades"
  ],
  "endpoint_failures": [],
  "rows_written": {
    "markets": 9,
    "best_line": 57,
    "orderbook": 23,
    "trades": 180,
    "roster_events": 0
  },
  "rows_deduped": {
    "markets": 91,
    "best_line": 143,
    "orderbook": 44,
    "trades": 0,
    "roster_events": 0
  },
  "raw_counts": {
    "markets": 100,
    "orderbook": 67,
    "best_line": 200,
    "trades": 180
  },
  "finished_ts": "2026-08-16T01:20:12.713567+00:00"
}
{
  "cycle_id": "6422486e-34b6-41a7-963b-db5260c31c18",
  "started_ts": "2026-08-16T01:25:02.490179+00:00",
  "league_id": 1384,
  "endpoints_attempted": [
    "/markets/active",
    "/orders",
    "/orders",
    "/orders",
    "/orders",
    "/orders",
    "/trades",
    "/trades",
    "/trades",
    "/trades",
    "/trades"
  ],
  "endpoint_failures": [],
  "rows_written": {
    "markets": 8,
    "best_line": 59,
    "orderbook": 96,
    "trades": 180,
    "roster_events": 0
  },
  "rows_deduped": {
    "markets": 92,
    "best_line": 141,
    "orderbook": 49,
    "trades": 0,
    "roster_events": 0
  },
  "raw_counts": {
    "markets": 100,
    "orderbook": 145,
    "best_line": 200,
    "trades": 180
  },
  "finished_ts": "2026-08-16T01:25:13.095670+00:00"
}
{
  "cycle_id": "8cb46acc-72dd-4167-af6a-204648731b57",
  "started_ts": "2026-08-16T01:30:02.259022+00:00",
  "league_id": 1384,
  "endpoints_attempted": [
    "/markets/active",
    "/orders",
    "/orders",
    "/orders",
    "/orders",
    "/orders",
    "/trades",
    "/trades",
    "/trades",
    "/trades",
    "/trades"
  ],
  "endpoint_failures": [],
  "rows_written": {
    "markets": 7,
    "best_line": 53,
    "orderbook": 1,
    "trades": 180,
    "roster_events": 0
  },
  "rows_deduped": {
    "markets": 93,
    "best_line": 147,
    "orderbook": 52,
    "trades": 0,
    "roster_events": 0
  },
  "raw_counts": {
    "markets": 100,
    "orderbook": 53,
    "best_line": 200,
    "trades": 180
  },
  "finished_ts": "2026-08-16T01:30:12.861887+00:00"
}
{
  "cycle_id": "bc389941-a244-4dd6-b06d-0cddb8e14ed1",
  "started_ts": "2026-08-16T01:35:02.314867+00:00",
  "league_id": 1384,
  "endpoints_attempted": [
    "/markets/active",
    "/orders",
    "/orders",
    "/orders",
    "/orders",
    "/orders",
    "/trades",
    "/trades",
    "/trades",
    "/trades",
    "/trades"
  ],
  "endpoint_failures": [],
  "rows_written": {
    "markets": 55,
    "best_line": 54,
    "orderbook": 50,
    "trades": 180,
    "roster_events": 0
  },
  "rows_deduped": {
    "markets": 45,
    "best_line": 146,
    "orderbook": 20,
    "trades": 0,
    "roster_events": 0
  },
  "raw_counts": {
    "markets": 100,
    "orderbook": 70,
    "best_line": 200,
    "trades": 180
  },
  "finished_ts": "2026-08-16T01:35:12.888817+00:00"
}
{
  "cycle_id": "9cfeb095-0414-4cab-b72b-448cc32bbcf1",
  "started_ts": "2026-08-16T01:40:02.269788+00:00",
  "league_id": 1384,
  "endpoints_attempted": [
    "/markets/active",
    "/orders",
    "/orders",
    "/orders",
    "/orders",
    "/orders",
    "/trades",
    "/trades",
    "/trades",
    "/trades",
    "/trades"
  ],
  "endpoint_failures": [],
  "rows_written": {
    "markets": 4,
    "best_line": 37,
    "orderbook": 7,
    "trades": 180,
    "roster_events": 0
  },
  "rows_deduped": {
    "markets": 96,
    "best_line": 163,
    "orderbook": 39,
    "trades": 0,
    "roster_events": 0
  },
  "raw_counts": {
    "markets": 100,
    "orderbook": 46,
    "best_line": 200,
    "trades": 180
  },
  "finished_ts": "2026-08-16T01:40:12.900225+00:00"
}
{
  "cycle_id": "77b9d290-5bd9-4fd9-85b4-f6e07c96b2d5",
  "started_ts": "2026-08-16T01:45:02.147767+00:00",
  "league_id": 1384,
  "endpoints_attempted": [
    "/markets/active",
    "/orders",
    "/orders",
    "/orders",
    "/orders",
    "/orders",
    "/trades",
    "/trades",
    "/trades",
    "/trades",
    "/trades"
  ],
  "endpoint_failures": [],
  "rows_written": {
    "markets": 4,
    "best_line": 57,
    "orderbook": 105,
    "trades": 184,
    "roster_events": 0
  },
  "rows_deduped": {
    "markets": 96,
    "best_line": 143,
    "orderbook": 40,
    "trades": 0,
    "roster_events": 0
  },
  "raw_counts": {
    "markets": 100,
    "orderbook": 145,
    "best_line": 200,
    "trades": 184
  },
  "finished_ts": "2026-08-16T01:45:12.717279+00:00"
}
{
  "cycle_id": "a7f43f3a-db3f-4675-a20b-8dc057f90bb4",
  "started_ts": "2026-08-16T01:50:02.138752+00:00",
  "league_id": 1384,
  "endpoints_attempted": [
    "/markets/active",
    "/orders",
    "/orders",
    "/orders",
    "/trades",
    "/trades",
    "/trades"
  ],
  "endpoint_failures": [],
  "rows_written": {
    "markets": 6,
    "best_line": 79,
    "orderbook": 99,
    "trades": 116,
    "roster_events": 51
  },
  "rows_deduped": {
    "markets": 45,
    "best_line": 23,
    "orderbook": 33,
    "trades": 0,
    "roster_events": 0
  },
  "raw_counts": {
    "markets": 51,
    "orderbook": 132,
    "best_line": 102,
    "trades": 116
  },
  "finished_ts": "2026-08-16T01:50:08.527547+00:00"
}
{
  "cycle_id": "77d7fdfa-703d-403b-994e-cffa2841c9cf",
  "started_ts": "2026-08-16T01:55:02.297611+00:00",
  "league_id": 1384,
  "endpoints_attempted": [
    "/markets/active",
    "/orders",
    "/orders",
    "/orders",
    "/trades",
    "/trades",
    "/trades"
  ],
  "endpoint_failures": [],
  "rows_written": {
    "markets": 2,
    "best_line": 67,
    "orderbook": 44,
    "trades": 116,
    "roster_events": 0
  },
  "rows_deduped": {
    "markets": 49,
    "best_line": 35,
    "orderbook": 32,
    "trades": 0,
    "roster_events": 0
  },
  "raw_counts": {
    "markets": 51,
    "orderbook": 76,
    "best_line": 102,
    "trades": 116
  },
  "finished_ts": "2026-08-16T01:55:08.701322+00:00"
}
{
  "cycle_id": "662ba4f2-3bc0-4e4a-aeca-8f0195610a17",
  "started_ts": "2026-08-16T02:00:02.679855+00:00",
  "league_id": 1384,
  "endpoints_attempted": [
    "/markets/active",
    "/orders",
    "/orders",
    "/orders",
    "/trades",
    "/trades",
    "/trades"
  ],
  "endpoint_failures": [],
  "rows_written": {
    "markets": 4,
    "best_line": 5,
    "orderbook": 5,
    "trades": 116,
    "roster_events": 0
  },
  "rows_deduped": {
    "markets": 47,
    "best_line": 97,
    "orderbook": 70,
    "trades": 0,
    "roster_events": 0
  },
  "raw_counts": {
    "markets": 51,
    "orderbook": 75,
    "best_line": 102,
    "trades": 116
  },
  "finished_ts": "2026-08-16T02:00:09.068137+00:00"
}
{
  "cycle_id": "50502dbe-385f-4a82-9466-7185be1819aa",
  "started_ts": "2026-08-16T02:05:02.297828+00:00",
  "league_id": 1384,
  "endpoints_attempted": [
    "/markets/active",
    "/orders",
    "/orders",
    "/orders",
    "/trades",
    "/trades",
    "/trades"
  ],
  "endpoint_failures": [],
  "rows_written": {
    "markets": 2,
    "best_line": 6,
    "orderbook": 9,
    "trades": 116,
    "roster_events": 0
  },
  "rows_deduped": {
    "markets": 49,
    "best_line": 96,
    "orderbook": 70,
    "trades": 0,
    "roster_events": 0
  },
  "raw_counts": {
    "markets": 51,
    "orderbook": 79,
    "best_line": 102,
    "trades": 116
  },
  "finished_ts": "2026-08-16T02:05:08.689580+00:00"
}
{
  "cycle_id": "498e4bd4-3e5d-4c66-8fa4-87b051e977cb",
  "started_ts": "2026-08-16T02:10:02.138001+00:00",
  "league_id": 1384,
  "endpoints_attempted": [
    "/markets/active",
    "/orders",
    "/orders",
    "/orders",
    "/trades",
    "/trades",
    "/trades"
  ],
  "endpoint_failures": [],
  "rows_written": {
    "markets": 2,
    "best_line": 2,
    "orderbook": 0,
    "trades": 116,
    "roster_events": 2
  },
  "rows_deduped": {
    "markets": 47,
    "best_line": 96,
    "orderbook": 75,
    "trades": 0,
    "roster_events": 0
  },
  "raw_counts": {
    "markets": 49,
    "orderbook": 75,
    "best_line": 98,
    "trades": 116
  },
  "finished_ts": "2026-08-16T02:10:08.516178+00:00"
}
{
  "cycle_id": "b597b038-4a66-4613-96e7-107542e0cdb3",
  "started_ts": "2026-08-16T02:15:02.248823+00:00",
  "league_id": 1384,
  "endpoints_attempted": [
    "/markets/active",
    "/orders",
    "/trades"
  ],
  "endpoint_failures": [],
  "rows_written": {
    "markets": 0,
    "best_line": 2,
    "orderbook": 4,
    "trades": 0,
    "roster_events": 31
  },
  "rows_deduped": {
    "markets": 18,
    "best_line": 34,
    "orderbook": 71,
    "trades": 0,
    "roster_events": 0
  },
  "raw_counts": {
    "markets": 18,
    "orderbook": 75,
    "best_line": 36,
    "trades": 0
  },
  "finished_ts": "2026-08-16T02:15:04.430648+00:00"
}
{
  "cycle_id": "ed2889ff-8a2d-486e-9252-cf2492592867",
  "started_ts": "2026-08-16T02:20:02.439246+00:00",
  "league_id": 1384,
  "endpoints_attempted": [
    "/markets/active",
    "/orders",
    "/trades"
  ],
  "endpoint_failures": [],
  "rows_written": {
    "markets": 0,
    "best_line": 13,
    "orderbook": 22,
    "trades": 0,
    "roster_events": 0
  },
  "rows_deduped": {
    "markets": 18,
    "best_line": 23,
    "orderbook": 50,
    "trades": 0,
    "roster_events": 0
  },
  "raw_counts": {
    "markets": 18,
    "orderbook": 72,
    "best_line": 36,
    "trades": 0
  },
  "finished_ts": "2026-08-16T02:20:04.659930+00:00"
}
{
  "cycle_id": "16bcbcb3-d2a3-47f3-985a-04c576f21240",
  "started_ts": "2026-08-16T02:25:02.133537+00:00",
  "league_id": 1384,
  "endpoints_attempted": [
    "/markets/active",
    "/orders",
    "/trades"
  ],
  "endpoint_failures": [],
  "rows_written": {
    "markets": 4,
    "best_line": 21,
    "orderbook": 25,
    "trades": 0,
    "roster_events": 0
  },
  "rows_deduped": {
    "markets": 16,
    "best_line": 19,
    "orderbook": 54,
    "trades": 0,
    "roster_events": 0
  },
  "raw_counts": {
    "markets": 20,
    "orderbook": 79,
    "best_line": 40,
    "trades": 0
  },
  "finished_ts": "2026-08-16T02:25:04.315496+00:00"
}
{
  "cycle_id": "0235ea7f-bad7-48e1-a788-b8b816aecf10",
  "started_ts": "2026-08-16T02:30:02.141311+00:00",
  "league_id": 1384,
  "endpoints_attempted": [
    "/markets/active",
    "/orders",
    "/trades"
  ],
  "endpoint_failures": [],
  "rows_written": {
    "markets": 1,
    "best_line": 16,
    "orderbook": 32,
    "trades": 0,
    "roster_events": 0
  },
  "rows_deduped": {
    "markets": 19,
    "best_line": 24,
    "orderbook": 52,
    "trades": 0,
    "roster_events": 0
  },
  "raw_counts": {
    "markets": 20,
    "orderbook": 84,
    "best_line": 40,
    "trades": 0
  },
  "finished_ts": "2026-08-16T02:30:04.446133+00:00"
}
{
  "cycle_id": "0bb2b530-4595-472e-9246-765a982c6c36",
  "started_ts": "2026-08-16T02:35:02.528179+00:00",
  "league_id": 1384,
  "endpoints_attempted": [
    "/markets/active",
    "/orders",
    "/trades"
  ],
  "endpoint_failures": [],
  "rows_written": {
    "markets": 0,
    "best_line": 28,
    "orderbook": 36,
    "trades": 0,
    "roster_events": 0
  },
  "rows_deduped": {
    "markets": 20,
    "best_line": 12,
    "orderbook": 42,
    "trades": 0,
    "roster_events": 0
  },
  "raw_counts": {
    "markets": 20,
    "orderbook": 78,
    "best_line": 40,
    "trades": 0
  },
  "finished_ts": "2026-08-16T02:35:04.705682+00:00"
}
{
  "cycle_id": "c792251a-129b-4d87-b5df-290930046c24",
  "started_ts": "2026-08-16T02:40:02.450728+00:00",
  "league_id": 1384,
  "endpoints_attempted": [
    "/markets/active",
    "/orders",
    "/trades"
  ],
  "endpoint_failures": [],
  "rows_written": {
    "markets": 0,
    "best_line": 31,
    "orderbook": 41,
    "trades": 0,
    "roster_events": 0
  },
  "rows_deduped": {
    "markets": 20,
    "best_line": 9,
    "orderbook": 26,
    "trades": 0,
    "roster_events": 0
  },
  "raw_counts": {
    "markets": 20,
    "orderbook": 67,
    "best_line": 40,
    "trades": 0
  },
  "finished_ts": "2026-08-16T02:40:04.687292+00:00"
}
{
  "cycle_id": "44e895d0-ebbd-481b-8dc5-f926d44aa250",
  "started_ts": "2026-08-16T02:45:02.132686+00:00",
  "league_id": 1384,
  "endpoints_attempted": [
    "/markets/active",
    "/orders",
    "/trades"
  ],
  "endpoint_failures": [],
  "rows_written": {
    "markets": 0,
    "best_line": 28,
    "orderbook": 39,
    "trades": 0,
    "roster_events": 0
  },
  "rows_deduped": {
    "markets": 20,
    "best_line": 12,
    "orderbook": 33,
    "trades": 0,
    "roster_events": 0
  },
  "raw_counts": {
    "markets": 20,
    "orderbook": 72,
    "best_line": 40,
    "trades": 0
  },
  "finished_ts": "2026-08-16T02:45:04.288419+00:00"
}
{
  "cycle_id": "dbd744d6-c98f-4961-af88-5a07438c6389",
  "started_ts": "2026-08-16T02:50:02.149075+00:00",
  "league_id": 1384,
  "endpoints_attempted": [
    "/markets/active",
    "/orders",
    "/trades"
  ],
  "endpoint_failures": [],
  "rows_written": {
    "markets": 0,
    "best_line": 23,
    "orderbook": 43,
    "trades": 2,
    "roster_events": 0
  },
  "rows_deduped": {
    "markets": 20,
    "best_line": 17,
    "orderbook": 50,
    "trades": 0,
    "roster_events": 0
  },
  "raw_counts": {
    "markets": 20,
    "orderbook": 93,
    "best_line": 40,
    "trades": 2
  },
  "finished_ts": "2026-08-16T02:50:04.400484+00:00"
}
{
  "cycle_id": "f8f407bb-504d-41a8-8a9b-c3945afad743",
  "started_ts": "2026-08-16T02:55:02.170513+00:00",
  "league_id": 1384,
  "endpoints_attempted": [
    "/markets/active",
    "/orders",
    "/trades"
  ],
  "endpoint_failures": [],
  "rows_written": {
    "markets": 0,
    "best_line": 14,
    "orderbook": 24,
    "trades": 2,
    "roster_events": 0
  },
  "rows_deduped": {
    "markets": 20,
    "best_line": 26,
    "orderbook": 76,
    "trades": 0,
    "roster_events": 0
  },
  "raw_counts": {
    "markets": 20,
    "orderbook": 100,
    "best_line": 40,
    "trades": 2
  },
  "finished_ts": "2026-08-16T02:55:04.333831+00:00"
}
{
  "cycle_id": "7f841f8c-9f73-4a6a-9f35-bc898ea37554",
  "started_ts": "2026-08-16T03:00:02.279213+00:00",
  "league_id": 1384,
  "endpoints_attempted": [
    "/markets/active",
    "/orders",
    "/trades"
  ],
  "endpoint_failures": [],
  "rows_written": {
    "markets": 0,
    "best_line": 19,
    "orderbook": 24,
    "trades": 2,
    "roster_events": 0
  },
  "rows_deduped": {
    "markets": 20,
    "best_line": 21,
    "orderbook": 76,
    "trades": 0,
    "roster_events": 0
  },
  "raw_counts": {
    "markets": 20,
    "orderbook": 100,
    "best_line": 40,
    "trades": 2
  },
  "finished_ts": "2026-08-16T03:00:04.490457+00:00"
}
{
  "cycle_id": "ac0b87c5-f9aa-4a47-ab0d-680c139998a1",
  "started_ts": "2026-08-16T03:05:02.128263+00:00",
  "league_id": 1384,
  "endpoints_attempted": [
    "/markets/active",
    "/orders",
    "/trades"
  ],
  "endpoint_failures": [],
  "rows_written": {
    "markets": 0,
    "best_line": 22,
    "orderbook": 37,
    "trades": 4,
    "roster_events": 0
  },
  "rows_deduped": {
    "markets": 20,
    "best_line": 18,
    "orderbook": 63,
    "trades": 0,
    "roster_events": 0
  },
  "raw_counts": {
    "markets": 20,
    "orderbook": 100,
    "best_line": 40,
    "trades": 4
  },
  "finished_ts": "2026-08-16T03:05:04.288687+00:00"
}
{
  "cycle_id": "63ecacd3-2d18-4a4c-82d5-8dfe084025e5",
  "started_ts": "2026-08-16T03:10:02.331248+00:00",
  "league_id": 1384,
  "endpoints_attempted": [
    "/markets/active",
    "/orders",
    "/trades"
  ],
  "endpoint_failures": [],
  "rows_written": {
    "markets": 0,
    "best_line": 14,
    "orderbook": 8,
    "trades": 4,
    "roster_events": 0
  },
  "rows_deduped": {
    "markets": 20,
    "best_line": 26,
    "orderbook": 92,
    "trades": 0,
    "roster_events": 0
  },
  "raw_counts": {
    "markets": 20,
    "orderbook": 100,
    "best_line": 40,
    "trades": 4
  },
  "finished_ts": "2026-08-16T03:10:04.491618+00:00"
}
{
  "cycle_id": "2d9cfb1e-83e9-4efb-8fce-1c1f87508ac6",
  "started_ts": "2026-08-16T03:15:02.142852+00:00",
  "league_id": 1384,
  "endpoints_attempted": [
    "/markets/active",
    "/orders",
    "/trades"
  ],
  "endpoint_failures": [],
  "rows_written": {
    "markets": 0,
    "best_line": 11,
    "orderbook": 15,
    "trades": 4,
    "roster_events": 0
  },
  "rows_deduped": {
    "markets": 20,
    "best_line": 29,
    "orderbook": 85,
    "trades": 0,
    "roster_events": 0
  },
  "raw_counts": {
    "markets": 20,
    "orderbook": 100,
    "best_line": 40,
    "trades": 4
  },
  "finished_ts": "2026-08-16T03:15:04.322072+00:00"
}
{
  "cycle_id": "9c6d7870-0366-4941-af61-cff415734b30",
  "started_ts": "2026-08-16T03:20:02.126453+00:00",
  "league_id": 1384,
  "endpoints_attempted": [
    "/markets/active",
    "/orders",
    "/trades"
  ],
  "endpoint_failures": [],
  "rows_written": {
    "markets": 0,
    "best_line": 15,
    "orderbook": 17,
    "trades": 4,
    "roster_events": 0
  },
  "rows_deduped": {
    "markets": 20,
    "best_line": 25,
    "orderbook": 83,
    "trades": 0,
    "roster_events": 0
  },
  "raw_counts": {
    "markets": 20,
    "orderbook": 100,
    "best_line": 40,
    "trades": 4
  },
  "finished_ts": "2026-08-16T03:20:04.295021+00:00"
}
{
  "cycle_id": "b8e6b7e4-ecde-4b71-9793-09e420a83efc",
  "started_ts": "2026-08-16T03:25:02.129164+00:00",
  "league_id": 1384,
  "endpoints_attempted": [
    "/markets/active",
    "/orders",
    "/trades"
  ],
  "endpoint_failures": [],
  "rows_written": {
    "markets": 0,
    "best_line": 19,
    "orderbook": 18,
    "trades": 4,
    "roster_events": 0
  },
  "rows_deduped": {
    "markets": 20,
    "best_line": 21,
    "orderbook": 82,
    "trades": 0,
    "roster_events": 0
  },
  "raw_counts": {
    "markets": 20,
    "orderbook": 100,
    "best_line": 40,
    "trades": 4
  },
  "finished_ts": "2026-08-16T03:25:04.284654+00:00"
}
{
  "cycle_id": "31666892-daf6-4f1f-938d-b07087c9e6c8",
  "started_ts": "2026-08-16T03:30:02.137966+00:00",
  "league_id": 1384,
  "endpoints_attempted": [
    "/markets/active",
    "/orders",
    "/trades"
  ],
  "endpoint_failures": [],
  "rows_written": {
    "markets": 0,
    "best_line": 6,
    "orderbook": 4,
    "trades": 4,
    "roster_events": 0
  },
  "rows_deduped": {
    "markets": 20,
    "best_line": 34,
    "orderbook": 96,
    "trades": 0,
    "roster_events": 0
  },
  "raw_counts": {
    "markets": 20,
    "orderbook": 100,
    "best_line": 40,
    "trades": 4
  },
  "finished_ts": "2026-08-16T03:30:04.313661+00:00"
}
{
  "cycle_id": "f4b28904-9d09-4c7b-8be5-2687a5d5563c",
  "started_ts": "2026-08-16T03:35:02.142372+00:00",
  "league_id": 1384,
  "endpoints_attempted": [
    "/markets/active",
    "/orders",
    "/trades"
  ],
  "endpoint_failures": [],
  "rows_written": {
    "markets": 0,
    "best_line": 8,
    "orderbook": 8,
    "trades": 4,
    "roster_events": 0
  },
  "rows_deduped": {
    "markets": 20,
    "best_line": 32,
    "orderbook": 92,
    "trades": 0,
    "roster_events": 0
  },
  "raw_counts": {
    "markets": 20,
    "orderbook": 100,
    "best_line": 40,
    "trades": 4
  },
  "finished_ts": "2026-08-16T03:35:04.326619+00:00"
}
{
  "cycle_id": "7256655c-08c0-48a0-af53-60827b6ad94a",
  "started_ts": "2026-08-16T03:40:02.366995+00:00",
  "league_id": 1384,
  "endpoints_attempted": [
    "/markets/active",
    "/orders",
    "/trades"
  ],
  "endpoint_failures": [],
  "rows_written": {
    "markets": 0,
    "best_line": 28,
    "orderbook": 33,
    "trades": 4,
    "roster_events": 0
  },
  "rows_deduped": {
    "markets": 20,
    "best_line": 12,
    "orderbook": 67,
    "trades": 0,
    "roster_events": 0
  },
  "raw_counts": {
    "markets": 20,
    "orderbook": 100,
    "best_line": 40,
    "trades": 4
  },
  "finished_ts": "2026-08-16T03:40:04.725172+00:00"
}
{
  "cycle_id": "892aa95d-1941-430f-90f1-06c83177e549",
  "started_ts": "2026-08-16T03:45:02.549553+00:00",
  "league_id": 1384,
  "endpoints_attempted": [
    "/markets/active",
    "/orders",
    "/trades"
  ],
  "endpoint_failures": [],
  "rows_written": {
    "markets": 0,
    "best_line": 27,
    "orderbook": 23,
    "trades": 4,
    "roster_events": 0
  },
  "rows_deduped": {
    "markets": 20,
    "best_line": 13,
    "orderbook": 77,
    "trades": 0,
    "roster_events": 0
  },
  "raw_counts": {
    "markets": 20,
    "orderbook": 100,
    "best_line": 40,
    "trades": 4
  },
  "finished_ts": "2026-08-16T03:45:04.729447+00:00"
}
{
  "cycle_id": "5c2c29e7-b14a-4944-9a52-34eb54ac9ff2",
  "started_ts": "2026-08-16T03:50:02.151992+00:00",
  "league_id": 1384,
  "endpoints_attempted": [
    "/markets/active",
    "/orders",
    "/orders",
    "/trades",
    "/trades"
  ],
  "endpoint_failures": [],
  "rows_written": {
    "markets": 2,
    "best_line": 7,
    "orderbook": 5,
    "trades": 4,
    "roster_events": 0
  },
  "rows_deduped": {
    "markets": 19,
    "best_line": 35,
    "orderbook": 97,
    "trades": 0,
    "roster_events": 0
  },
  "raw_counts": {
    "markets": 21,
    "orderbook": 102,
    "best_line": 42,
    "trades": 4
  },
  "finished_ts": "2026-08-16T03:50:06.433720+00:00"
}
{
  "cycle_id": "acff1835-30a0-404c-9056-5466bcaf749b",
  "started_ts": "2026-08-16T03:55:02.132521+00:00",
  "league_id": 1384,
  "endpoints_attempted": [
    "/markets/active",
    "/orders",
    "/orders",
    "/trades",
    "/trades"
  ],
  "endpoint_failures": [],
  "rows_written": {
    "markets": 0,
    "best_line": 0,
    "orderbook": 0,
    "trades": 4,
    "roster_events": 0
  },
  "rows_deduped": {
    "markets": 21,
    "best_line": 42,
    "orderbook": 102,
    "trades": 0,
    "roster_events": 0
  },
  "raw_counts": {
    "markets": 21,
    "orderbook": 102,
    "best_line": 42,
    "trades": 4
  },
  "finished_ts": "2026-08-16T03:55:06.413422+00:00"
}
