{"capture_id": "cap_20260818T041202115156", "outcome": "NOVEL", "snapshot_rows": 20, "transitions": 46, "coverage_rows": 4, "rejects": 1, "entity_resolution_note": "entity_resolution index loaded, 391 identities", "source_url": "https://ak-static.cms.nba.com/referee/wnba_injury/Injury-Report_2026-08-18_12_00AM.pdf"}
cycle complete: 1 new document(s) processed
{"capture_id": "cap_20260818T042702341580", "outcome": "NOVEL", "snapshot_rows": 20, "transitions": 46, "coverage_rows": 4, "rejects": 1, "entity_resolution_note": "entity_resolution index loaded, 391 identities", "source_url": "https://ak-static.cms.nba.com/referee/wnba_injury/Injury-Report_2026-08-18_12_15AM.pdf"}
cycle complete: 1 new document(s) processed
{"capture_id": "cap_20260818T044202112409", "outcome": "NOVEL", "snapshot_rows": 20, "transitions": 46, "coverage_rows": 4, "rejects": 1, "entity_resolution_note": "entity_resolution index loaded, 391 identities", "source_url": "https://ak-static.cms.nba.com/referee/wnba_injury/Injury-Report_2026-08-18_12_30AM.pdf"}
cycle complete: 1 new document(s) processed
{"capture_id": "cap_20260818T045702187962", "outcome": "NOVEL", "snapshot_rows": 20, "transitions": 46, "coverage_rows": 4, "rejects": 1, "entity_resolution_note": "entity_resolution index loaded, 391 identities", "source_url": "https://ak-static.cms.nba.com/referee/wnba_injury/Injury-Report_2026-08-18_12_45AM.pdf"}
cycle complete: 1 new document(s) processed
{"capture_id": "cap_20260818T051202242494", "outcome": "NOVEL", "snapshot_rows": 20, "transitions": 46, "coverage_rows": 4, "rejects": 1, "entity_resolution_note": "entity_resolution index loaded, 391 identities", "source_url": "https://ak-static.cms.nba.com/referee/wnba_injury/Injury-Report_2026-08-18_01_00AM.pdf"}
cycle complete: 1 new document(s) processed
{"capture_id": "cap_20260818T052702334969", "outcome": "NOVEL", "snapshot_rows": 20, "transitions": 46, "coverage_rows": 4, "rejects": 1, "entity_resolution_note": "entity_resolution index loaded, 391 identities", "source_url": "https://ak-static.cms.nba.com/referee/wnba_injury/Injury-Report_2026-08-18_01_15AM.pdf"}
cycle complete: 1 new document(s) processed
{"capture_id": "cap_20260818T054202308649", "outcome": "NOVEL", "snapshot_rows": 20, "transitions": 46, "coverage_rows": 4, "rejects": 1, "entity_resolution_note": "entity_resolution index loaded, 391 identities", "source_url": "https://ak-static.cms.nba.com/referee/wnba_injury/Injury-Report_2026-08-18_01_30AM.pdf"}
cycle complete: 1 new document(s) processed
{"capture_id": "cap_20260818T055702316394", "outcome": "NOVEL", "snapshot_rows": 20, "transitions": 46, "coverage_rows": 4, "rejects": 1, "entity_resolution_note": "entity_resolution index loaded, 391 identities", "source_url": "https://ak-static.cms.nba.com/referee/wnba_injury/Injury-Report_2026-08-18_01_45AM.pdf"}
cycle complete: 1 new document(s) processed
{"capture_id": "cap_20260818T061202192752", "outcome": "NOVEL", "snapshot_rows": 20, "transitions": 46, "coverage_rows": 4, "rejects": 1, "entity_resolution_note": "entity_resolution index loaded, 391 identities", "source_url": "https://ak-static.cms.nba.com/referee/wnba_injury/Injury-Report_2026-08-18_02_00AM.pdf"}
cycle complete: 1 new document(s) processed
{"capture_id": "cap_20260818T062702216832", "outcome": "NOVEL", "snapshot_rows": 20, "transitions": 46, "coverage_rows": 4, "rejects": 1, "entity_resolution_note": "entity_resolution index loaded, 391 identities", "source_url": "https://ak-static.cms.nba.com/referee/wnba_injury/Injury-Report_2026-08-18_02_15AM.pdf"}
cycle complete: 1 new document(s) processed
{"capture_id": "cap_20260818T064202175731", "outcome": "NOVEL", "snapshot_rows": 20, "transitions": 46, "coverage_rows": 4, "rejects": 1, "entity_resolution_note": "entity_resolution index loaded, 391 identities", "source_url": "https://ak-static.cms.nba.com/referee/wnba_injury/Injury-Report_2026-08-18_02_30AM.pdf"}
cycle complete: 1 new document(s) processed
{"capture_id": "cap_20260818T065702195155", "outcome": "NOVEL", "snapshot_rows": 20, "transitions": 46, "coverage_rows": 4, "rejects": 1, "entity_resolution_note": "entity_resolution index loaded, 391 identities", "source_url": "https://ak-static.cms.nba.com/referee/wnba_injury/Injury-Report_2026-08-18_02_45AM.pdf"}
cycle complete: 1 new document(s) processed
{"capture_id": "cap_20260818T071202149450", "outcome": "NOVEL", "snapshot_rows": 20, "transitions": 46, "coverage_rows": 4, "rejects": 1, "entity_resolution_note": "entity_resolution index loaded, 391 identities", "source_url": "https://ak-static.cms.nba.com/referee/wnba_injury/Injury-Report_2026-08-18_03_00AM.pdf"}
cycle complete: 1 new document(s) processed
{"capture_id": "cap_20260818T072702173657", "outcome": "NOVEL", "snapshot_rows": 20, "transitions": 46, "coverage_rows": 4, "rejects": 1, "entity_resolution_note": "entity_resolution index loaded, 391 identities", "source_url": "https://ak-static.cms.nba.com/referee/wnba_injury/Injury-Report_2026-08-18_03_15AM.pdf"}
cycle complete: 1 new document(s) processed
{"capture_id": "cap_20260818T074202190318", "outcome": "NOVEL", "snapshot_rows": 20, "transitions": 46, "coverage_rows": 4, "rejects": 1, "entity_resolution_note": "entity_resolution index loaded, 391 identities", "source_url": "https://ak-static.cms.nba.com/referee/wnba_injury/Injury-Report_2026-08-18_03_30AM.pdf"}
cycle complete: 1 new document(s) processed
{"capture_id": "cap_20260818T075702200540", "outcome": "NOVEL", "snapshot_rows": 20, "transitions": 46, "coverage_rows": 4, "rejects": 1, "entity_resolution_note": "entity_resolution index loaded, 391 identities", "source_url": "https://ak-static.cms.nba.com/referee/wnba_injury/Injury-Report_2026-08-18_03_45AM.pdf"}
cycle complete: 1 new document(s) processed
{"capture_id": "cap_20260818T081202149004", "outcome": "NOVEL", "snapshot_rows": 20, "transitions": 46, "coverage_rows": 4, "rejects": 1, "entity_resolution_note": "entity_resolution index loaded, 391 identities", "source_url": "https://ak-static.cms.nba.com/referee/wnba_injury/Injury-Report_2026-08-18_04_00AM.pdf"}
cycle complete: 1 new document(s) processed
{"capture_id": "cap_20260818T082702259397", "outcome": "NOVEL", "snapshot_rows": 20, "transitions": 46, "coverage_rows": 4, "rejects": 1, "entity_resolution_note": "entity_resolution index loaded, 391 identities", "source_url": "https://ak-static.cms.nba.com/referee/wnba_injury/Injury-Report_2026-08-18_04_15AM.pdf"}
cycle complete: 1 new document(s) processed
{"capture_id": "cap_20260818T084202171693", "outcome": "NOVEL", "snapshot_rows": 20, "transitions": 46, "coverage_rows": 4, "rejects": 1, "entity_resolution_note": "entity_resolution index loaded, 391 identities", "source_url": "https://ak-static.cms.nba.com/referee/wnba_injury/Injury-Report_2026-08-18_04_30AM.pdf"}
cycle complete: 1 new document(s) processed
{"capture_id": "cap_20260818T085702226514", "outcome": "NOVEL", "snapshot_rows": 20, "transitions": 46, "coverage_rows": 4, "rejects": 1, "entity_resolution_note": "entity_resolution index loaded, 391 identities", "source_url": "https://ak-static.cms.nba.com/referee/wnba_injury/Injury-Report_2026-08-18_04_45AM.pdf"}
cycle complete: 1 new document(s) processed
{"capture_id": "cap_20260818T091202187206", "outcome": "NOVEL", "snapshot_rows": 20, "transitions": 46, "coverage_rows": 4, "rejects": 1, "entity_resolution_note": "entity_resolution index loaded, 391 identities", "source_url": "https://ak-static.cms.nba.com/referee/wnba_injury/Injury-Report_2026-08-18_05_00AM.pdf"}
cycle complete: 1 new document(s) processed
{"capture_id": "cap_20260818T092702206801", "outcome": "NOVEL", "snapshot_rows": 20, "transitions": 46, "coverage_rows": 4, "rejects": 1, "entity_resolution_note": "entity_resolution index loaded, 391 identities", "source_url": "https://ak-static.cms.nba.com/referee/wnba_injury/Injury-Report_2026-08-18_05_15AM.pdf"}
cycle complete: 1 new document(s) processed
{"capture_id": "cap_20260818T094202143003", "outcome": "NOVEL", "snapshot_rows": 20, "transitions": 46, "coverage_rows": 4, "rejects": 1, "entity_resolution_note": "entity_resolution index loaded, 391 identities", "source_url": "https://ak-static.cms.nba.com/referee/wnba_injury/Injury-Report_2026-08-18_05_30AM.pdf"}
cycle complete: 1 new document(s) processed
{"capture_id": "cap_20260818T095702306136", "outcome": "NOVEL", "snapshot_rows": 20, "transitions": 46, "coverage_rows": 4, "rejects": 1, "entity_resolution_note": "entity_resolution index loaded, 391 identities", "source_url": "https://ak-static.cms.nba.com/referee/wnba_injury/Injury-Report_2026-08-18_05_45AM.pdf"}
cycle complete: 1 new document(s) processed
{"capture_id": "cap_20260818T101202170851", "outcome": "NOVEL", "snapshot_rows": 20, "transitions": 46, "coverage_rows": 4, "rejects": 1, "entity_resolution_note": "entity_resolution index loaded, 391 identities", "source_url": "https://ak-static.cms.nba.com/referee/wnba_injury/Injury-Report_2026-08-18_06_00AM.pdf"}
cycle complete: 1 new document(s) processed
{"capture_id": "cap_20260818T102702177329", "outcome": "NOVEL", "snapshot_rows": 20, "transitions": 46, "coverage_rows": 4, "rejects": 1, "entity_resolution_note": "entity_resolution index loaded, 391 identities", "source_url": "https://ak-static.cms.nba.com/referee/wnba_injury/Injury-Report_2026-08-18_06_15AM.pdf"}
cycle complete: 1 new document(s) processed
{"capture_id": "cap_20260818T104202186257", "outcome": "NOVEL", "snapshot_rows": 20, "transitions": 46, "coverage_rows": 4, "rejects": 1, "entity_resolution_note": "entity_resolution index loaded, 391 identities", "source_url": "https://ak-static.cms.nba.com/referee/wnba_injury/Injury-Report_2026-08-18_06_30AM.pdf"}
cycle complete: 1 new document(s) processed
{"capture_id": "cap_20260818T105702186379", "outcome": "NOVEL", "snapshot_rows": 20, "transitions": 46, "coverage_rows": 4, "rejects": 1, "entity_resolution_note": "entity_resolution index loaded, 391 identities", "source_url": "https://ak-static.cms.nba.com/referee/wnba_injury/Injury-Report_2026-08-18_06_45AM.pdf"}
cycle complete: 1 new document(s) processed
{"capture_id": "cap_20260818T111202140139", "outcome": "NOVEL", "snapshot_rows": 20, "transitions": 46, "coverage_rows": 4, "rejects": 1, "entity_resolution_note": "entity_resolution index loaded, 391 identities", "source_url": "https://ak-static.cms.nba.com/referee/wnba_injury/Injury-Report_2026-08-18_07_00AM.pdf"}
cycle complete: 1 new document(s) processed
DISCOVERY FAILED: NetworkUnavailable: network-unavailable fetching https://www.wnba.com/api/injury-reports: URLError: <urlopen error [Errno 11001] getaddrinfo failed>
cycle incomplete -- network unavailable, not a confirmed block, will retry next scheduled cycle: network-unavailable fetching https://www.wnba.com/api/injury-reports: URLError: <urlopen error [Errno 11001] getaddrinfo failed>
DISCOVERY FAILED: NetworkUnavailable: network-unavailable fetching https://www.wnba.com/api/injury-reports: URLError: <urlopen error [Errno 11001] getaddrinfo failed>
cycle incomplete -- network unavailable, not a confirmed block, will retry next scheduled cycle: network-unavailable fetching https://www.wnba.com/api/injury-reports: URLError: <urlopen error [Errno 11001] getaddrinfo failed>
DISCOVERY FAILED: NetworkUnavailable: network-unavailable fetching https://www.wnba.com/api/injury-reports: URLError: <urlopen error [Errno 11001] getaddrinfo failed>
cycle incomplete -- network unavailable, not a confirmed block, will retry next scheduled cycle: network-unavailable fetching https://www.wnba.com/api/injury-reports: URLError: <urlopen error [Errno 11001] getaddrinfo failed>
DISCOVERY FAILED: NetworkUnavailable: network-unavailable fetching https://www.wnba.com/api/injury-reports: URLError: <urlopen error [Errno 11001] getaddrinfo failed>
cycle incomplete -- network unavailable, not a confirmed block, will retry next scheduled cycle: network-unavailable fetching https://www.wnba.com/api/injury-reports: URLError: <urlopen error [Errno 11001] getaddrinfo failed>
DISCOVERY FAILED: NetworkUnavailable: network-unavailable fetching https://www.wnba.com/api/injury-reports: URLError: <urlopen error [Errno 11001] getaddrinfo failed>
cycle incomplete -- network unavailable, not a confirmed block, will retry next scheduled cycle: network-unavailable fetching https://www.wnba.com/api/injury-reports: URLError: <urlopen error [Errno 11001] getaddrinfo failed>
DISCOVERY FAILED: NetworkUnavailable: network-unavailable fetching https://www.wnba.com/api/injury-reports: URLError: <urlopen error [Errno 11001] getaddrinfo failed>
cycle incomplete -- network unavailable, not a confirmed block, will retry next scheduled cycle: network-unavailable fetching https://www.wnba.com/api/injury-reports: URLError: <urlopen error [Errno 11001] getaddrinfo failed>
DISCOVERY FAILED: NetworkUnavailable: network-unavailable fetching https://www.wnba.com/api/injury-reports: URLError: <urlopen error [Errno 11001] getaddrinfo failed>
cycle incomplete -- network unavailable, not a confirmed block, will retry next scheduled cycle: network-unavailable fetching https://www.wnba.com/api/injury-reports: URLError: <urlopen error [Errno 11001] getaddrinfo failed>
{"capture_id": "cap_20260818T131202283747", "outcome": "NOVEL", "snapshot_rows": 20, "transitions": 46, "coverage_rows": 4, "rejects": 1, "entity_resolution_note": "entity_resolution index loaded, 391 identities", "source_url": "https://ak-static.cms.nba.com/referee/wnba_injury/Injury-Report_2026-08-18_07_15AM.pdf"}
{"capture_id": "cap_20260818T131216794798", "outcome": "NOVEL", "snapshot_rows": 20, "transitions": 46, "coverage_rows": 4, "rejects": 1, "entity_resolution_note": "entity_resolution index loaded, 391 identities", "source_url": "https://ak-static.cms.nba.com/referee/wnba_injury/Injury-Report_2026-08-18_07_30AM.pdf"}
{"capture_id": "cap_20260818T131227158023", "outcome": "NOVEL", "snapshot_rows": 20, "transitions": 46, "coverage_rows": 4, "rejects": 1, "entity_resolution_note": "entity_resolution index loaded, 391 identities", "source_url": "https://ak-static.cms.nba.com/referee/wnba_injury/Injury-Report_2026-08-18_07_45AM.pdf"}
{"capture_id": "cap_20260818T131237524388", "outcome": "NOVEL", "snapshot_rows": 20, "transitions": 46, "coverage_rows": 4, "rejects": 1, "entity_resolution_note": "entity_resolution index loaded, 391 identities", "source_url": "https://ak-static.cms.nba.com/referee/wnba_injury/Injury-Report_2026-08-18_08_00AM.pdf"}
{"capture_id": "cap_20260818T131247883600", "outcome": "NOVEL", "snapshot_rows": 20, "transitions": 46, "coverage_rows": 4, "rejects": 1, "entity_resolution_note": "entity_resolution index loaded, 391 identities", "source_url": "https://ak-static.cms.nba.com/referee/wnba_injury/Injury-Report_2026-08-18_08_15AM.pdf"}
{"capture_id": "cap_20260818T131258259360", "outcome": "NOVEL", "snapshot_rows": 20, "transitions": 46, "coverage_rows": 4, "rejects": 1, "entity_resolution_note": "entity_resolution index loaded, 391 identities", "source_url": "https://ak-static.cms.nba.com/referee/wnba_injury/Injury-Report_2026-08-18_08_30AM.pdf"}
{"capture_id": "cap_20260818T131308597214", "outcome": "NOVEL", "snapshot_rows": 20, "transitions": 46, "coverage_rows": 4, "rejects": 1, "entity_resolution_note": "entity_resolution index loaded, 391 identities", "source_url": "https://ak-static.cms.nba.com/referee/wnba_injury/Injury-Report_2026-08-18_08_45AM.pdf"}
{"capture_id": "cap_20260818T131318966442", "outcome": "NOVEL", "snapshot_rows": 20, "transitions": 46, "coverage_rows": 4, "rejects": 1, "entity_resolution_note": "entity_resolution index loaded, 391 identities", "source_url": "https://ak-static.cms.nba.com/referee/wnba_injury/Injury-Report_2026-08-18_09_00AM.pdf"}
cycle complete: 8 new document(s) processed
{"capture_id": "cap_20260818T132702469148", "outcome": "NOVEL", "snapshot_rows": 20, "transitions": 46, "coverage_rows": 4, "rejects": 1, "entity_resolution_note": "entity_resolution index loaded, 391 identities", "source_url": "https://ak-static.cms.nba.com/referee/wnba_injury/Injury-Report_2026-08-18_09_15AM.pdf"}
cycle complete: 1 new document(s) processed
^C{"capture_id": "cap_20260818T135702362062", "outcome": "NOVEL", "snapshot_rows": 20, "transitions": 46, "coverage_rows": 4, "rejects": 1, "entity_resolution_note": "entity_resolution index loaded, 391 identities", "source_url": "https://ak-static.cms.nba.com/referee/wnba_injury/Injury-Report_2026-08-18_09_30AM.pdf"}
{"capture_id": "cap_20260818T135716849574", "outcome": "NOVEL", "snapshot_rows": 20, "transitions": 46, "coverage_rows": 4, "rejects": 1, "entity_resolution_note": "entity_resolution index loaded, 391 identities", "source_url": "https://ak-static.cms.nba.com/referee/wnba_injury/Injury-Report_2026-08-18_09_45AM.pdf"}
cycle complete: 2 new document(s) processed
{"capture_id": "cap_20260818T141202526416", "outcome": "NOVEL", "snapshot_rows": 20, "transitions": 46, "coverage_rows": 4, "rejects": 1, "entity_resolution_note": "entity_resolution index loaded, 391 identities", "source_url": "https://ak-static.cms.nba.com/referee/wnba_injury/Injury-Report_2026-08-18_10_00AM.pdf"}
cycle complete: 1 new document(s) processed
{"capture_id": "cap_20260818T142702395667", "outcome": "NOVEL", "snapshot_rows": 20, "transitions": 46, "coverage_rows": 4, "rejects": 1, "entity_resolution_note": "entity_resolution index loaded, 391 identities", "source_url": "https://ak-static.cms.nba.com/referee/wnba_injury/Injury-Report_2026-08-18_10_15AM.pdf"}
cycle complete: 1 new document(s) processed
^C{"capture_id": "cap_20260818T151202392101", "outcome": "NOVEL", "snapshot_rows": 20, "transitions": 46, "coverage_rows": 4, "rejects": 1, "entity_resolution_note": "entity_resolution index loaded, 391 identities", "source_url": "https://ak-static.cms.nba.com/referee/wnba_injury/Injury-Report_2026-08-18_10_30AM.pdf"}
{"capture_id": "cap_20260818T151218492169", "outcome": "NOVEL", "snapshot_rows": 20, "transitions": 46, "coverage_rows": 4, "rejects": 1, "entity_resolution_note": "entity_resolution index loaded, 391 identities", "source_url": "https://ak-static.cms.nba.com/referee/wnba_injury/Injury-Report_2026-08-18_10_45AM.pdf"}
{"capture_id": "cap_20260818T151229054510", "outcome": "NOVEL", "snapshot_rows": 20, "transitions": 46, "coverage_rows": 4, "rejects": 1, "entity_resolution_note": "entity_resolution index loaded, 391 identities", "source_url": "https://ak-static.cms.nba.com/referee/wnba_injury/Injury-Report_2026-08-18_11_00AM.pdf"}
cycle complete: 3 new document(s) processed
{"capture_id": "cap_20260818T152702884572", "outcome": "NOVEL", "snapshot_rows": 20, "transitions": 46, "coverage_rows": 4, "rejects": 1, "entity_resolution_note": "entity_resolution index loaded, 391 identities", "source_url": "https://ak-static.cms.nba.com/referee/wnba_injury/Injury-Report_2026-08-18_11_15AM.pdf"}
cycle complete: 1 new document(s) processed
{"capture_id": "cap_20260818T154202376364", "outcome": "NOVEL", "snapshot_rows": 20, "transitions": 46, "coverage_rows": 4, "rejects": 1, "entity_resolution_note": "entity_resolution index loaded, 391 identities", "source_url": "https://ak-static.cms.nba.com/referee/wnba_injury/Injury-Report_2026-08-18_11_30AM.pdf"}
cycle complete: 1 new document(s) processed
{"capture_id": "cap_20260818T155703184685", "outcome": "NOVEL", "snapshot_rows": 20, "transitions": 47, "coverage_rows": 4, "rejects": 1, "entity_resolution_note": "entity_resolution index loaded, 391 identities", "source_url": "https://ak-static.cms.nba.com/referee/wnba_injury/Injury-Report_2026-08-18_11_45AM.pdf"}
cycle complete: 1 new document(s) processed
{"capture_id": "cap_20260818T161202872024", "outcome": "NOVEL", "snapshot_rows": 20, "transitions": 46, "coverage_rows": 4, "rejects": 1, "entity_resolution_note": "entity_resolution index loaded, 391 identities", "source_url": "https://ak-static.cms.nba.com/referee/wnba_injury/Injury-Report_2026-08-18_12_00PM.pdf"}
cycle complete: 1 new document(s) processed
{"capture_id": "cap_20260818T162702816627", "outcome": "NOVEL", "snapshot_rows": 20, "transitions": 46, "coverage_rows": 4, "rejects": 1, "entity_resolution_note": "entity_resolution index loaded, 391 identities", "source_url": "https://ak-static.cms.nba.com/referee/wnba_injury/Injury-Report_2026-08-18_12_15PM.pdf"}
cycle complete: 1 new document(s) processed
^C{"capture_id": "cap_20260818T165702498263", "outcome": "NOVEL", "snapshot_rows": 20, "transitions": 46, "coverage_rows": 4, "rejects": 1, "entity_resolution_note": "entity_resolution index loaded, 391 identities", "source_url": "https://ak-static.cms.nba.com/referee/wnba_injury/Injury-Report_2026-08-18_12_30PM.pdf"}
{"capture_id": "cap_20260818T165718039658", "outcome": "NOVEL", "snapshot_rows": 20, "transitions": 46, "coverage_rows": 4, "rejects": 1, "entity_resolution_note": "entity_resolution index loaded, 391 identities", "source_url": "https://ak-static.cms.nba.com/referee/wnba_injury/Injury-Report_2026-08-18_12_45PM.pdf"}
cycle complete: 2 new document(s) processed
{"capture_id": "cap_20260818T171202478285", "outcome": "NOVEL", "snapshot_rows": 20, "transitions": 46, "coverage_rows": 4, "rejects": 1, "entity_resolution_note": "entity_resolution index loaded, 391 identities", "source_url": "https://ak-static.cms.nba.com/referee/wnba_injury/Injury-Report_2026-08-18_01_00PM.pdf"}
cycle complete: 1 new document(s) processed
{"capture_id": "cap_20260818T172702378756", "outcome": "NOVEL", "snapshot_rows": 20, "transitions": 49, "coverage_rows": 4, "rejects": 1, "entity_resolution_note": "entity_resolution index loaded, 391 identities", "source_url": "https://ak-static.cms.nba.com/referee/wnba_injury/Injury-Report_2026-08-18_01_15PM.pdf"}
cycle complete: 1 new document(s) processed
{"capture_id": "cap_20260818T174202351937", "outcome": "NOVEL", "snapshot_rows": 20, "transitions": 46, "coverage_rows": 4, "rejects": 1, "entity_resolution_note": "entity_resolution index loaded, 391 identities", "source_url": "https://ak-static.cms.nba.com/referee/wnba_injury/Injury-Report_2026-08-18_01_30PM.pdf"}
cycle complete: 1 new document(s) processed
{"capture_id": "cap_20260818T175702342200", "outcome": "NOVEL", "snapshot_rows": 20, "transitions": 46, "coverage_rows": 4, "rejects": 1, "entity_resolution_note": "entity_resolution index loaded, 391 identities", "source_url": "https://ak-static.cms.nba.com/referee/wnba_injury/Injury-Report_2026-08-18_01_45PM.pdf"}
cycle complete: 1 new document(s) processed
{"capture_id": "cap_20260818T181202356827", "outcome": "NOVEL", "snapshot_rows": 20, "transitions": 46, "coverage_rows": 4, "rejects": 1, "entity_resolution_note": "entity_resolution index loaded, 391 identities", "source_url": "https://ak-static.cms.nba.com/referee/wnba_injury/Injury-Report_2026-08-18_02_00PM.pdf"}
cycle complete: 1 new document(s) processed
{"capture_id": "cap_20260818T182702825324", "outcome": "NOVEL", "snapshot_rows": 20, "transitions": 46, "coverage_rows": 4, "rejects": 1, "entity_resolution_note": "entity_resolution index loaded, 391 identities", "source_url": "https://ak-static.cms.nba.com/referee/wnba_injury/Injury-Report_2026-08-18_02_15PM.pdf"}
cycle complete: 1 new document(s) processed
{"capture_id": "cap_20260818T184202755362", "outcome": "NOVEL", "snapshot_rows": 20, "transitions": 46, "coverage_rows": 4, "rejects": 1, "entity_resolution_note": "entity_resolution index loaded, 391 identities", "source_url": "https://ak-static.cms.nba.com/referee/wnba_injury/Injury-Report_2026-08-18_02_30PM.pdf"}
cycle complete: 1 new document(s) processed
{"capture_id": "cap_20260818T185702612149", "outcome": "NOVEL", "snapshot_rows": 20, "transitions": 46, "coverage_rows": 4, "rejects": 1, "entity_resolution_note": "entity_resolution index loaded, 391 identities", "source_url": "https://ak-static.cms.nba.com/referee/wnba_injury/Injury-Report_2026-08-18_02_45PM.pdf"}
cycle complete: 1 new document(s) processed
{"capture_id": "cap_20260818T191202619949", "outcome": "NOVEL", "snapshot_rows": 20, "transitions": 46, "coverage_rows": 4, "rejects": 1, "entity_resolution_note": "entity_resolution index loaded, 391 identities", "source_url": "https://ak-static.cms.nba.com/referee/wnba_injury/Injury-Report_2026-08-18_03_00PM.pdf"}
cycle complete: 1 new document(s) processed
{"capture_id": "cap_20260818T192702466284", "outcome": "NOVEL", "snapshot_rows": 20, "transitions": 46, "coverage_rows": 4, "rejects": 1, "entity_resolution_note": "entity_resolution index loaded, 391 identities", "source_url": "https://ak-static.cms.nba.com/referee/wnba_injury/Injury-Report_2026-08-18_03_15PM.pdf"}
cycle complete: 1 new document(s) processed
{"capture_id": "cap_20260818T194202485931", "outcome": "NOVEL", "snapshot_rows": 20, "transitions": 46, "coverage_rows": 4, "rejects": 1, "entity_resolution_note": "entity_resolution index loaded, 391 identities", "source_url": "https://ak-static.cms.nba.com/referee/wnba_injury/Injury-Report_2026-08-18_03_30PM.pdf"}
cycle complete: 1 new document(s) processed
{"capture_id": "cap_20260818T195702576928", "outcome": "NOVEL", "snapshot_rows": 20, "transitions": 46, "coverage_rows": 4, "rejects": 1, "entity_resolution_note": "entity_resolution index loaded, 391 identities", "source_url": "https://ak-static.cms.nba.com/referee/wnba_injury/Injury-Report_2026-08-18_03_45PM.pdf"}
cycle complete: 1 new document(s) processed
{"capture_id": "cap_20260818T201203827063", "outcome": "NOVEL", "snapshot_rows": 20, "transitions": 46, "coverage_rows": 4, "rejects": 1, "entity_resolution_note": "entity_resolution index loaded, 391 identities", "source_url": "https://ak-static.cms.nba.com/referee/wnba_injury/Injury-Report_2026-08-18_04_00PM.pdf"}
cycle complete: 1 new document(s) processed
{"capture_id": "cap_20260818T202706569770", "outcome": "NOVEL", "snapshot_rows": 20, "transitions": 46, "coverage_rows": 4, "rejects": 1, "entity_resolution_note": "entity_resolution index loaded, 391 identities", "source_url": "https://ak-static.cms.nba.com/referee/wnba_injury/Injury-Report_2026-08-18_04_15PM.pdf"}
cycle complete: 1 new document(s) processed
{"capture_id": "cap_20260818T204203890623", "outcome": "NOVEL", "snapshot_rows": 20, "transitions": 46, "coverage_rows": 3, "rejects": 1, "entity_resolution_note": "entity_resolution index loaded, 391 identities", "source_url": "https://ak-static.cms.nba.com/referee/wnba_injury/Injury-Report_2026-08-18_04_30PM.pdf"}
cycle complete: 1 new document(s) processed
{"capture_id": "cap_20260818T205702413528", "outcome": "NOVEL", "snapshot_rows": 20, "transitions": 46, "coverage_rows": 3, "rejects": 1, "entity_resolution_note": "entity_resolution index loaded, 391 identities", "source_url": "https://ak-static.cms.nba.com/referee/wnba_injury/Injury-Report_2026-08-18_04_45PM.pdf"}
cycle complete: 1 new document(s) processed
{"capture_id": "cap_20260818T211202113734", "outcome": "NOVEL", "snapshot_rows": 20, "transitions": 46, "coverage_rows": 3, "rejects": 1, "entity_resolution_note": "entity_resolution index loaded, 391 identities", "source_url": "https://ak-static.cms.nba.com/referee/wnba_injury/Injury-Report_2026-08-18_05_00PM.pdf"}
cycle complete: 1 new document(s) processed
{"capture_id": "cap_20260818T212702543591", "outcome": "NOVEL", "snapshot_rows": 20, "transitions": 49, "coverage_rows": 3, "rejects": 1, "entity_resolution_note": "entity_resolution index loaded, 391 identities", "source_url": "https://ak-static.cms.nba.com/referee/wnba_injury/Injury-Report_2026-08-18_05_15PM.pdf"}
cycle complete: 1 new document(s) processed
{"capture_id": "cap_20260818T214203160269", "outcome": "NOVEL", "snapshot_rows": 20, "transitions": 46, "coverage_rows": 3, "rejects": 1, "entity_resolution_note": "entity_resolution index loaded, 391 identities", "source_url": "https://ak-static.cms.nba.com/referee/wnba_injury/Injury-Report_2026-08-18_05_30PM.pdf"}
cycle complete: 1 new document(s) processed
{"capture_id": "cap_20260818T215702386134", "outcome": "NOVEL", "snapshot_rows": 20, "transitions": 46, "coverage_rows": 3, "rejects": 1, "entity_resolution_note": "entity_resolution index loaded, 391 identities", "source_url": "https://ak-static.cms.nba.com/referee/wnba_injury/Injury-Report_2026-08-18_05_45PM.pdf"}
cycle complete: 1 new document(s) processed
{"capture_id": "cap_20260818T221202410236", "outcome": "NOVEL", "snapshot_rows": 22, "transitions": 46, "coverage_rows": 3, "rejects": 1, "entity_resolution_note": "entity_resolution index loaded, 391 identities", "source_url": "https://ak-static.cms.nba.com/referee/wnba_injury/Injury-Report_2026-08-18_06_00PM.pdf"}
cycle complete: 1 new document(s) processed
{"capture_id": "cap_20260818T222702474991", "outcome": "NOVEL", "snapshot_rows": 25, "transitions": 45, "coverage_rows": 3, "rejects": 1, "entity_resolution_note": "entity_resolution index loaded, 391 identities", "source_url": "https://ak-static.cms.nba.com/referee/wnba_injury/Injury-Report_2026-08-18_06_15PM.pdf"}
cycle complete: 1 new document(s) processed
{"capture_id": "cap_20260818T224202386139", "outcome": "NOVEL", "snapshot_rows": 25, "transitions": 43, "coverage_rows": 3, "rejects": 1, "entity_resolution_note": "entity_resolution index loaded, 391 identities", "source_url": "https://ak-static.cms.nba.com/referee/wnba_injury/Injury-Report_2026-08-18_06_30PM.pdf"}
cycle complete: 1 new document(s) processed
