{"capture_id": "cap_20260817T041202937279", "outcome": "NOVEL", "snapshot_rows": 4, "transitions": 57, "coverage_rows": 8, "rejects": 0, "entity_resolution_note": "entity_resolution index loaded, 391 identities", "source_url": "https://ak-static.cms.nba.com/referee/wnba_injury/Injury-Report_2026-08-17_12_00AM.pdf"}
cycle complete: 1 new document(s) processed
{"capture_id": "cap_20260817T042703099021", "outcome": "NOVEL", "snapshot_rows": 4, "transitions": 57, "coverage_rows": 8, "rejects": 0, "entity_resolution_note": "entity_resolution index loaded, 391 identities", "source_url": "https://ak-static.cms.nba.com/referee/wnba_injury/Injury-Report_2026-08-17_12_15AM.pdf"}
cycle complete: 1 new document(s) processed
{"capture_id": "cap_20260817T044202822017", "outcome": "NOVEL", "snapshot_rows": 4, "transitions": 57, "coverage_rows": 8, "rejects": 0, "entity_resolution_note": "entity_resolution index loaded, 391 identities", "source_url": "https://ak-static.cms.nba.com/referee/wnba_injury/Injury-Report_2026-08-17_12_30AM.pdf"}
cycle complete: 1 new document(s) processed
{"capture_id": "cap_20260817T045702721605", "outcome": "NOVEL", "snapshot_rows": 4, "transitions": 57, "coverage_rows": 8, "rejects": 0, "entity_resolution_note": "entity_resolution index loaded, 391 identities", "source_url": "https://ak-static.cms.nba.com/referee/wnba_injury/Injury-Report_2026-08-17_12_45AM.pdf"}
cycle complete: 1 new document(s) processed
{"capture_id": "cap_20260817T051203180695", "outcome": "NOVEL", "snapshot_rows": 4, "transitions": 57, "coverage_rows": 8, "rejects": 0, "entity_resolution_note": "entity_resolution index loaded, 391 identities", "source_url": "https://ak-static.cms.nba.com/referee/wnba_injury/Injury-Report_2026-08-17_01_00AM.pdf"}
cycle complete: 1 new document(s) processed
{"capture_id": "cap_20260817T052703042694", "outcome": "NOVEL", "snapshot_rows": 4, "transitions": 57, "coverage_rows": 8, "rejects": 0, "entity_resolution_note": "entity_resolution index loaded, 391 identities", "source_url": "https://ak-static.cms.nba.com/referee/wnba_injury/Injury-Report_2026-08-17_01_15AM.pdf"}
cycle complete: 1 new document(s) processed
{"capture_id": "cap_20260817T054202914442", "outcome": "NOVEL", "snapshot_rows": 4, "transitions": 57, "coverage_rows": 8, "rejects": 0, "entity_resolution_note": "entity_resolution index loaded, 391 identities", "source_url": "https://ak-static.cms.nba.com/referee/wnba_injury/Injury-Report_2026-08-17_01_30AM.pdf"}
cycle complete: 1 new document(s) processed
{"capture_id": "cap_20260817T055703204791", "outcome": "NOVEL", "snapshot_rows": 4, "transitions": 57, "coverage_rows": 8, "rejects": 0, "entity_resolution_note": "entity_resolution index loaded, 391 identities", "source_url": "https://ak-static.cms.nba.com/referee/wnba_injury/Injury-Report_2026-08-17_01_45AM.pdf"}
cycle complete: 1 new document(s) processed
{"capture_id": "cap_20260817T061203043766", "outcome": "NOVEL", "snapshot_rows": 4, "transitions": 57, "coverage_rows": 8, "rejects": 0, "entity_resolution_note": "entity_resolution index loaded, 391 identities", "source_url": "https://ak-static.cms.nba.com/referee/wnba_injury/Injury-Report_2026-08-17_02_00AM.pdf"}
cycle complete: 1 new document(s) processed
{"capture_id": "cap_20260817T062702465164", "outcome": "NOVEL", "snapshot_rows": 4, "transitions": 57, "coverage_rows": 8, "rejects": 0, "entity_resolution_note": "entity_resolution index loaded, 391 identities", "source_url": "https://ak-static.cms.nba.com/referee/wnba_injury/Injury-Report_2026-08-17_02_15AM.pdf"}
cycle complete: 1 new document(s) processed
{"capture_id": "cap_20260817T064203073105", "outcome": "NOVEL", "snapshot_rows": 4, "transitions": 57, "coverage_rows": 8, "rejects": 0, "entity_resolution_note": "entity_resolution index loaded, 391 identities", "source_url": "https://ak-static.cms.nba.com/referee/wnba_injury/Injury-Report_2026-08-17_02_30AM.pdf"}
cycle complete: 1 new document(s) processed
{"capture_id": "cap_20260817T065702478627", "outcome": "NOVEL", "snapshot_rows": 4, "transitions": 57, "coverage_rows": 8, "rejects": 0, "entity_resolution_note": "entity_resolution index loaded, 391 identities", "source_url": "https://ak-static.cms.nba.com/referee/wnba_injury/Injury-Report_2026-08-17_02_45AM.pdf"}
cycle complete: 1 new document(s) processed
{"capture_id": "cap_20260817T071203035432", "outcome": "NOVEL", "snapshot_rows": 4, "transitions": 57, "coverage_rows": 8, "rejects": 0, "entity_resolution_note": "entity_resolution index loaded, 391 identities", "source_url": "https://ak-static.cms.nba.com/referee/wnba_injury/Injury-Report_2026-08-17_03_00AM.pdf"}
cycle complete: 1 new document(s) processed
{"capture_id": "cap_20260817T072702464927", "outcome": "NOVEL", "snapshot_rows": 4, "transitions": 57, "coverage_rows": 8, "rejects": 0, "entity_resolution_note": "entity_resolution index loaded, 391 identities", "source_url": "https://ak-static.cms.nba.com/referee/wnba_injury/Injury-Report_2026-08-17_03_15AM.pdf"}
cycle complete: 1 new document(s) processed
{"capture_id": "cap_20260817T074202621669", "outcome": "NOVEL", "snapshot_rows": 4, "transitions": 57, "coverage_rows": 8, "rejects": 0, "entity_resolution_note": "entity_resolution index loaded, 391 identities", "source_url": "https://ak-static.cms.nba.com/referee/wnba_injury/Injury-Report_2026-08-17_03_30AM.pdf"}
cycle complete: 1 new document(s) processed
{"capture_id": "cap_20260817T075702744663", "outcome": "NOVEL", "snapshot_rows": 4, "transitions": 57, "coverage_rows": 8, "rejects": 0, "entity_resolution_note": "entity_resolution index loaded, 391 identities", "source_url": "https://ak-static.cms.nba.com/referee/wnba_injury/Injury-Report_2026-08-17_03_45AM.pdf"}
cycle complete: 1 new document(s) processed
{"capture_id": "cap_20260817T081202633520", "outcome": "NOVEL", "snapshot_rows": 4, "transitions": 57, "coverage_rows": 8, "rejects": 0, "entity_resolution_note": "entity_resolution index loaded, 391 identities", "source_url": "https://ak-static.cms.nba.com/referee/wnba_injury/Injury-Report_2026-08-17_04_00AM.pdf"}
cycle complete: 1 new document(s) processed
{"capture_id": "cap_20260817T082702495495", "outcome": "NOVEL", "snapshot_rows": 4, "transitions": 57, "coverage_rows": 8, "rejects": 0, "entity_resolution_note": "entity_resolution index loaded, 391 identities", "source_url": "https://ak-static.cms.nba.com/referee/wnba_injury/Injury-Report_2026-08-17_04_15AM.pdf"}
cycle complete: 1 new document(s) processed
{"capture_id": "cap_20260817T084202448790", "outcome": "NOVEL", "snapshot_rows": 4, "transitions": 57, "coverage_rows": 8, "rejects": 0, "entity_resolution_note": "entity_resolution index loaded, 391 identities", "source_url": "https://ak-static.cms.nba.com/referee/wnba_injury/Injury-Report_2026-08-17_04_30AM.pdf"}
cycle complete: 1 new document(s) processed
{"capture_id": "cap_20260817T085702602313", "outcome": "NOVEL", "snapshot_rows": 4, "transitions": 57, "coverage_rows": 8, "rejects": 0, "entity_resolution_note": "entity_resolution index loaded, 391 identities", "source_url": "https://ak-static.cms.nba.com/referee/wnba_injury/Injury-Report_2026-08-17_04_45AM.pdf"}
cycle complete: 1 new document(s) processed
{"capture_id": "cap_20260817T091202664702", "outcome": "NOVEL", "snapshot_rows": 4, "transitions": 57, "coverage_rows": 8, "rejects": 0, "entity_resolution_note": "entity_resolution index loaded, 391 identities", "source_url": "https://ak-static.cms.nba.com/referee/wnba_injury/Injury-Report_2026-08-17_05_00AM.pdf"}
cycle complete: 1 new document(s) processed
{"capture_id": "cap_20260817T092702603996", "outcome": "NOVEL", "snapshot_rows": 4, "transitions": 57, "coverage_rows": 8, "rejects": 0, "entity_resolution_note": "entity_resolution index loaded, 391 identities", "source_url": "https://ak-static.cms.nba.com/referee/wnba_injury/Injury-Report_2026-08-17_05_15AM.pdf"}
cycle complete: 1 new document(s) processed
{"capture_id": "cap_20260817T094202518906", "outcome": "NOVEL", "snapshot_rows": 4, "transitions": 57, "coverage_rows": 8, "rejects": 0, "entity_resolution_note": "entity_resolution index loaded, 391 identities", "source_url": "https://ak-static.cms.nba.com/referee/wnba_injury/Injury-Report_2026-08-17_05_30AM.pdf"}
cycle complete: 1 new document(s) processed
{"capture_id": "cap_20260817T095702578228", "outcome": "NOVEL", "snapshot_rows": 4, "transitions": 57, "coverage_rows": 8, "rejects": 0, "entity_resolution_note": "entity_resolution index loaded, 391 identities", "source_url": "https://ak-static.cms.nba.com/referee/wnba_injury/Injury-Report_2026-08-17_05_45AM.pdf"}
cycle complete: 1 new document(s) processed
{"capture_id": "cap_20260817T101202563230", "outcome": "NOVEL", "snapshot_rows": 4, "transitions": 57, "coverage_rows": 8, "rejects": 0, "entity_resolution_note": "entity_resolution index loaded, 391 identities", "source_url": "https://ak-static.cms.nba.com/referee/wnba_injury/Injury-Report_2026-08-17_06_00AM.pdf"}
cycle complete: 1 new document(s) processed
{"capture_id": "cap_20260817T102702563983", "outcome": "NOVEL", "snapshot_rows": 4, "transitions": 57, "coverage_rows": 8, "rejects": 0, "entity_resolution_note": "entity_resolution index loaded, 391 identities", "source_url": "https://ak-static.cms.nba.com/referee/wnba_injury/Injury-Report_2026-08-17_06_15AM.pdf"}
cycle complete: 1 new document(s) processed
{"capture_id": "cap_20260817T104202534975", "outcome": "NOVEL", "snapshot_rows": 4, "transitions": 57, "coverage_rows": 8, "rejects": 0, "entity_resolution_note": "entity_resolution index loaded, 391 identities", "source_url": "https://ak-static.cms.nba.com/referee/wnba_injury/Injury-Report_2026-08-17_06_30AM.pdf"}
cycle complete: 1 new document(s) processed
{"capture_id": "cap_20260817T105702581081", "outcome": "NOVEL", "snapshot_rows": 4, "transitions": 57, "coverage_rows": 8, "rejects": 0, "entity_resolution_note": "entity_resolution index loaded, 391 identities", "source_url": "https://ak-static.cms.nba.com/referee/wnba_injury/Injury-Report_2026-08-17_06_45AM.pdf"}
cycle complete: 1 new document(s) processed
{"capture_id": "cap_20260817T111202854749", "outcome": "NOVEL", "snapshot_rows": 4, "transitions": 57, "coverage_rows": 8, "rejects": 0, "entity_resolution_note": "entity_resolution index loaded, 391 identities", "source_url": "https://ak-static.cms.nba.com/referee/wnba_injury/Injury-Report_2026-08-17_07_00AM.pdf"}
cycle complete: 1 new document(s) processed
{"capture_id": "cap_20260817T112702703119", "outcome": "NOVEL", "snapshot_rows": 4, "transitions": 57, "coverage_rows": 8, "rejects": 0, "entity_resolution_note": "entity_resolution index loaded, 391 identities", "source_url": "https://ak-static.cms.nba.com/referee/wnba_injury/Injury-Report_2026-08-17_07_15AM.pdf"}
cycle complete: 1 new document(s) processed
{"capture_id": "cap_20260817T134203209706", "outcome": "NOVEL", "snapshot_rows": 4, "transitions": 57, "coverage_rows": 8, "rejects": 0, "entity_resolution_note": "entity_resolution index loaded, 391 identities", "source_url": "https://ak-static.cms.nba.com/referee/wnba_injury/Injury-Report_2026-08-17_07_30AM.pdf"}
{"capture_id": "cap_20260817T134221777851", "outcome": "NOVEL", "snapshot_rows": 4, "transitions": 57, "coverage_rows": 8, "rejects": 0, "entity_resolution_note": "entity_resolution index loaded, 391 identities", "source_url": "https://ak-static.cms.nba.com/referee/wnba_injury/Injury-Report_2026-08-17_07_45AM.pdf"}
{"capture_id": "cap_20260817T134232488817", "outcome": "NOVEL", "snapshot_rows": 4, "transitions": 57, "coverage_rows": 8, "rejects": 0, "entity_resolution_note": "entity_resolution index loaded, 391 identities", "source_url": "https://ak-static.cms.nba.com/referee/wnba_injury/Injury-Report_2026-08-17_08_00AM.pdf"}
{"capture_id": "cap_20260817T134243232221", "outcome": "NOVEL", "snapshot_rows": 4, "transitions": 57, "coverage_rows": 8, "rejects": 0, "entity_resolution_note": "entity_resolution index loaded, 391 identities", "source_url": "https://ak-static.cms.nba.com/referee/wnba_injury/Injury-Report_2026-08-17_08_15AM.pdf"}
{"capture_id": "cap_20260817T134253916026", "outcome": "NOVEL", "snapshot_rows": 4, "transitions": 57, "coverage_rows": 8, "rejects": 0, "entity_resolution_note": "entity_resolution index loaded, 391 identities", "source_url": "https://ak-static.cms.nba.com/referee/wnba_injury/Injury-Report_2026-08-17_08_30AM.pdf"}
{"capture_id": "cap_20260817T134305274781", "outcome": "NOVEL", "snapshot_rows": 4, "transitions": 57, "coverage_rows": 8, "rejects": 0, "entity_resolution_note": "entity_resolution index loaded, 391 identities", "source_url": "https://ak-static.cms.nba.com/referee/wnba_injury/Injury-Report_2026-08-17_08_45AM.pdf"}
{"capture_id": "cap_20260817T134316287169", "outcome": "NOVEL", "snapshot_rows": 4, "transitions": 57, "coverage_rows": 8, "rejects": 0, "entity_resolution_note": "entity_resolution index loaded, 391 identities", "source_url": "https://ak-static.cms.nba.com/referee/wnba_injury/Injury-Report_2026-08-17_09_00AM.pdf"}
{"capture_id": "cap_20260817T134327432238", "outcome": "NOVEL", "snapshot_rows": 4, "transitions": 57, "coverage_rows": 8, "rejects": 0, "entity_resolution_note": "entity_resolution index loaded, 391 identities", "source_url": "https://ak-static.cms.nba.com/referee/wnba_injury/Injury-Report_2026-08-17_09_15AM.pdf"}
{"capture_id": "cap_20260817T134338282814", "outcome": "NOVEL", "snapshot_rows": 4, "transitions": 57, "coverage_rows": 8, "rejects": 0, "entity_resolution_note": "entity_resolution index loaded, 391 identities", "source_url": "https://ak-static.cms.nba.com/referee/wnba_injury/Injury-Report_2026-08-17_09_30AM.pdf"}
cycle complete: 9 new document(s) processed
{"capture_id": "cap_20260817T135706621551", "outcome": "NOVEL", "snapshot_rows": 4, "transitions": 57, "coverage_rows": 8, "rejects": 0, "entity_resolution_note": "entity_resolution index loaded, 391 identities", "source_url": "https://ak-static.cms.nba.com/referee/wnba_injury/Injury-Report_2026-08-17_09_45AM.pdf"}
cycle complete: 1 new document(s) processed
{"capture_id": "cap_20260817T141202127237", "outcome": "NOVEL", "snapshot_rows": 4, "transitions": 57, "coverage_rows": 8, "rejects": 0, "entity_resolution_note": "entity_resolution index loaded, 391 identities", "source_url": "https://ak-static.cms.nba.com/referee/wnba_injury/Injury-Report_2026-08-17_10_00AM.pdf"}
cycle complete: 1 new document(s) processed
{"capture_id": "cap_20260817T142702576552", "outcome": "NOVEL", "snapshot_rows": 4, "transitions": 57, "coverage_rows": 8, "rejects": 0, "entity_resolution_note": "entity_resolution index loaded, 391 identities", "source_url": "https://ak-static.cms.nba.com/referee/wnba_injury/Injury-Report_2026-08-17_10_15AM.pdf"}
cycle complete: 1 new document(s) processed
{"capture_id": "cap_20260817T144202304598", "outcome": "NOVEL", "snapshot_rows": 4, "transitions": 57, "coverage_rows": 8, "rejects": 0, "entity_resolution_note": "entity_resolution index loaded, 391 identities", "source_url": "https://ak-static.cms.nba.com/referee/wnba_injury/Injury-Report_2026-08-17_10_30AM.pdf"}
cycle complete: 1 new document(s) processed
{"capture_id": "cap_20260817T145702677983", "outcome": "NOVEL", "snapshot_rows": 4, "transitions": 57, "coverage_rows": 8, "rejects": 0, "entity_resolution_note": "entity_resolution index loaded, 391 identities", "source_url": "https://ak-static.cms.nba.com/referee/wnba_injury/Injury-Report_2026-08-17_10_45AM.pdf"}
cycle complete: 1 new document(s) processed
^C{"capture_id": "cap_20260817T151204746272", "outcome": "NOVEL", "snapshot_rows": 4, "transitions": 57, "coverage_rows": 8, "rejects": 0, "entity_resolution_note": "entity_resolution index loaded, 391 identities", "source_url": "https://ak-static.cms.nba.com/referee/wnba_injury/Injury-Report_2026-08-17_11_00AM.pdf"}
cycle complete: 1 new document(s) processed
{"capture_id": "cap_20260817T152702627611", "outcome": "NOVEL", "snapshot_rows": 4, "transitions": 57, "coverage_rows": 8, "rejects": 0, "entity_resolution_note": "entity_resolution index loaded, 391 identities", "source_url": "https://ak-static.cms.nba.com/referee/wnba_injury/Injury-Report_2026-08-17_11_15AM.pdf"}
cycle complete: 1 new document(s) processed
{"capture_id": "cap_20260817T154203162771", "outcome": "NOVEL", "snapshot_rows": 4, "transitions": 57, "coverage_rows": 8, "rejects": 0, "entity_resolution_note": "entity_resolution index loaded, 391 identities", "source_url": "https://ak-static.cms.nba.com/referee/wnba_injury/Injury-Report_2026-08-17_11_30AM.pdf"}
cycle complete: 1 new document(s) processed
{"capture_id": "cap_20260817T155703174092", "outcome": "NOVEL", "snapshot_rows": 4, "transitions": 57, "coverage_rows": 8, "rejects": 0, "entity_resolution_note": "entity_resolution index loaded, 391 identities", "source_url": "https://ak-static.cms.nba.com/referee/wnba_injury/Injury-Report_2026-08-17_11_45AM.pdf"}
cycle complete: 1 new document(s) processed
{"capture_id": "cap_20260817T161203443105", "outcome": "NOVEL", "snapshot_rows": 4, "transitions": 57, "coverage_rows": 8, "rejects": 0, "entity_resolution_note": "entity_resolution index loaded, 391 identities", "source_url": "https://ak-static.cms.nba.com/referee/wnba_injury/Injury-Report_2026-08-17_12_00PM.pdf"}
cycle complete: 1 new document(s) processed
{"capture_id": "cap_20260817T162702995266", "outcome": "NOVEL", "snapshot_rows": 4, "transitions": 57, "coverage_rows": 8, "rejects": 0, "entity_resolution_note": "entity_resolution index loaded, 391 identities", "source_url": "https://ak-static.cms.nba.com/referee/wnba_injury/Injury-Report_2026-08-17_12_15PM.pdf"}
cycle complete: 1 new document(s) processed
{"capture_id": "cap_20260817T164202206637", "outcome": "NOVEL", "snapshot_rows": 4, "transitions": 57, "coverage_rows": 8, "rejects": 0, "entity_resolution_note": "entity_resolution index loaded, 391 identities", "source_url": "https://ak-static.cms.nba.com/referee/wnba_injury/Injury-Report_2026-08-17_12_30PM.pdf"}
cycle complete: 1 new document(s) processed
{"capture_id": "cap_20260817T165702188512", "outcome": "NOVEL", "snapshot_rows": 4, "transitions": 57, "coverage_rows": 8, "rejects": 0, "entity_resolution_note": "entity_resolution index loaded, 391 identities", "source_url": "https://ak-static.cms.nba.com/referee/wnba_injury/Injury-Report_2026-08-17_12_45PM.pdf"}
cycle complete: 1 new document(s) processed
{"capture_id": "cap_20260817T171202237208", "outcome": "NOVEL", "snapshot_rows": 4, "transitions": 57, "coverage_rows": 8, "rejects": 0, "entity_resolution_note": "entity_resolution index loaded, 391 identities", "source_url": "https://ak-static.cms.nba.com/referee/wnba_injury/Injury-Report_2026-08-17_01_00PM.pdf"}
cycle complete: 1 new document(s) processed
{"capture_id": "cap_20260817T172702654943", "outcome": "NOVEL", "snapshot_rows": 4, "transitions": 57, "coverage_rows": 8, "rejects": 0, "entity_resolution_note": "entity_resolution index loaded, 391 identities", "source_url": "https://ak-static.cms.nba.com/referee/wnba_injury/Injury-Report_2026-08-17_01_15PM.pdf"}
cycle complete: 1 new document(s) processed
{"capture_id": "cap_20260817T174202768273", "outcome": "NOVEL", "snapshot_rows": 4, "transitions": 57, "coverage_rows": 8, "rejects": 0, "entity_resolution_note": "entity_resolution index loaded, 391 identities", "source_url": "https://ak-static.cms.nba.com/referee/wnba_injury/Injury-Report_2026-08-17_01_30PM.pdf"}
cycle complete: 1 new document(s) processed
{"capture_id": "cap_20260817T175706672349", "outcome": "NOVEL", "snapshot_rows": 4, "transitions": 57, "coverage_rows": 8, "rejects": 0, "entity_resolution_note": "entity_resolution index loaded, 391 identities", "source_url": "https://ak-static.cms.nba.com/referee/wnba_injury/Injury-Report_2026-08-17_01_45PM.pdf"}
cycle complete: 1 new document(s) processed
{"capture_id": "cap_20260817T181214490730", "outcome": "NOVEL", "snapshot_rows": 4, "transitions": 57, "coverage_rows": 8, "rejects": 0, "entity_resolution_note": "entity_resolution index loaded, 391 identities", "source_url": "https://ak-static.cms.nba.com/referee/wnba_injury/Injury-Report_2026-08-17_02_00PM.pdf"}
cycle complete: 1 new document(s) processed
{"capture_id": "cap_20260817T184203046956", "outcome": "NOVEL", "snapshot_rows": 4, "transitions": 57, "coverage_rows": 8, "rejects": 0, "entity_resolution_note": "entity_resolution index loaded, 391 identities", "source_url": "https://ak-static.cms.nba.com/referee/wnba_injury/Injury-Report_2026-08-17_02_15PM.pdf"}
{"capture_id": "cap_20260817T184222079411", "outcome": "NOVEL", "snapshot_rows": 4, "transitions": 57, "coverage_rows": 8, "rejects": 0, "entity_resolution_note": "entity_resolution index loaded, 391 identities", "source_url": "https://ak-static.cms.nba.com/referee/wnba_injury/Injury-Report_2026-08-17_02_30PM.pdf"}
cycle complete: 2 new document(s) processed
{"capture_id": "cap_20260817T185702552141", "outcome": "NOVEL", "snapshot_rows": 4, "transitions": 57, "coverage_rows": 8, "rejects": 0, "entity_resolution_note": "entity_resolution index loaded, 391 identities", "source_url": "https://ak-static.cms.nba.com/referee/wnba_injury/Injury-Report_2026-08-17_02_45PM.pdf"}
cycle complete: 1 new document(s) processed
{"capture_id": "cap_20260817T191203948602", "outcome": "NOVEL", "snapshot_rows": 4, "transitions": 57, "coverage_rows": 8, "rejects": 0, "entity_resolution_note": "entity_resolution index loaded, 391 identities", "source_url": "https://ak-static.cms.nba.com/referee/wnba_injury/Injury-Report_2026-08-17_03_00PM.pdf"}
cycle complete: 1 new document(s) processed
^C{"capture_id": "cap_20260817T194202151856", "outcome": "NOVEL", "snapshot_rows": 4, "transitions": 57, "coverage_rows": 8, "rejects": 0, "entity_resolution_note": "entity_resolution index loaded, 391 identities", "source_url": "https://ak-static.cms.nba.com/referee/wnba_injury/Injury-Report_2026-08-17_03_15PM.pdf"}
{"capture_id": "cap_20260817T194216813959", "outcome": "NOVEL", "snapshot_rows": 4, "transitions": 57, "coverage_rows": 8, "rejects": 0, "entity_resolution_note": "entity_resolution index loaded, 391 identities", "source_url": "https://ak-static.cms.nba.com/referee/wnba_injury/Injury-Report_2026-08-17_03_30PM.pdf"}
cycle complete: 2 new document(s) processed
{"capture_id": "cap_20260817T195703586693", "outcome": "NOVEL", "snapshot_rows": 4, "transitions": 57, "coverage_rows": 8, "rejects": 0, "entity_resolution_note": "entity_resolution index loaded, 391 identities", "source_url": "https://ak-static.cms.nba.com/referee/wnba_injury/Injury-Report_2026-08-17_03_45PM.pdf"}
cycle complete: 1 new document(s) processed
{"capture_id": "cap_20260817T201202292470", "outcome": "NOVEL", "snapshot_rows": 4, "transitions": 57, "coverage_rows": 8, "rejects": 0, "entity_resolution_note": "entity_resolution index loaded, 391 identities", "source_url": "https://ak-static.cms.nba.com/referee/wnba_injury/Injury-Report_2026-08-17_04_00PM.pdf"}
cycle complete: 1 new document(s) processed
{"capture_id": "cap_20260817T202702375085", "outcome": "NOVEL", "snapshot_rows": 4, "transitions": 57, "coverage_rows": 8, "rejects": 0, "entity_resolution_note": "entity_resolution index loaded, 391 identities", "source_url": "https://ak-static.cms.nba.com/referee/wnba_injury/Injury-Report_2026-08-17_04_15PM.pdf"}
cycle complete: 1 new document(s) processed
{"capture_id": "cap_20260817T204202582577", "outcome": "NOVEL", "snapshot_rows": 4, "transitions": 57, "coverage_rows": 8, "rejects": 0, "entity_resolution_note": "entity_resolution index loaded, 391 identities", "source_url": "https://ak-static.cms.nba.com/referee/wnba_injury/Injury-Report_2026-08-17_04_30PM.pdf"}
cycle complete: 1 new document(s) processed
{"capture_id": "cap_20260817T211202088573", "outcome": "NOVEL", "snapshot_rows": 6, "transitions": 57, "coverage_rows": 7, "rejects": 0, "entity_resolution_note": "entity_resolution index loaded, 391 identities", "source_url": "https://ak-static.cms.nba.com/referee/wnba_injury/Injury-Report_2026-08-17_04_45PM.pdf"}
{"capture_id": "cap_20260817T211216471722", "outcome": "NOVEL", "snapshot_rows": 15, "transitions": 59, "coverage_rows": 4, "rejects": 0, "entity_resolution_note": "entity_resolution index loaded, 391 identities", "source_url": "https://ak-static.cms.nba.com/referee/wnba_injury/Injury-Report_2026-08-17_05_00PM.pdf"}
cycle complete: 2 new document(s) processed
{"capture_id": "cap_20260817T212702329465", "outcome": "NOVEL", "snapshot_rows": 15, "transitions": 50, "coverage_rows": 4, "rejects": 0, "entity_resolution_note": "entity_resolution index loaded, 391 identities", "source_url": "https://ak-static.cms.nba.com/referee/wnba_injury/Injury-Report_2026-08-17_05_15PM.pdf"}
cycle complete: 1 new document(s) processed
{"capture_id": "cap_20260817T214202166506", "outcome": "NOVEL", "snapshot_rows": 15, "transitions": 50, "coverage_rows": 4, "rejects": 0, "entity_resolution_note": "entity_resolution index loaded, 391 identities", "source_url": "https://ak-static.cms.nba.com/referee/wnba_injury/Injury-Report_2026-08-17_05_30PM.pdf"}
cycle complete: 1 new document(s) processed
{"capture_id": "cap_20260817T215702233704", "outcome": "NOVEL", "snapshot_rows": 15, "transitions": 50, "coverage_rows": 4, "rejects": 0, "entity_resolution_note": "entity_resolution index loaded, 391 identities", "source_url": "https://ak-static.cms.nba.com/referee/wnba_injury/Injury-Report_2026-08-17_05_45PM.pdf"}
cycle complete: 1 new document(s) processed
{"capture_id": "cap_20260817T221202335180", "outcome": "NOVEL", "snapshot_rows": 20, "transitions": 47, "coverage_rows": 2, "rejects": 0, "entity_resolution_note": "entity_resolution index loaded, 391 identities", "source_url": "https://ak-static.cms.nba.com/referee/wnba_injury/Injury-Report_2026-08-17_06_00PM.pdf"}
cycle complete: 1 new document(s) processed
{"capture_id": "cap_20260817T222702250445", "outcome": "NOVEL", "snapshot_rows": 20, "transitions": 45, "coverage_rows": 2, "rejects": 0, "entity_resolution_note": "entity_resolution index loaded, 391 identities", "source_url": "https://ak-static.cms.nba.com/referee/wnba_injury/Injury-Report_2026-08-17_06_15PM.pdf"}
cycle complete: 1 new document(s) processed
{"capture_id": "cap_20260817T224202205871", "outcome": "NOVEL", "snapshot_rows": 20, "transitions": 45, "coverage_rows": 2, "rejects": 0, "entity_resolution_note": "entity_resolution index loaded, 391 identities", "source_url": "https://ak-static.cms.nba.com/referee/wnba_injury/Injury-Report_2026-08-17_06_30PM.pdf"}
cycle complete: 1 new document(s) processed
{"capture_id": "cap_20260817T225702227170", "outcome": "NOVEL", "snapshot_rows": 20, "transitions": 45, "coverage_rows": 2, "rejects": 0, "entity_resolution_note": "entity_resolution index loaded, 391 identities", "source_url": "https://ak-static.cms.nba.com/referee/wnba_injury/Injury-Report_2026-08-17_06_45PM.pdf"}
cycle complete: 1 new document(s) processed
{"capture_id": "cap_20260817T231202151524", "outcome": "NOVEL", "snapshot_rows": 20, "transitions": 45, "coverage_rows": 2, "rejects": 0, "entity_resolution_note": "entity_resolution index loaded, 391 identities", "source_url": "https://ak-static.cms.nba.com/referee/wnba_injury/Injury-Report_2026-08-17_07_00PM.pdf"}
cycle complete: 1 new document(s) processed
{"capture_id": "cap_20260817T232702251858", "outcome": "NOVEL", "snapshot_rows": 20, "transitions": 45, "coverage_rows": 2, "rejects": 0, "entity_resolution_note": "entity_resolution index loaded, 391 identities", "source_url": "https://ak-static.cms.nba.com/referee/wnba_injury/Injury-Report_2026-08-17_07_15PM.pdf"}
cycle complete: 1 new document(s) processed
{"capture_id": "cap_20260817T234202201771", "outcome": "NOVEL", "snapshot_rows": 20, "transitions": 45, "coverage_rows": 2, "rejects": 0, "entity_resolution_note": "entity_resolution index loaded, 391 identities", "source_url": "https://ak-static.cms.nba.com/referee/wnba_injury/Injury-Report_2026-08-17_07_30PM.pdf"}
cycle complete: 1 new document(s) processed
{"capture_id": "cap_20260817T235702325902", "outcome": "NOVEL", "snapshot_rows": 20, "transitions": 45, "coverage_rows": 2, "rejects": 0, "entity_resolution_note": "entity_resolution index loaded, 391 identities", "source_url": "https://ak-static.cms.nba.com/referee/wnba_injury/Injury-Report_2026-08-17_07_45PM.pdf"}
cycle complete: 1 new document(s) processed
{"capture_id": "cap_20260818T001202170302", "outcome": "NOVEL", "snapshot_rows": 24, "transitions": 43, "coverage_rows": 0, "rejects": 0, "entity_resolution_note": "entity_resolution index loaded, 391 identities", "source_url": "https://ak-static.cms.nba.com/referee/wnba_injury/Injury-Report_2026-08-17_08_00PM.pdf"}
cycle complete: 1 new document(s) processed
{"capture_id": "cap_20260818T002702258559", "outcome": "NOVEL", "snapshot_rows": 24, "transitions": 41, "coverage_rows": 0, "rejects": 0, "entity_resolution_note": "entity_resolution index loaded, 391 identities", "source_url": "https://ak-static.cms.nba.com/referee/wnba_injury/Injury-Report_2026-08-17_08_15PM.pdf"}
cycle complete: 1 new document(s) processed
{"capture_id": "cap_20260818T004202187626", "outcome": "NOVEL", "snapshot_rows": 24, "transitions": 41, "coverage_rows": 0, "rejects": 0, "entity_resolution_note": "entity_resolution index loaded, 391 identities", "source_url": "https://ak-static.cms.nba.com/referee/wnba_injury/Injury-Report_2026-08-17_08_30PM.pdf"}
cycle complete: 1 new document(s) processed
{"capture_id": "cap_20260818T005702212586", "outcome": "NOVEL", "snapshot_rows": 25, "transitions": 43, "coverage_rows": 0, "rejects": 0, "entity_resolution_note": "entity_resolution index loaded, 391 identities", "source_url": "https://ak-static.cms.nba.com/referee/wnba_injury/Injury-Report_2026-08-17_08_45PM.pdf"}
cycle complete: 1 new document(s) processed
{"capture_id": "cap_20260818T011202145447", "outcome": "NOVEL", "snapshot_rows": 25, "transitions": 41, "coverage_rows": 0, "rejects": 0, "entity_resolution_note": "entity_resolution index loaded, 391 identities", "source_url": "https://ak-static.cms.nba.com/referee/wnba_injury/Injury-Report_2026-08-17_09_00PM.pdf"}
cycle complete: 1 new document(s) processed
{"capture_id": "cap_20260818T012702275308", "outcome": "NOVEL", "snapshot_rows": 25, "transitions": 41, "coverage_rows": 0, "rejects": 0, "entity_resolution_note": "entity_resolution index loaded, 391 identities", "source_url": "https://ak-static.cms.nba.com/referee/wnba_injury/Injury-Report_2026-08-17_09_15PM.pdf"}
cycle complete: 1 new document(s) processed
{"capture_id": "cap_20260818T014202113565", "outcome": "NOVEL", "snapshot_rows": 27, "transitions": 40, "coverage_rows": 0, "rejects": 0, "entity_resolution_note": "entity_resolution index loaded, 391 identities", "source_url": "https://ak-static.cms.nba.com/referee/wnba_injury/Injury-Report_2026-08-17_09_30PM.pdf"}
cycle complete: 1 new document(s) processed
{"capture_id": "cap_20260818T015702223343", "outcome": "NOVEL", "snapshot_rows": 27, "transitions": 39, "coverage_rows": 0, "rejects": 0, "entity_resolution_note": "entity_resolution index loaded, 391 identities", "source_url": "https://ak-static.cms.nba.com/referee/wnba_injury/Injury-Report_2026-08-17_09_45PM.pdf"}
cycle complete: 1 new document(s) processed
{"capture_id": "cap_20260818T021202096396", "outcome": "NOVEL", "snapshot_rows": 27, "transitions": 39, "coverage_rows": 0, "rejects": 0, "entity_resolution_note": "entity_resolution index loaded, 391 identities", "source_url": "https://ak-static.cms.nba.com/referee/wnba_injury/Injury-Report_2026-08-17_10_00PM.pdf"}
cycle complete: 1 new document(s) processed
{"capture_id": "cap_20260818T022702143813", "outcome": "NOVEL", "snapshot_rows": 27, "transitions": 39, "coverage_rows": 0, "rejects": 0, "entity_resolution_note": "entity_resolution index loaded, 391 identities", "source_url": "https://ak-static.cms.nba.com/referee/wnba_injury/Injury-Report_2026-08-17_10_15PM.pdf"}
cycle complete: 1 new document(s) processed
{"capture_id": "cap_20260818T024202121270", "outcome": "NOVEL", "snapshot_rows": 27, "transitions": 39, "coverage_rows": 0, "rejects": 0, "entity_resolution_note": "entity_resolution index loaded, 391 identities", "source_url": "https://ak-static.cms.nba.com/referee/wnba_injury/Injury-Report_2026-08-17_10_30PM.pdf"}
cycle complete: 1 new document(s) processed
{"capture_id": "cap_20260818T025702182098", "outcome": "NOVEL", "snapshot_rows": 27, "transitions": 39, "coverage_rows": 0, "rejects": 0, "entity_resolution_note": "entity_resolution index loaded, 391 identities", "source_url": "https://ak-static.cms.nba.com/referee/wnba_injury/Injury-Report_2026-08-17_10_45PM.pdf"}
cycle complete: 1 new document(s) processed
{"capture_id": "cap_20260818T031202260408", "outcome": "NOVEL", "snapshot_rows": 27, "transitions": 39, "coverage_rows": 0, "rejects": 0, "entity_resolution_note": "entity_resolution index loaded, 391 identities", "source_url": "https://ak-static.cms.nba.com/referee/wnba_injury/Injury-Report_2026-08-17_11_00PM.pdf"}
cycle complete: 1 new document(s) processed
{"capture_id": "cap_20260818T032702178492", "outcome": "NOVEL", "snapshot_rows": 27, "transitions": 39, "coverage_rows": 0, "rejects": 0, "entity_resolution_note": "entity_resolution index loaded, 391 identities", "source_url": "https://ak-static.cms.nba.com/referee/wnba_injury/Injury-Report_2026-08-17_11_15PM.pdf"}
cycle complete: 1 new document(s) processed
{"capture_id": "cap_20260818T034202101363", "outcome": "NOVEL", "snapshot_rows": 27, "transitions": 39, "coverage_rows": 0, "rejects": 0, "entity_resolution_note": "entity_resolution index loaded, 391 identities", "source_url": "https://ak-static.cms.nba.com/referee/wnba_injury/Injury-Report_2026-08-17_11_30PM.pdf"}
cycle complete: 1 new document(s) processed
{"capture_id": "cap_20260818T035702166906", "outcome": "NOVEL", "snapshot_rows": 27, "transitions": 39, "coverage_rows": 0, "rejects": 0, "entity_resolution_note": "entity_resolution index loaded, 391 identities", "source_url": "https://ak-static.cms.nba.com/referee/wnba_injury/Injury-Report_2026-08-17_11_45PM.pdf"}
cycle complete: 1 new document(s) processed
